#
# There is insufficient memory for the Java Runtime Environment to continue.
# Native memory allocation (mmap) failed to map 16777216 bytes for G1 virtual space
# Possible reasons:
#   The system is out of physical RAM or swap space
#   The process is running with CompressedOops enabled, and the Java Heap may be blocking the growth of the native heap
# Possible solutions:
#   Reduce memory load on the system
#   Increase physical memory or swap space
#   Check if swap backing store is full
#   Decrease Java heap size (-Xmx/-Xms)
#   Decrease number of Java threads
#   Decrease Java thread stack sizes (-Xss)
#   Set larger code cache with -XX:ReservedCodeCacheSize=
#   JVM is running with Unscaled Compressed Oops mode in which the Java heap is
#     placed in the first 4GB address space. The Java Heap base address is the
#     maximum limit for the native heap growth. Please use -XX:HeapBaseMinAddress
#     to set the Java Heap base and to place the Java Heap above 4GB virtual address.
# This output file may be truncated or incomplete.
#
#  Out of Memory Error (os_windows.cpp:3559), pid=12756, tid=388
#
# JRE version: OpenJDK Runtime Environment Temurin-17.0.7+7 (17.0.7+7) (build 17.0.7+7)
# Java VM: OpenJDK 64-Bit Server VM Temurin-17.0.7+7 (17.0.7+7, mixed mode, emulated-client, tiered, compressed oops, compressed class ptrs, g1 gc, windows-amd64)
# No core dump will be written. Minidumps are not enabled by default on client versions of Windows
#

---------------  S U M M A R Y ------------

Command Line: -Dcom.sun.management.jmxremote -Dcom.sun.management.jmxremote.port=58863 -Dcom.sun.management.jmxremote.authenticate=false -Dcom.sun.management.jmxremote.ssl=false -Djava.rmi.server.hostname=localhost -Dspring.jmx.enabled=true -Dmanagement.endpoints.jmx.exposure.include=* -Dspring.application.admin.enabled=true -XX:TieredStopAtLevel=1 -Dspring.boot.project.name=ProfileMs -Dfile.encoding=UTF-8 -XX:+ShowCodeDetailsInExceptionMessages com.hms.profile.ProfileMsApplication --spring.output.ansi.enabled=always

Host: Intel(R) Core(TM) i3-6006U CPU @ 2.00GHz, 4 cores, 3G,  Windows 10 , 64 bit Build 19041 (10.0.19041.7663)
Time: Tue Sep  1 02:40:57 2026 Pacific Daylight Time elapsed time: 15.333760 seconds (0d 0h 0m 15s)

---------------  T H R E A D  ---------------

Current thread (0x00000272c6942090):  VMThread "VM Thread" [stack: 0x0000009e40b00000,0x0000009e40c00000] [id=388]

Stack: [0x0000009e40b00000,0x0000009e40c00000]
Native frames: (J=compiled Java code, j=interpreted, Vv=VM code, C=native code)
V  [jvm.dll+0x67754a]
V  [jvm.dll+0x834304]
V  [jvm.dll+0x835aae]
V  [jvm.dll+0x836113]
V  [jvm.dll+0x24696f]
V  [jvm.dll+0x6743f9]
V  [jvm.dll+0x668c8a]
V  [jvm.dll+0x3061bb]
V  [jvm.dll+0x30d6a6]
V  [jvm.dll+0x35cece]
V  [jvm.dll+0x35d0ff]
V  [jvm.dll+0x2dd048]
V  [jvm.dll+0x2e00d6]
V  [jvm.dll+0x2ea7a8]
V  [jvm.dll+0x31e8f0]
V  [jvm.dll+0x83a5bb]
V  [jvm.dll+0x83b2f4]
V  [jvm.dll+0x83b80c]
V  [jvm.dll+0x83bbe4]
V  [jvm.dll+0x83bcb0]
V  [jvm.dll+0x7e4e7a]
V  [jvm.dll+0x676395]
C  [ucrtbase.dll+0x21bb2]
C  [KERNEL32.DLL+0x17374]
C  [ntdll.dll+0x4cc91]

VM_Operation (0x0000009e407ff830): G1Concurrent, mode: safepoint, requested by thread 0x00000272bbac2150


---------------  P R O C E S S  ---------------

Threads class SMR info:
_java_thread_list=0x00000272cd97d510, length=28, elements={
0x00000272bba7a3d0, 0x00000272c6965010, 0x00000272c691f0c0, 0x00000272c6951ee0,
0x00000272c69533c0, 0x00000272c6aba080, 0x00000272c6aba550, 0x00000272c6abea30,
0x00000272c6ac2c60, 0x00000272c6bd2fc0, 0x00000272c68cca00, 0x00000272c6c48fe0,
0x00000272cb500a80, 0x00000272cb5024b0, 0x00000272cb5f8c50, 0x00000272bba7b030,
0x00000272cb6091b0, 0x00000272cb60f6a0, 0x00000272cb663ad0, 0x00000272cbe6ed40,
0x00000272cbe6ded0, 0x00000272cbe6e870, 0x00000272cbe6d060, 0x00000272cbe6f210,
0x00000272cbe6d530, 0x00000272cbe70080, 0x00000272cbe70550, 0x00000272cc720e70
}

Java Threads: ( => current thread )
  0x00000272bba7a3d0 JavaThread "main" [_thread_blocked, id=13060, stack(0x0000009e40500000,0x0000009e40600000)]
  0x00000272c6965010 JavaThread "Reference Handler" daemon [_thread_blocked, id=4288, stack(0x0000009e40c00000,0x0000009e40d00000)]
  0x00000272c691f0c0 JavaThread "Finalizer" daemon [_thread_blocked, id=6656, stack(0x0000009e40d00000,0x0000009e40e00000)]
  0x00000272c6951ee0 JavaThread "Signal Dispatcher" daemon [_thread_blocked, id=13736, stack(0x0000009e40e00000,0x0000009e40f00000)]
  0x00000272c69533c0 JavaThread "Attach Listener" daemon [_thread_blocked, id=9696, stack(0x0000009e40f00000,0x0000009e41000000)]
  0x00000272c6aba080 JavaThread "Service Thread" daemon [_thread_blocked, id=14212, stack(0x0000009e41000000,0x0000009e41100000)]
  0x00000272c6aba550 JavaThread "Monitor Deflation Thread" daemon [_thread_blocked, id=1672, stack(0x0000009e41100000,0x0000009e41200000)]
  0x00000272c6abea30 JavaThread "C1 CompilerThread0" daemon [_thread_blocked, id=10828, stack(0x0000009e41200000,0x0000009e41300000)]
  0x00000272c6ac2c60 JavaThread "Sweeper thread" daemon [_thread_blocked, id=10832, stack(0x0000009e41300000,0x0000009e41400000)]
  0x00000272c6bd2fc0 JavaThread "Common-Cleaner" daemon [_thread_blocked, id=8368, stack(0x0000009e41400000,0x0000009e41500000)]
  0x00000272c68cca00 JavaThread "C1 CompilerThread1" daemon [_thread_blocked, id=13984, stack(0x0000009e41500000,0x0000009e41600000)]
  0x00000272c6c48fe0 JavaThread "Notification Thread" daemon [_thread_blocked, id=14252, stack(0x0000009e41600000,0x0000009e41700000)]
  0x00000272cb500a80 JavaThread "RMI TCP Accept-0" daemon [_thread_in_native, id=6988, stack(0x0000009e41700000,0x0000009e41800000)]
  0x00000272cb5024b0 JavaThread "RMI TCP Accept-58863" daemon [_thread_in_native, id=3988, stack(0x0000009e41800000,0x0000009e41900000)]
  0x00000272cb5f8c50 JavaThread "RMI TCP Accept-0" daemon [_thread_in_native, id=14048, stack(0x0000009e41d00000,0x0000009e41e00000)]
  0x00000272bba7b030 JavaThread "RMI TCP Connection(1)-127.0.0.1" daemon [_thread_in_native, id=3136, stack(0x0000009e41f00000,0x0000009e42000000)]
  0x00000272cb6091b0 JavaThread "RMI Scheduler(0)" daemon [_thread_blocked, id=13552, stack(0x0000009e42000000,0x0000009e42100000)]
  0x00000272cb60f6a0 JavaThread "RMI TCP Connection(2)-127.0.0.1" daemon [_thread_blocked, id=4080, stack(0x0000009e42100000,0x0000009e42200000)]
  0x00000272cb663ad0 JavaThread "JMX server connection timeout 21" daemon [_thread_blocked, id=9916, stack(0x0000009e42200000,0x0000009e42300000)]
  0x00000272cbe6ed40 JavaThread "Thread-0" [_thread_blocked, id=10528, stack(0x0000009e42300000,0x0000009e42400000)]
  0x00000272cbe6ded0 JavaThread "restartedMain" [_thread_blocked, id=3868, stack(0x0000009e42400000,0x0000009e42500000)]
  0x00000272cbe6e870 JavaThread "Catalina-utility-1" [_thread_blocked, id=7548, stack(0x0000009e42500000,0x0000009e42600000)]
  0x00000272cbe6d060 JavaThread "Catalina-utility-2" [_thread_blocked, id=11624, stack(0x0000009e42600000,0x0000009e42700000)]
  0x00000272cbe6f210 JavaThread "container-0" [_thread_blocked, id=5780, stack(0x0000009e42700000,0x0000009e42800000)]
  0x00000272cbe6d530 JavaThread "mysql-cj-abandoned-connection-cleanup" daemon [_thread_blocked, id=3624, stack(0x0000009e42800000,0x0000009e42900000)]
  0x00000272cbe70080 JavaThread "HikariPool-1 housekeeper" daemon [_thread_blocked, id=13676, stack(0x0000009e42a00000,0x0000009e42b00000)]
  0x00000272cbe70550 JavaThread "HikariPool-1 connection adder" daemon [_thread_blocked, id=13580, stack(0x0000009e42b00000,0x0000009e42c00000)]
  0x00000272cc720e70 JavaThread "C1 CompilerThread2" daemon [_thread_blocked, id=12208, stack(0x0000009e42c00000,0x0000009e42d00000)]

Other Threads:
=>0x00000272c6942090 VMThread "VM Thread" [stack: 0x0000009e40b00000,0x0000009e40c00000] [id=388]
  0x00000272cb457650 WatcherThread [stack: 0x0000009e41e00000,0x0000009e41f00000] [id=8448]
  0x00000272bbab8e20 GCTaskThread "GC Thread#0" [stack: 0x0000009e40600000,0x0000009e40700000] [id=13732]
  0x00000272cb5049b0 GCTaskThread "GC Thread#1" [stack: 0x0000009e41900000,0x0000009e41a00000] [id=7192]
  0x00000272cb5be190 GCTaskThread "GC Thread#2" [stack: 0x0000009e41a00000,0x0000009e41b00000] [id=2472]
  0x00000272cb5be440 GCTaskThread "GC Thread#3" [stack: 0x0000009e41b00000,0x0000009e41c00000] [id=12396]
  0x00000272bbac2150 ConcurrentGCThread "G1 Main Marker" [stack: 0x0000009e40700000,0x0000009e40800000] [id=12016]
  0x00000272bbac2a70 ConcurrentGCThread "G1 Conc#0" [stack: 0x0000009e40800000,0x0000009e40900000] [id=12400]
  0x00000272bbb10220 ConcurrentGCThread "G1 Refine#0" [stack: 0x0000009e40900000,0x0000009e40a00000] [id=2680]
  0x00000272cb5be6f0 ConcurrentGCThread "G1 Refine#1" [stack: 0x0000009e41c00000,0x0000009e41d00000] [id=8252]
  0x00000272bbb12770 ConcurrentGCThread "G1 Service" [stack: 0x0000009e40a00000,0x0000009e40b00000] [id=12500]

Threads with active compile tasks:

VM state: at safepoint (normal execution)

VM Mutex/Monitor currently owned by a thread:  ([mutex/lock_event])
[0x00000272bba62c90] Threads_lock - owner thread: 0x00000272c6942090
[0x00000272bba625d0] Heap_lock - owner thread: 0x00000272bbac2150

Heap address: 0x00000000c1600000, size: 1002 MB, Compressed Oops mode: 32-bit

CDS archive(s) not mapped
Compressed class space mapped at: 0x0000000100000000-0x0000000140000000, reserved size: 1073741824
Narrow klass base: 0x0000000000000000, Narrow klass shift: 3, Narrow klass range: 0x140000000

GC Precious Log:
 CPUs: 4 total, 4 available
 Memory: 4002M
 Large Page Support: Disabled
 NUMA Support: Disabled
 Compressed Oops: Enabled (32-bit)
 Heap Region Size: 1M
 Heap Min Capacity: 8M
 Heap Initial Capacity: 64M
 Heap Max Capacity: 1002M
 Pre-touch: Disabled
 Parallel Workers: 4
 Concurrent Workers: 1
 Concurrent Refinement Workers: 4
 Periodic GC: Disabled

Heap:
 garbage-first heap   total 86016K, used 58503K [0x00000000c1600000, 0x0000000100000000)
  region size 1024K, 22 young (22528K), 4 survivors (4096K)
 Metaspace       used 75647K, committed 76224K, reserved 1114112K
  class space    used 10733K, committed 11008K, reserved 1048576K

Heap Regions: E=young(eden), S=young(survivor), O=old, HS=humongous(starts), HC=humongous(continues), CS=collection set, F=free, OA=open archive, CA=closed archive, TAMS=top-at-mark-start (previous, next)
|   0|0x00000000c1600000, 0x00000000c1700000, 0x00000000c1700000|100%|HS|  |TAMS 0x00000000c1700000, 0x00000000c1600000| Complete 
|   1|0x00000000c1700000, 0x00000000c1800000, 0x00000000c1800000|100%|HS|  |TAMS 0x00000000c1800000, 0x00000000c1700000| Complete 
|   2|0x00000000c1800000, 0x00000000c1900000, 0x00000000c1900000|100%|HS|  |TAMS 0x00000000c1900000, 0x00000000c1800000| Complete 
|   3|0x00000000c1900000, 0x00000000c1a00000, 0x00000000c1a00000|100%| O|  |TAMS 0x00000000c1a00000, 0x00000000c1900000| Untracked 
|   4|0x00000000c1a00000, 0x00000000c1b00000, 0x00000000c1b00000|100%| O|  |TAMS 0x00000000c1b00000, 0x00000000c1a00000| Untracked 
|   5|0x00000000c1b00000, 0x00000000c1c00000, 0x00000000c1c00000|100%| O|  |TAMS 0x00000000c1c00000, 0x00000000c1b00000| Untracked 
|   6|0x00000000c1c00000, 0x00000000c1d00000, 0x00000000c1d00000|100%| O|  |TAMS 0x00000000c1d00000, 0x00000000c1c00000| Untracked 
|   7|0x00000000c1d00000, 0x00000000c1e00000, 0x00000000c1e00000|100%| O|  |TAMS 0x00000000c1e00000, 0x00000000c1d00000| Untracked 
|   8|0x00000000c1e00000, 0x00000000c1f00000, 0x00000000c1f00000|100%| O|  |TAMS 0x00000000c1f00000, 0x00000000c1e00000| Untracked 
|   9|0x00000000c1f00000, 0x00000000c2000000, 0x00000000c2000000|100%| O|  |TAMS 0x00000000c2000000, 0x00000000c1f00000| Updating 
|  10|0x00000000c2000000, 0x00000000c2100000, 0x00000000c2100000|100%| O|  |TAMS 0x00000000c2100000, 0x00000000c2000000| Untracked 
|  11|0x00000000c2100000, 0x00000000c2200000, 0x00000000c2200000|100%| O|  |TAMS 0x00000000c2200000, 0x00000000c2100000| Untracked 
|  12|0x00000000c2200000, 0x00000000c2240800, 0x00000000c2300000| 25%| O|  |TAMS 0x00000000c2240800, 0x00000000c2200000| Updating 
|  13|0x00000000c2300000, 0x00000000c2400000, 0x00000000c2400000|100%| O|  |TAMS 0x00000000c2400000, 0x00000000c2300000| Untracked 
|  14|0x00000000c2400000, 0x00000000c2500000, 0x00000000c2500000|100%| O|  |TAMS 0x00000000c2500000, 0x00000000c2400000| Untracked 
|  15|0x00000000c2500000, 0x00000000c2600000, 0x00000000c2600000|100%| O|  |TAMS 0x00000000c2600000, 0x00000000c2500000| Untracked 
|  16|0x00000000c2600000, 0x00000000c2700000, 0x00000000c2700000|100%| O|  |TAMS 0x00000000c2700000, 0x00000000c2600000| Untracked 
|  17|0x00000000c2700000, 0x00000000c2800000, 0x00000000c2800000|100%| O|  |TAMS 0x00000000c2800000, 0x00000000c2700000| Untracked 
|  18|0x00000000c2800000, 0x00000000c2900000, 0x00000000c2900000|100%| O|  |TAMS 0x00000000c2900000, 0x00000000c2800000| Untracked 
|  19|0x00000000c2900000, 0x00000000c2a00000, 0x00000000c2a00000|100%| O|  |TAMS 0x00000000c2a00000, 0x00000000c2900000| Untracked 
|  20|0x00000000c2a00000, 0x00000000c2b00000, 0x00000000c2b00000|100%| O|  |TAMS 0x00000000c2b00000, 0x00000000c2a00000| Untracked 
|  21|0x00000000c2b00000, 0x00000000c2c00000, 0x00000000c2c00000|100%| O|  |TAMS 0x00000000c2c00000, 0x00000000c2b00000| Updating 
|  22|0x00000000c2c00000, 0x00000000c2d00000, 0x00000000c2d00000|100%| O|  |TAMS 0x00000000c2d00000, 0x00000000c2c00000| Untracked 
|  23|0x00000000c2d00000, 0x00000000c2e00000, 0x00000000c2e00000|100%| O|  |TAMS 0x00000000c2e00000, 0x00000000c2d00000| Untracked 
|  24|0x00000000c2e00000, 0x00000000c2f00000, 0x00000000c2f00000|100%| O|  |TAMS 0x00000000c2f00000, 0x00000000c2e00000| Untracked 
|  25|0x00000000c2f00000, 0x00000000c3000000, 0x00000000c3000000|100%| O|  |TAMS 0x00000000c3000000, 0x00000000c2f00000| Untracked 
|  26|0x00000000c3000000, 0x00000000c3100000, 0x00000000c3100000|100%| O|  |TAMS 0x00000000c3100000, 0x00000000c3000000| Untracked 
|  27|0x00000000c3100000, 0x00000000c3200000, 0x00000000c3200000|100%| O|  |TAMS 0x00000000c3200000, 0x00000000c3100000| Untracked 
|  28|0x00000000c3200000, 0x00000000c3300000, 0x00000000c3300000|100%| O|  |TAMS 0x00000000c3300000, 0x00000000c3200000| Untracked 
|  29|0x00000000c3300000, 0x00000000c3400000, 0x00000000c3400000|100%| O|  |TAMS 0x00000000c3400000, 0x00000000c3300000| Updating 
|  30|0x00000000c3400000, 0x00000000c3500000, 0x00000000c3500000|100%| O|  |TAMS 0x00000000c3500000, 0x00000000c3400000| Untracked 
|  31|0x00000000c3500000, 0x00000000c3600000, 0x00000000c3600000|100%| O|  |TAMS 0x00000000c3600000, 0x00000000c3500000| Updating 
|  32|0x00000000c3600000, 0x00000000c3700000, 0x00000000c3700000|100%| O|  |TAMS 0x00000000c3700000, 0x00000000c3600000| Untracked 
|  33|0x00000000c3700000, 0x00000000c3800000, 0x00000000c3800000|100%| O|  |TAMS 0x00000000c3800000, 0x00000000c3700000| Untracked 
|  34|0x00000000c3800000, 0x00000000c3900000, 0x00000000c3900000|100%| O|  |TAMS 0x00000000c3900000, 0x00000000c3800000| Untracked 
|  35|0x00000000c3900000, 0x00000000c3a00000, 0x00000000c3a00000|100%| O|  |TAMS 0x00000000c3a00000, 0x00000000c3900000| Untracked 
|  36|0x00000000c3a00000, 0x00000000c3b00000, 0x00000000c3b00000|100%| O|  |TAMS 0x00000000c3a46c00, 0x00000000c3a00000| Untracked 
|  37|0x00000000c3b00000, 0x00000000c3c00000, 0x00000000c3c00000|100%| O|  |TAMS 0x00000000c3b00000, 0x00000000c3b00000| Untracked 
|  38|0x00000000c3c00000, 0x00000000c3c00000, 0x00000000c3d00000|  0%| F|  |TAMS 0x00000000c3c00000, 0x00000000c3c00000| Untracked 
|  39|0x00000000c3d00000, 0x00000000c3d00000, 0x00000000c3e00000|  0%| F|  |TAMS 0x00000000c3d00000, 0x00000000c3d00000| Untracked 
|  40|0x00000000c3e00000, 0x00000000c3e00000, 0x00000000c3f00000|  0%| F|  |TAMS 0x00000000c3e00000, 0x00000000c3e00000| Untracked 
|  41|0x00000000c3f00000, 0x00000000c3f00000, 0x00000000c4000000|  0%| F|  |TAMS 0x00000000c3f00000, 0x00000000c3f00000| Untracked 
|  42|0x00000000c4000000, 0x00000000c4000000, 0x00000000c4100000|  0%| F|  |TAMS 0x00000000c4000000, 0x00000000c4000000| Untracked 
|  43|0x00000000c4100000, 0x00000000c4100000, 0x00000000c4200000|  0%| F|  |TAMS 0x00000000c4100000, 0x00000000c4100000| Untracked 
|  44|0x00000000c4200000, 0x00000000c4200000, 0x00000000c4300000|  0%| F|  |TAMS 0x00000000c4200000, 0x00000000c4200000| Untracked 
|  45|0x00000000c4300000, 0x00000000c4300000, 0x00000000c4400000|  0%| F|  |TAMS 0x00000000c4300000, 0x00000000c4300000| Untracked 
|  46|0x00000000c4400000, 0x00000000c4400000, 0x00000000c4500000|  0%| F|  |TAMS 0x00000000c4400000, 0x00000000c4400000| Untracked 
|  47|0x00000000c4500000, 0x00000000c4500000, 0x00000000c4600000|  0%| F|  |TAMS 0x00000000c4500000, 0x00000000c4500000| Untracked 
|  48|0x00000000c4600000, 0x00000000c4600000, 0x00000000c4700000|  0%| F|  |TAMS 0x00000000c4600000, 0x00000000c4600000| Untracked 
|  49|0x00000000c4700000, 0x00000000c47e14c8, 0x00000000c4800000| 88%| S|CS|TAMS 0x00000000c4700000, 0x00000000c4700000| Complete 
|  50|0x00000000c4800000, 0x00000000c4900000, 0x00000000c4900000|100%| S|CS|TAMS 0x00000000c4800000, 0x00000000c4800000| Complete 
|  51|0x00000000c4900000, 0x00000000c4a00000, 0x00000000c4a00000|100%| S|CS|TAMS 0x00000000c4900000, 0x00000000c4900000| Complete 
|  52|0x00000000c4a00000, 0x00000000c4b00000, 0x00000000c4b00000|100%| S|CS|TAMS 0x00000000c4a00000, 0x00000000c4a00000| Complete 
|  53|0x00000000c4b00000, 0x00000000c4b00000, 0x00000000c4c00000|  0%| F|  |TAMS 0x00000000c4b00000, 0x00000000c4b00000| Untracked 
|  54|0x00000000c4c00000, 0x00000000c4c00000, 0x00000000c4d00000|  0%| F|  |TAMS 0x00000000c4c00000, 0x00000000c4c00000| Untracked 
|  55|0x00000000c4d00000, 0x00000000c4d00000, 0x00000000c4e00000|  0%| F|  |TAMS 0x00000000c4d00000, 0x00000000c4d00000| Untracked 
|  56|0x00000000c4e00000, 0x00000000c4e00000, 0x00000000c4f00000|  0%| F|  |TAMS 0x00000000c4e00000, 0x00000000c4e00000| Untracked 
|  57|0x00000000c4f00000, 0x00000000c4f00000, 0x00000000c5000000|  0%| F|  |TAMS 0x00000000c4f00000, 0x00000000c4f00000| Untracked 
|  58|0x00000000c5000000, 0x00000000c5000000, 0x00000000c5100000|  0%| F|  |TAMS 0x00000000c5000000, 0x00000000c5000000| Untracked 
|  59|0x00000000c5100000, 0x00000000c5100000, 0x00000000c5200000|  0%| F|  |TAMS 0x00000000c5100000, 0x00000000c5100000| Untracked 
|  60|0x00000000c5200000, 0x00000000c5200000, 0x00000000c5300000|  0%| F|  |TAMS 0x00000000c5200000, 0x00000000c5200000| Untracked 
|  61|0x00000000c5300000, 0x00000000c5300000, 0x00000000c5400000|  0%| F|  |TAMS 0x00000000c5300000, 0x00000000c5300000| Untracked 
|  62|0x00000000c5400000, 0x00000000c5400000, 0x00000000c5500000|  0%| F|  |TAMS 0x00000000c5400000, 0x00000000c5400000| Untracked 
|  63|0x00000000c5500000, 0x00000000c5500000, 0x00000000c5600000|  0%| F|  |TAMS 0x00000000c5500000, 0x00000000c5500000| Untracked 
|  64|0x00000000c5600000, 0x00000000c5600000, 0x00000000c5700000|  0%| F|  |TAMS 0x00000000c5600000, 0x00000000c5600000| Untracked 
|  65|0x00000000c5700000, 0x00000000c5700000, 0x00000000c5800000|  0%| F|  |TAMS 0x00000000c5700000, 0x00000000c5700000| Untracked 
|  66|0x00000000c5800000, 0x00000000c58866c8, 0x00000000c5900000| 52%| E|  |TAMS 0x00000000c5800000, 0x00000000c5800000| Complete 
|  67|0x00000000c5900000, 0x00000000c5a00000, 0x00000000c5a00000|100%| E|CS|TAMS 0x00000000c5900000, 0x00000000c5900000| Complete 
|  68|0x00000000c5a00000, 0x00000000c5b00000, 0x00000000c5b00000|100%| E|  |TAMS 0x00000000c5a00000, 0x00000000c5a00000| Complete 
|  69|0x00000000c5b00000, 0x00000000c5c00000, 0x00000000c5c00000|100%| E|CS|TAMS 0x00000000c5b00000, 0x00000000c5b00000| Complete 
|  70|0x00000000c5c00000, 0x00000000c5d00000, 0x00000000c5d00000|100%| E|CS|TAMS 0x00000000c5c00000, 0x00000000c5c00000| Complete 
|  71|0x00000000c5d00000, 0x00000000c5e00000, 0x00000000c5e00000|100%| E|CS|TAMS 0x00000000c5d00000, 0x00000000c5d00000| Complete 
|  72|0x00000000c5e00000, 0x00000000c5f00000, 0x00000000c5f00000|100%| E|CS|TAMS 0x00000000c5e00000, 0x00000000c5e00000| Complete 
|  73|0x00000000c5f00000, 0x00000000c6000000, 0x00000000c6000000|100%| E|CS|TAMS 0x00000000c5f00000, 0x00000000c5f00000| Complete 
|  74|0x00000000c6000000, 0x00000000c6100000, 0x00000000c6100000|100%| E|CS|TAMS 0x00000000c6000000, 0x00000000c6000000| Complete 
|  75|0x00000000c6100000, 0x00000000c6200000, 0x00000000c6200000|100%| E|CS|TAMS 0x00000000c6100000, 0x00000000c6100000| Complete 
|  76|0x00000000c6200000, 0x00000000c6300000, 0x00000000c6300000|100%| E|CS|TAMS 0x00000000c6200000, 0x00000000c6200000| Complete 
|  77|0x00000000c6300000, 0x00000000c6400000, 0x00000000c6400000|100%| E|CS|TAMS 0x00000000c6300000, 0x00000000c6300000| Complete 
|  78|0x00000000c6400000, 0x00000000c6500000, 0x00000000c6500000|100%| E|CS|TAMS 0x00000000c6400000, 0x00000000c6400000| Complete 
|  79|0x00000000c6500000, 0x00000000c6600000, 0x00000000c6600000|100%| E|CS|TAMS 0x00000000c6500000, 0x00000000c6500000| Complete 
|  80|0x00000000c6600000, 0x00000000c6700000, 0x00000000c6700000|100%| E|CS|TAMS 0x00000000c6600000, 0x00000000c6600000| Complete 
|  81|0x00000000c6700000, 0x00000000c6800000, 0x00000000c6800000|100%| E|CS|TAMS 0x00000000c6700000, 0x00000000c6700000| Complete 
|  82|0x00000000c6800000, 0x00000000c6900000, 0x00000000c6900000|100%| E|CS|TAMS 0x00000000c6800000, 0x00000000c6800000| Complete 
|  83|0x00000000c6900000, 0x00000000c6a00000, 0x00000000c6a00000|100%| E|CS|TAMS 0x00000000c6900000, 0x00000000c6900000| Complete 

Card table byte_map: [0x00000272c2120000,0x00000272c2320000] _byte_map_base: 0x00000272c1b15000

Marking Bits (Prev, Next): (CMBitMap*) 0x00000272bbab9340, (CMBitMap*) 0x00000272bbab9380
 Prev Bits: [0x00000272c2520000, 0x00000272c34c8000)
 Next Bits: [0x00000272c34d0000, 0x00000272c4478000)

Polling page: 0x00000272b9a10000

Metaspace:

Usage:
  Non-class:     63.39 MB used.
      Class:     10.48 MB used.
       Both:     73.87 MB used.

Virtual space:
  Non-class space:       64.00 MB reserved,      63.69 MB (>99%) committed,  1 nodes.
      Class space:        1.00 GB reserved,      10.75 MB (  1%) committed,  1 nodes.
             Both:        1.06 GB reserved,      74.44 MB (  7%) committed. 

Chunk freelists:
   Non-Class:  192.00 KB
       Class:  5.08 MB
        Both:  5.27 MB

MaxMetaspaceSize: unlimited
CompressedClassSpaceSize: 1.00 GB
Initial GC threshold: 21.00 MB
Current GC threshold: 121.25 MB
CDS: off
MetaspaceReclaimPolicy: balanced
 - commit_granule_bytes: 65536.
 - commit_granule_words: 8192.
 - virtual_space_node_default_size: 8388608.
 - enlarge_chunks_in_place: 1.
 - new_chunks_are_fully_committed: 0.
 - uncommit_free_chunks: 1.
 - use_allocation_guard: 0.
 - handle_deallocations: 1.


Internal statistics:

num_allocs_failed_limit: 12.
num_arena_births: 838.
num_arena_deaths: 0.
num_vsnodes_births: 2.
num_vsnodes_deaths: 0.
num_space_committed: 1191.
num_space_uncommitted: 0.
num_chunks_returned_to_freelist: 12.
num_chunks_taken_from_freelist: 3234.
num_chunk_merges: 12.
num_chunk_splits: 2391.
num_chunks_enlarged: 1864.
num_inconsistent_stats: 0.

CodeCache: size=49152Kb used=10851Kb max_used=10851Kb free=38300Kb
 bounds [0x00000272bf120000, 0x00000272bfbc0000, 0x00000272c2120000]
 total_blobs=6176 nmethods=5525 adapters=576
 compilation: enabled
              stopped_count=0, restarted_count=0
 full_count=0

Compilation events (20 events):
Event: 15.086 Thread 0x00000272c6abea30 5517       1       org.antlr.v4.runtime.misc.FlexibleHashMap::size (5 bytes)
Event: 15.086 Thread 0x00000272c6abea30 nmethod 5517 0x00000272bfbb5f10 code [0x00000272bfbb60a0, 0x00000272bfbb6178]
Event: 15.087 Thread 0x00000272c68cca00 5518       1       org.antlr.v4.runtime.misc.FlexibleHashMap::expand (151 bytes)
Event: 15.088 Thread 0x00000272cc720e70 5519       1       org.antlr.v4.runtime.CodePointCharStream$CodePoint8BitCharStream::LA (98 bytes)
Event: 15.088 Thread 0x00000272c68cca00 nmethod 5518 0x00000272bfbb6210 code [0x00000272bfbb6420, 0x00000272bfbb6938]
Event: 15.088 Thread 0x00000272cc720e70 nmethod 5519 0x00000272bfbb6c90 code [0x00000272bfbb6e60, 0x00000272bfbb7128]
Event: 15.088 Thread 0x00000272c68cca00 5520       1       org.antlr.v4.runtime.CommonToken::getChannel (5 bytes)
Event: 15.088 Thread 0x00000272c68cca00 nmethod 5520 0x00000272bfbb7290 code [0x00000272bfbb7420, 0x00000272bfbb74f8]
Event: 15.109 Thread 0x00000272cc720e70 5521       1       org.antlr.v4.runtime.atn.ActionTransition::getSerializationType (3 bytes)
Event: 15.109 Thread 0x00000272cc720e70 nmethod 5521 0x00000272bfbb7590 code [0x00000272bfbb7720, 0x00000272bfbb77f8]
Event: 15.141 Thread 0x00000272cc720e70 5522       1       org.antlr.v4.runtime.atn.PlusBlockStartState::getStateType (2 bytes)
Event: 15.141 Thread 0x00000272cc720e70 nmethod 5522 0x00000272bfbb7890 code [0x00000272bfbb7a20, 0x00000272bfbb7af8]
Event: 15.150 Thread 0x00000272c6abea30 5523       1       org.antlr.v4.runtime.Recognizer::getState (5 bytes)
Event: 15.150 Thread 0x00000272c6abea30 nmethod 5523 0x00000272bfbb7b90 code [0x00000272bfbb7d20, 0x00000272bfbb7df8]
Event: 15.151 Thread 0x00000272c68cca00 5524       1       org.antlr.v4.runtime.BufferedTokenStream::sync (55 bytes)
Event: 15.151 Thread 0x00000272c68cca00 nmethod 5524 0x00000272bfbb7e90 code [0x00000272bfbb8040, 0x00000272bfbb81b8]
Event: 15.154 Thread 0x00000272c68cca00 5525       1       org.antlr.v4.runtime.dfa.DFAState::hashCode (26 bytes)
Event: 15.154 Thread 0x00000272c6abea30 5526       1       org.antlr.v4.runtime.atn.ATNConfigSet::hashCode (39 bytes)
Event: 15.155 Thread 0x00000272c68cca00 nmethod 5525 0x00000272bfbb8290 code [0x00000272bfbb8440, 0x00000272bfbb8568]
Event: 15.155 Thread 0x00000272c6abea30 nmethod 5526 0x00000272bfbb8690 code [0x00000272bfbb8860, 0x00000272bfbb8b78]

GC Heap History (20 events):
Event: 8.268 GC heap before
{Heap before GC invocations=14 (full 0):
 garbage-first heap   total 61440K, used 30493K [0x00000000c1600000, 0x0000000100000000)
  region size 1024K, 5 young (5120K), 4 survivors (4096K)
 Metaspace       used 43184K, committed 43584K, reserved 1114112K
  class space    used 5704K, committed 5888K, reserved 1048576K
}
Event: 8.275 GC heap after
{Heap after GC invocations=15 (full 0):
 garbage-first heap   total 61440K, used 31546K [0x00000000c1600000, 0x0000000100000000)
  region size 1024K, 1 young (1024K), 1 survivors (1024K)
 Metaspace       used 43184K, committed 43584K, reserved 1114112K
  class space    used 5704K, committed 5888K, reserved 1048576K
}
Event: 8.567 GC heap before
{Heap before GC invocations=16 (full 0):
 garbage-first heap   total 71680K, used 48954K [0x00000000c1600000, 0x0000000100000000)
  region size 1024K, 15 young (15360K), 1 survivors (1024K)
 Metaspace       used 43670K, committed 44096K, reserved 1114112K
  class space    used 5754K, committed 5952K, reserved 1048576K
}
Event: 8.571 GC heap after
{Heap after GC invocations=17 (full 0):
 garbage-first heap   total 71680K, used 33153K [0x00000000c1600000, 0x0000000100000000)
  region size 1024K, 2 young (2048K), 2 survivors (2048K)
 Metaspace       used 43670K, committed 44096K, reserved 1114112K
  class space    used 5754K, committed 5952K, reserved 1048576K
}
Event: 8.595 GC heap before
{Heap before GC invocations=17 (full 0):
 garbage-first heap   total 71680K, used 34177K [0x00000000c1600000, 0x0000000100000000)
  region size 1024K, 4 young (4096K), 2 survivors (2048K)
 Metaspace       used 43670K, committed 44096K, reserved 1114112K
  class space    used 5754K, committed 5952K, reserved 1048576K
}
Event: 8.598 GC heap after
{Heap after GC invocations=18 (full 0):
 garbage-first heap   total 71680K, used 33948K [0x00000000c1600000, 0x0000000100000000)
  region size 1024K, 3 young (3072K), 3 survivors (3072K)
 Metaspace       used 43670K, committed 44096K, reserved 1114112K
  class space    used 5754K, committed 5952K, reserved 1048576K
}
Event: 9.207 GC heap before
{Heap before GC invocations=19 (full 0):
 garbage-first heap   total 71680K, used 50332K [0x00000000c1600000, 0x0000000100000000)
  region size 1024K, 20 young (20480K), 3 survivors (3072K)
 Metaspace       used 46213K, committed 46720K, reserved 1114112K
  class space    used 6111K, committed 6336K, reserved 1048576K
}
Event: 9.214 GC heap after
{Heap after GC invocations=20 (full 0):
 garbage-first heap   total 71680K, used 31782K [0x00000000c1600000, 0x0000000100000000)
  region size 1024K, 1 young (1024K), 1 survivors (1024K)
 Metaspace       used 46213K, committed 46720K, reserved 1114112K
  class space    used 6111K, committed 6336K, reserved 1048576K
}
Event: 10.293 GC heap before
{Heap before GC invocations=20 (full 0):
 garbage-first heap   total 71680K, used 52262K [0x00000000c1600000, 0x0000000100000000)
  region size 1024K, 21 young (21504K), 1 survivors (1024K)
 Metaspace       used 50560K, committed 51136K, reserved 1114112K
  class space    used 6847K, committed 7104K, reserved 1048576K
}
Event: 10.300 GC heap after
{Heap after GC invocations=21 (full 0):
 garbage-first heap   total 86016K, used 32695K [0x00000000c1600000, 0x0000000100000000)
  region size 1024K, 2 young (2048K), 2 survivors (2048K)
 Metaspace       used 50560K, committed 51136K, reserved 1114112K
  class space    used 6847K, committed 7104K, reserved 1048576K
}
Event: 11.527 GC heap before
{Heap before GC invocations=21 (full 0):
 garbage-first heap   total 86016K, used 62391K [0x00000000c1600000, 0x0000000100000000)
  region size 1024K, 31 young (31744K), 2 survivors (2048K)
 Metaspace       used 57764K, committed 58304K, reserved 1114112K
  class space    used 7786K, committed 8064K, reserved 1048576K
}
Event: 11.538 GC heap after
{Heap after GC invocations=22 (full 0):
 garbage-first heap   total 86016K, used 35022K [0x00000000c1600000, 0x0000000100000000)
  region size 1024K, 4 young (4096K), 4 survivors (4096K)
 Metaspace       used 57764K, committed 58304K, reserved 1114112K
  class space    used 7786K, committed 8064K, reserved 1048576K
}
Event: 12.708 GC heap before
{Heap before GC invocations=22 (full 0):
 garbage-first heap   total 86016K, used 64718K [0x00000000c1600000, 0x0000000100000000)
  region size 1024K, 33 young (33792K), 4 survivors (4096K)
 Metaspace       used 64982K, committed 65536K, reserved 1114112K
  class space    used 8893K, committed 9152K, reserved 1048576K
}
Event: 12.717 GC heap after
{Heap after GC invocations=23 (full 0):
 garbage-first heap   total 86016K, used 36595K [0x00000000c1600000, 0x0000000100000000)
  region size 1024K, 4 young (4096K), 4 survivors (4096K)
 Metaspace       used 64982K, committed 65536K, reserved 1114112K
  class space    used 8893K, committed 9152K, reserved 1048576K
}
Event: 13.843 GC heap before
{Heap before GC invocations=23 (full 0):
 garbage-first heap   total 86016K, used 66291K [0x00000000c1600000, 0x0000000100000000)
  region size 1024K, 33 young (33792K), 4 survivors (4096K)
 Metaspace       used 70633K, committed 71232K, reserved 1114112K
  class space    used 9685K, committed 9984K, reserved 1048576K
}
Event: 13.853 GC heap after
{Heap after GC invocations=24 (full 0):
 garbage-first heap   total 86016K, used 38441K [0x00000000c1600000, 0x0000000100000000)
  region size 1024K, 4 young (4096K), 4 survivors (4096K)
 Metaspace       used 70633K, committed 71232K, reserved 1114112K
  class space    used 9685K, committed 9984K, reserved 1048576K
}
Event: 14.573 GC heap before
{Heap before GC invocations=24 (full 0):
 garbage-first heap   total 86016K, used 51753K [0x00000000c1600000, 0x0000000100000000)
  region size 1024K, 18 young (18432K), 4 survivors (4096K)
 Metaspace       used 73268K, committed 73856K, reserved 1114112K
  class space    used 10204K, committed 10496K, reserved 1048576K
}
Event: 14.581 GC heap after
{Heap after GC invocations=25 (full 0):
 garbage-first heap   total 86016K, used 39153K [0x00000000c1600000, 0x0000000100000000)
  region size 1024K, 3 young (3072K), 3 survivors (3072K)
 Metaspace       used 73268K, committed 73856K, reserved 1114112K
  class space    used 10204K, committed 10496K, reserved 1048576K
}
Event: 15.060 GC heap before
{Heap before GC invocations=26 (full 0):
 garbage-first heap   total 86016K, used 67825K [0x00000000c1600000, 0x0000000100000000)
  region size 1024K, 31 young (31744K), 3 survivors (3072K)
 Metaspace       used 75246K, committed 75840K, reserved 1114112K
  class space    used 10708K, committed 11008K, reserved 1048576K
}
Event: 15.071 GC heap after
{Heap after GC invocations=27 (full 0):
 garbage-first heap   total 86016K, used 42119K [0x00000000c1600000, 0x0000000100000000)
  region size 1024K, 4 young (4096K), 4 survivors (4096K)
 Metaspace       used 75246K, committed 75840K, reserved 1114112K
  class space    used 10708K, committed 11008K, reserved 1048576K
}

Dll operation events (9 events):
Event: 0.027 Loaded shared library E:\Software\sts-4.19.1.RELEASE\plugins\org.eclipse.justj.openjdk.hotspot.jre.full.win32.x86_64_17.0.7.v20230425-1502\jre\bin\java.dll
Event: 0.477 Loaded shared library E:\Software\sts-4.19.1.RELEASE\plugins\org.eclipse.justj.openjdk.hotspot.jre.full.win32.x86_64_17.0.7.v20230425-1502\jre\bin\jimage.dll
Event: 0.539 Loaded shared library E:\Software\sts-4.19.1.RELEASE\plugins\org.eclipse.justj.openjdk.hotspot.jre.full.win32.x86_64_17.0.7.v20230425-1502\jre\bin\net.dll
Event: 0.543 Loaded shared library E:\Software\sts-4.19.1.RELEASE\plugins\org.eclipse.justj.openjdk.hotspot.jre.full.win32.x86_64_17.0.7.v20230425-1502\jre\bin\nio.dll
Event: 0.551 Loaded shared library E:\Software\sts-4.19.1.RELEASE\plugins\org.eclipse.justj.openjdk.hotspot.jre.full.win32.x86_64_17.0.7.v20230425-1502\jre\bin\zip.dll
Event: 0.737 Loaded shared library E:\Software\sts-4.19.1.RELEASE\plugins\org.eclipse.justj.openjdk.hotspot.jre.full.win32.x86_64_17.0.7.v20230425-1502\jre\bin\management.dll
Event: 0.765 Loaded shared library E:\Software\sts-4.19.1.RELEASE\plugins\org.eclipse.justj.openjdk.hotspot.jre.full.win32.x86_64_17.0.7.v20230425-1502\jre\bin\management_ext.dll
Event: 4.834 Loaded shared library E:\Software\sts-4.19.1.RELEASE\plugins\org.eclipse.justj.openjdk.hotspot.jre.full.win32.x86_64_17.0.7.v20230425-1502\jre\bin\sunmscapi.dll
Event: 9.899 Loaded shared library E:\Software\sts-4.19.1.RELEASE\plugins\org.eclipse.justj.openjdk.hotspot.jre.full.win32.x86_64_17.0.7.v20230425-1502\jre\bin\verify.dll

Deoptimization events (6 events):
Event: 3.874 Thread 0x00000272cbe6ded0 DEOPT PACKING pc=0x00000272bf64ef99 sp=0x0000009e424fc8a0
Event: 3.874 Thread 0x00000272cbe6ded0 DEOPT UNPACKING pc=0x00000272bf177143 sp=0x0000009e424fbd80 mode 3
Event: 4.317 Thread 0x00000272cbe6ded0 DEOPT PACKING pc=0x00000272bf69d255 sp=0x0000009e424fced0
Event: 4.317 Thread 0x00000272cbe6ded0 DEOPT UNPACKING pc=0x00000272bf177143 sp=0x0000009e424fc378 mode 3
Event: 7.309 Thread 0x00000272cbe6ded0 DEOPT PACKING pc=0x00000272bf8c6819 sp=0x0000009e424fc240
Event: 7.309 Thread 0x00000272cbe6ded0 DEOPT UNPACKING pc=0x00000272bf177143 sp=0x0000009e424fb720 mode 3

Classes unloaded (0 events):
No events

Classes redefined (0 events):
No events

Internal exceptions (20 events):
Event: 13.032 Thread 0x00000272cbe6ded0 Exception <a 'java/lang/NoSuchMethodError'{0x00000000c60714b8}: 'java.lang.Object java.lang.invoke.DirectMethodHandle$Holder.newInvokeSpecial(java.lang.Object, java.lang.Object, int, java.lang.Object)'> (0x00000000c60714b8) 
thrown [s\src\hotspot\share\interpreter\linkResolver.cpp, line 759]
Event: 13.032 Thread 0x00000272cbe6ded0 Exception <a 'java/lang/NoSuchMethodError'{0x00000000c6075080}: 'java.lang.Object java.lang.invoke.Invokers$Holder.linkToTargetMethod(java.lang.Object, int, java.lang.Object, java.lang.Object)'> (0x00000000c6075080) 
thrown [s\src\hotspot\share\interpreter\linkResolver.cpp, line 759]
Event: 13.072 Thread 0x00000272cbe6ded0 Exception <a 'java/lang/NoSuchMethodError'{0x00000000c5f6dd78}: 'void java.lang.invoke.DirectMethodHandle$Holder.invokeSpecial(java.lang.Object, java.lang.Object, java.lang.Object, java.lang.Object, java.lang.Object, java.lang.Object, java.lang.Object, java.lang.Object)'> (0x00000000c5f6dd78) 
thrown [s\src\hotspot\share\interpreter\linkResolver.cpp, line 759]
Event: 13.085 Thread 0x00000272cbe6ded0 Exception <a 'java/lang/NoSuchMethodError'{0x00000000c5fb3c08}: 'void java.lang.invoke.DirectMethodHandle$Holder.invokeSpecial(java.lang.Object, java.lang.Object, int, java.lang.Object)'> (0x00000000c5fb3c08) 
thrown [s\src\hotspot\share\interpreter\linkResolver.cpp, line 759]
Event: 13.086 Thread 0x00000272cbe6ded0 Exception <a 'java/lang/NoSuchMethodError'{0x00000000c5fbaa70}: 'java.lang.Object java.lang.invoke.DirectMethodHandle$Holder.newInvokeSpecial(java.lang.Object, java.lang.Object, int)'> (0x00000000c5fbaa70) 
thrown [s\src\hotspot\share\interpreter\linkResolver.cpp, line 759]
Event: 13.141 Thread 0x00000272cbe6ded0 Exception <a 'java/lang/NoSuchMethodError'{0x00000000c5d44100}: 'int java.lang.invoke.DirectMethodHandle$Holder.invokeStatic(java.lang.Object, int, java.lang.Object)'> (0x00000000c5d44100) 
thrown [s\src\hotspot\share\interpreter\linkResolver.cpp, line 759]
Event: 13.145 Thread 0x00000272cbe6ded0 Exception <a 'java/lang/NoSuchMethodError'{0x00000000c5d676c0}: 'java.lang.Object java.lang.invoke.DirectMethodHandle$Holder.newInvokeSpecial(java.lang.Object, java.lang.Object, java.lang.Object, java.lang.Object, java.lang.Object, int, java.lang.Object)'> (0x00000000c5d676c0) 
thrown [s\src\hotspot\share\interpreter\linkResolver.cpp, line 759]
Event: 13.153 Thread 0x00000272cbe6ded0 Exception <a 'java/lang/NoSuchMethodError'{0x00000000c5da3b60}: 'java.lang.Object java.lang.invoke.DirectMethodHandle$Holder.newInvokeSpecial(java.lang.Object, java.lang.Object, java.lang.Object, java.lang.Object, java.lang.Object, java.lang.Object, java.lang.Object, java.lang.Object, java.lang.Object, java.lang.Object, java.lang.Object, java.lang.Object)'> (0x00000000c5da3b60) 
thrown [s\src\hotspot\share\interpreter\linkResolver.cpp, line 759]
Event: 13.153 Thread 0x00000272cbe6ded0 Exception <a 'java/lang/NoSuchMethodError'{0x00000000c5da85f8}: 'java.lang.Object java.lang.invoke.DirectMethodHandle$Holder.invokeSpecial(java.lang.Object, java.lang.Object, java.lang.Object, java.lang.Object, java.lang.Object, java.lang.Object, java.lang.Object, java.lang.Object, java.lang.Object, java.lang.Object, java.lang.Object, java.lang.Object, java.lang.Object)'> (0x00000000c5da85f8) 
thrown [s\src\hotspot\share\interpreter\linkResolver.cpp, line 759]
Event: 13.154 Thread 0x00000272cbe6ded0 Exception <a 'java/lang/NoSuchMethodError'{0x00000000c5dacd10}: 'java.lang.Object java.lang.invoke.Invokers$Holder.linkToTargetMethod(java.lang.Object, java.lang.Object, java.lang.Object, java.lang.Object, java.lang.Object, java.lang.Object, java.lang.Object, java.lang.Object, java.lang.Object, java.lang.Object, java.lang.Object, java.lang.Object)'> (0x00000000c5dacd10) 
thrown [s\src\hotspot\share\interpreter\linkResolver.cpp, line 759]
Event: 13.217 Thread 0x00000272cbe6ded0 Exception <a 'java/lang/IncompatibleClassChangeError'{0x00000000c5b69d18}: Found class java.lang.Object, but interface was expected> (0x00000000c5b69d18) 
thrown [s\src\hotspot\share\interpreter\linkResolver.cpp, line 826]
Event: 13.237 Thread 0x00000272cbe6ded0 Exception <a 'java/lang/NoSuchMethodError'{0x00000000c5bf8120}: 'java.lang.Object java.lang.invoke.DirectMethodHandle$Holder.newInvokeSpecial(java.lang.Object, java.lang.Object, java.lang.Object, java.lang.Object, java.lang.Object, java.lang.Object, java.lang.Object, int)'> (0x00000000c5bf8120) 
thrown [s\src\hotspot\share\interpreter\linkResolver.cpp, line 759]
Event: 13.237 Thread 0x00000272cbe6ded0 Exception <a 'java/lang/NoSuchMethodError'{0x00000000c5bfd118}: 'java.lang.Object java.lang.invoke.DirectMethodHandle$Holder.invokeSpecial(java.lang.Object, java.lang.Object, java.lang.Object, java.lang.Object, java.lang.Object, java.lang.Object, java.lang.Object, java.lang.Object, int)'> (0x00000000c5bfd118) 
thrown [s\src\hotspot\share\interpreter\linkResolver.cpp, line 759]
Event: 13.238 Thread 0x00000272cbe6ded0 Exception <a 'java/lang/NoSuchMethodError'{0x00000000c5a01c40}: 'java.lang.Object java.lang.invoke.Invokers$Holder.linkToTargetMethod(java.lang.Object, java.lang.Object, java.lang.Object, java.lang.Object, java.lang.Object, java.lang.Object, int, java.lang.Object)'> (0x00000000c5a01c40) 
thrown [s\src\hotspot\share\interpreter\linkResolver.cpp, line 759]
Event: 13.282 Thread 0x00000272cbe6ded0 Exception <a 'java/lang/NoSuchMethodError'{0x00000000c5af6dd8}: 'void java.lang.invoke.DirectMethodHandle$Holder.invokeInterface(java.lang.Object, java.lang.Object)'> (0x00000000c5af6dd8) 
thrown [s\src\hotspot\share\interpreter\linkResolver.cpp, line 759]
Event: 13.701 Thread 0x00000272cbe6ded0 Exception <a 'java/lang/IncompatibleClassChangeError'{0x00000000c5055ef0}: Found class java.lang.Object, but interface was expected> (0x00000000c5055ef0) 
thrown [s\src\hotspot\share\interpreter\linkResolver.cpp, line 826]
Event: 13.775 Thread 0x00000272cbe6ded0 Exception <a 'java/lang/IncompatibleClassChangeError'{0x00000000c4e2ea48}: Found class java.lang.Object, but interface was expected> (0x00000000c4e2ea48) 
thrown [s\src\hotspot\share\interpreter\linkResolver.cpp, line 826]
Event: 14.085 Thread 0x00000272cbe6ded0 Exception <a 'java/lang/IncompatibleClassChangeError'{0x00000000c648fde8}: Found class java.lang.Object, but interface was expected> (0x00000000c648fde8) 
thrown [s\src\hotspot\share\interpreter\linkResolver.cpp, line 826]
Event: 14.236 Thread 0x00000272cbe6ded0 Exception <a 'java/lang/NoSuchMethodError'{0x00000000c62aca60}: 'java.lang.Object java.lang.invoke.DirectMethodHandle$Holder.invokeInterface(java.lang.Object, java.lang.Object, int)'> (0x00000000c62aca60) 
thrown [s\src\hotspot\share\interpreter\linkResolver.cpp, line 759]
Event: 14.269 Thread 0x00000272cbe6ded0 Exception <a 'java/lang/reflect/InvocationTargetException'{0x00000000c618d0c8}> (0x00000000c618d0c8) 
thrown [s\src\hotspot\share\runtime\reflection.cpp, line 1121]

VM Operations (20 events):
Event: 14.112 Executing VM operation: HandshakeAllThreads done
Event: 14.112 Executing VM operation: HandshakeAllThreads
Event: 14.112 Executing VM operation: HandshakeAllThreads done
Event: 14.573 Executing VM operation: CollectForMetadataAllocation
Event: 14.581 Executing VM operation: CollectForMetadataAllocation done
Event: 14.633 Executing VM operation: CollectForMetadataAllocation
Event: 14.634 Executing VM operation: CollectForMetadataAllocation done
Event: 14.657 Executing VM operation: HandshakeAllThreads
Event: 14.657 Executing VM operation: HandshakeAllThreads done
Event: 14.664 Executing VM operation: HandshakeAllThreads
Event: 14.664 Executing VM operation: HandshakeAllThreads done
Event: 14.706 Executing VM operation: G1Concurrent
Event: 14.712 Executing VM operation: G1Concurrent done
Event: 14.768 Executing VM operation: G1Concurrent
Event: 14.768 Executing VM operation: G1Concurrent done
Event: 14.835 Executing VM operation: HandshakeAllThreads
Event: 14.835 Executing VM operation: HandshakeAllThreads done
Event: 15.060 Executing VM operation: G1CollectForAllocation
Event: 15.071 Executing VM operation: G1CollectForAllocation done
Event: 15.189 Executing VM operation: G1Concurrent

Events (20 events):
Event: 14.235 loading class java/util/stream/Streams$RangeIntSpliterator done
Event: 14.235 loading class java/util/stream/IntPipeline$1
Event: 14.236 loading class java/util/stream/IntPipeline$1 done
Event: 14.237 loading class java/util/stream/IntPipeline$1$1
Event: 14.237 loading class java/util/stream/IntPipeline$1$1 done
Event: 14.293 loading class java/util/regex/Pattern$SliceU
Event: 14.293 loading class java/util/regex/Pattern$SliceU done
Event: 14.294 loading class java/util/regex/Pattern$Bound
Event: 14.294 loading class java/util/regex/Pattern$Bound done
Event: 14.298 loading class java/util/regex/Pattern$Behind
Event: 14.299 loading class java/util/regex/Pattern$Behind done
Event: 14.299 loading class java/util/regex/Pattern$GroupCurly
Event: 14.302 loading class java/util/regex/Pattern$GroupCurly done
Event: 14.345 loading class java/util/EmptyStackException
Event: 14.345 loading class java/util/EmptyStackException done
Event: 14.635 loading class java/io/InvalidClassException
Event: 14.635 loading class java/io/InvalidClassException done
Event: 14.656 loading class java/util/ArrayList$ListItr
Event: 14.656 loading class java/util/ArrayList$ListItr done
Event: 14.736 Thread 0x00000272cc720e70 Thread added: 0x00000272cc720e70


Dynamic libraries:
0x00007ff7aa060000 - 0x00007ff7aa06e000 	E:\Software\sts-4.19.1.RELEASE\plugins\org.eclipse.justj.openjdk.hotspot.jre.full.win32.x86_64_17.0.7.v20230425-1502\jre\bin\javaw.exe
0x00007ff898a30000 - 0x00007ff898c29000 	C:\WINDOWS\SYSTEM32\ntdll.dll
0x00007ff897b10000 - 0x00007ff897bd2000 	C:\WINDOWS\System32\KERNEL32.DLL
0x00007ff8962e0000 - 0x00007ff8965d7000 	C:\WINDOWS\System32\KERNELBASE.dll
0x00007ff8968b0000 - 0x00007ff8969b0000 	C:\WINDOWS\System32\ucrtbase.dll
0x00007ff890090000 - 0x00007ff8900a7000 	E:\Software\sts-4.19.1.RELEASE\plugins\org.eclipse.justj.openjdk.hotspot.jre.full.win32.x86_64_17.0.7.v20230425-1502\jre\bin\jli.dll
0x00007ff898540000 - 0x00007ff8986dd000 	C:\WINDOWS\System32\USER32.dll
0x00007ff896200000 - 0x00007ff896222000 	C:\WINDOWS\System32\win32u.dll
0x00007ff897880000 - 0x00007ff8978ab000 	C:\WINDOWS\System32\GDI32.dll
0x00007ff896790000 - 0x00007ff8968aa000 	C:\WINDOWS\System32\gdi32full.dll
0x00007ff896610000 - 0x00007ff8966ad000 	C:\WINDOWS\System32\msvcp_win.dll
0x00007ff87cc10000 - 0x00007ff87ceab000 	C:\WINDOWS\WinSxS\amd64_microsoft.windows.common-controls_6595b64144ccf1df_6.0.19041.7663_none_60b9ed0b71f50c93\COMCTL32.dll
0x00007ff8978c0000 - 0x00007ff89795e000 	C:\WINDOWS\System32\msvcrt.dll
0x00007ff877880000 - 0x00007ff877899000 	E:\Software\sts-4.19.1.RELEASE\plugins\org.eclipse.justj.openjdk.hotspot.jre.full.win32.x86_64_17.0.7.v20230425-1502\jre\bin\VCRUNTIME140.dll
0x00007ff8979c0000 - 0x00007ff8979ef000 	C:\WINDOWS\System32\IMM32.DLL
0x00007ff890460000 - 0x00007ff89046c000 	E:\Software\sts-4.19.1.RELEASE\plugins\org.eclipse.justj.openjdk.hotspot.jre.full.win32.x86_64_17.0.7.v20230425-1502\jre\bin\vcruntime140_1.dll
0x00007ff86a720000 - 0x00007ff86a7b1000 	E:\Software\sts-4.19.1.RELEASE\plugins\org.eclipse.justj.openjdk.hotspot.jre.full.win32.x86_64_17.0.7.v20230425-1502\jre\bin\msvcp140.dll
0x00007ff8016b0000 - 0x00007ff8022f8000 	E:\Software\sts-4.19.1.RELEASE\plugins\org.eclipse.justj.openjdk.hotspot.jre.full.win32.x86_64_17.0.7.v20230425-1502\jre\bin\server\jvm.dll
0x00007ff898930000 - 0x00007ff8989e2000 	C:\WINDOWS\System32\ADVAPI32.dll
0x00007ff8986f0000 - 0x00007ff898790000 	C:\WINDOWS\System32\sechost.dll
0x00007ff898410000 - 0x00007ff898536000 	C:\WINDOWS\System32\RPCRT4.dll
0x00007ff8965e0000 - 0x00007ff896607000 	C:\WINDOWS\System32\bcrypt.dll
0x00007ff874fe0000 - 0x00007ff874fe9000 	C:\WINDOWS\SYSTEM32\WSOCK32.dll
0x00007ff865dc0000 - 0x00007ff865de7000 	C:\WINDOWS\SYSTEM32\WINMM.dll
0x00007ff8845e0000 - 0x00007ff8845ea000 	C:\WINDOWS\SYSTEM32\VERSION.dll
0x00007ff8979f0000 - 0x00007ff897a5b000 	C:\WINDOWS\System32\WS2_32.dll
0x00007ff894870000 - 0x00007ff894882000 	C:\WINDOWS\SYSTEM32\kernel.appcore.dll
0x00007ff890ac0000 - 0x00007ff890aca000 	E:\Software\sts-4.19.1.RELEASE\plugins\org.eclipse.justj.openjdk.hotspot.jre.full.win32.x86_64_17.0.7.v20230425-1502\jre\bin\jimage.dll
0x00007ff893d90000 - 0x00007ff893f91000 	C:\WINDOWS\SYSTEM32\DBGHELP.DLL
0x00007ff8741e0000 - 0x00007ff874214000 	C:\WINDOWS\SYSTEM32\dbgcore.DLL
0x00007ff8966b0000 - 0x00007ff896732000 	C:\WINDOWS\System32\bcryptPrimitives.dll
0x00007ff890060000 - 0x00007ff890085000 	E:\Software\sts-4.19.1.RELEASE\plugins\org.eclipse.justj.openjdk.hotspot.jre.full.win32.x86_64_17.0.7.v20230425-1502\jre\bin\java.dll
0x00007ff890020000 - 0x00007ff890038000 	E:\Software\sts-4.19.1.RELEASE\plugins\org.eclipse.justj.openjdk.hotspot.jre.full.win32.x86_64_17.0.7.v20230425-1502\jre\bin\zip.dll
0x00007ff896b80000 - 0x00007ff8972f1000 	C:\WINDOWS\System32\SHELL32.dll
0x00007ff8940b0000 - 0x00007ff89485c000 	C:\WINDOWS\SYSTEM32\windows.storage.dll
0x00007ff898050000 - 0x00007ff8983a3000 	C:\WINDOWS\System32\combase.dll
0x00007ff895910000 - 0x00007ff89593b000 	C:\WINDOWS\SYSTEM32\Wldp.dll
0x00007ff897300000 - 0x00007ff8973d6000 	C:\WINDOWS\System32\OLEAUT32.dll
0x00007ff897a60000 - 0x00007ff897b0d000 	C:\WINDOWS\System32\SHCORE.dll
0x00007ff898790000 - 0x00007ff8987eb000 	C:\WINDOWS\System32\shlwapi.dll
0x00007ff895fd0000 - 0x00007ff895ff5000 	C:\WINDOWS\SYSTEM32\profapi.dll
0x00007ff890040000 - 0x00007ff890059000 	E:\Software\sts-4.19.1.RELEASE\plugins\org.eclipse.justj.openjdk.hotspot.jre.full.win32.x86_64_17.0.7.v20230425-1502\jre\bin\net.dll
0x00007ff88c520000 - 0x00007ff88c62d000 	C:\WINDOWS\SYSTEM32\WINHTTP.dll
0x00007ff8956c0000 - 0x00007ff89572a000 	C:\WINDOWS\system32\mswsock.dll
0x00007ff88ffe0000 - 0x00007ff88fff5000 	E:\Software\sts-4.19.1.RELEASE\plugins\org.eclipse.justj.openjdk.hotspot.jre.full.win32.x86_64_17.0.7.v20230425-1502\jre\bin\nio.dll
0x00007ff890000000 - 0x00007ff890009000 	E:\Software\sts-4.19.1.RELEASE\plugins\org.eclipse.justj.openjdk.hotspot.jre.full.win32.x86_64_17.0.7.v20230425-1502\jre\bin\management.dll
0x00007ff88ff80000 - 0x00007ff88ff8b000 	E:\Software\sts-4.19.1.RELEASE\plugins\org.eclipse.justj.openjdk.hotspot.jre.full.win32.x86_64_17.0.7.v20230425-1502\jre\bin\management_ext.dll
0x00007ff8978b0000 - 0x00007ff8978b8000 	C:\WINDOWS\System32\PSAPI.DLL
0x00007ff87bbf0000 - 0x00007ff87bc07000 	C:\WINDOWS\system32\napinsp.dll
0x00007ff87ba20000 - 0x00007ff87ba3b000 	C:\WINDOWS\system32\pnrpnsp.dll
0x00007ff890a30000 - 0x00007ff890a4d000 	C:\WINDOWS\system32\NLAapi.dll
0x00007ff8953c0000 - 0x00007ff8953fb000 	C:\WINDOWS\SYSTEM32\IPHLPAPI.DLL
0x00007ff895400000 - 0x00007ff8954cc000 	C:\WINDOWS\SYSTEM32\DNSAPI.dll
0x00007ff8986e0000 - 0x00007ff8986e8000 	C:\WINDOWS\System32\NSI.dll
0x00007ff877c70000 - 0x00007ff877c82000 	C:\WINDOWS\System32\winrnr.dll
0x00007ff890ca0000 - 0x00007ff890cbd000 	C:\WINDOWS\system32\wshbth.dll
0x00007ff87e1c0000 - 0x00007ff87e1ca000 	C:\Windows\System32\rasadhlp.dll
0x00007ff88aa70000 - 0x00007ff88aaf0000 	C:\WINDOWS\System32\fwpuclnt.dll
0x00007ff895950000 - 0x00007ff895968000 	C:\WINDOWS\SYSTEM32\CRYPTSP.dll
0x00007ff895000000 - 0x00007ff895038000 	C:\WINDOWS\system32\rsaenh.dll
0x00007ff895f40000 - 0x00007ff895f6e000 	C:\WINDOWS\SYSTEM32\USERENV.dll
0x00007ff895880000 - 0x00007ff89588c000 	C:\WINDOWS\SYSTEM32\CRYPTBASE.dll
0x00007ff88b500000 - 0x00007ff88b517000 	C:\WINDOWS\SYSTEM32\dhcpcsvc6.DLL
0x00007ff88b410000 - 0x00007ff88b42e000 	C:\WINDOWS\SYSTEM32\dhcpcsvc.DLL
0x00007ff890010000 - 0x00007ff89001e000 	E:\Software\sts-4.19.1.RELEASE\plugins\org.eclipse.justj.openjdk.hotspot.jre.full.win32.x86_64_17.0.7.v20230425-1502\jre\bin\sunmscapi.dll
0x00007ff8960a0000 - 0x00007ff8961fd000 	C:\WINDOWS\System32\CRYPT32.dll
0x00007ff895a60000 - 0x00007ff895a87000 	C:\WINDOWS\SYSTEM32\ncrypt.dll
0x00007ff895a20000 - 0x00007ff895a5b000 	C:\WINDOWS\SYSTEM32\NTASN1.dll
0x00007ff8904c0000 - 0x00007ff8904d0000 	E:\Software\sts-4.19.1.RELEASE\plugins\org.eclipse.justj.openjdk.hotspot.jre.full.win32.x86_64_17.0.7.v20230425-1502\jre\bin\verify.dll

dbghelp: loaded successfully - version: 4.0.5 - missing functions: none
symbol engine: initialized successfully - sym options: 0x614 - pdb path: .;E:\Software\sts-4.19.1.RELEASE\plugins\org.eclipse.justj.openjdk.hotspot.jre.full.win32.x86_64_17.0.7.v20230425-1502\jre\bin;C:\WINDOWS\SYSTEM32;C:\WINDOWS\WinSxS\amd64_microsoft.windows.common-controls_6595b64144ccf1df_6.0.19041.7663_none_60b9ed0b71f50c93;E:\Software\sts-4.19.1.RELEASE\plugins\org.eclipse.justj.openjdk.hotspot.jre.full.win32.x86_64_17.0.7.v20230425-1502\jre\bin\server

VM Arguments:
jvm_args: -Dcom.sun.management.jmxremote -Dcom.sun.management.jmxremote.port=58863 -Dcom.sun.management.jmxremote.authenticate=false -Dcom.sun.management.jmxremote.ssl=false -Djava.rmi.server.hostname=localhost -Dspring.jmx.enabled=true -Dmanagement.endpoints.jmx.exposure.include=* -Dspring.application.admin.enabled=true -XX:TieredStopAtLevel=1 -Dspring.boot.project.name=ProfileMs -Dfile.encoding=UTF-8 -XX:+ShowCodeDetailsInExceptionMessages 
java_command: com.hms.profile.ProfileMsApplication --spring.output.ansi.enabled=always
java_class_path (initial): E:\STS-Projects\hms-backend\ProfileMs\target\classes;C:\Users\KAUSAL\.m2\repository\org\springframework\boot\spring-boot-starter-web\3.4.1\spring-boot-starter-web-3.4.1.jar;C:\Users\KAUSAL\.m2\repository\org\springframework\boot\spring-boot-starter\3.4.1\spring-boot-starter-3.4.1.jar;C:\Users\KAUSAL\.m2\repository\org\springframework\boot\spring-boot-starter-logging\3.4.1\spring-boot-starter-logging-3.4.1.jar;C:\Users\KAUSAL\.m2\repository\ch\qos\logback\logback-classic\1.5.12\logback-classic-1.5.12.jar;C:\Users\KAUSAL\.m2\repository\ch\qos\logback\logback-core\1.5.12\logback-core-1.5.12.jar;C:\Users\KAUSAL\.m2\repository\org\apache\logging\log4j\log4j-to-slf4j\2.24.3\log4j-to-slf4j-2.24.3.jar;C:\Users\KAUSAL\.m2\repository\org\apache\logging\log4j\log4j-api\2.24.3\log4j-api-2.24.3.jar;C:\Users\KAUSAL\.m2\repository\org\slf4j\jul-to-slf4j\2.0.16\jul-to-slf4j-2.0.16.jar;C:\Users\KAUSAL\.m2\repository\jakarta\annotation\jakarta.annotation-api\2.1.1\jakarta.annotation-api-2.1.1.jar;C:\Users\KAUSAL\.m2\repository\org\yaml\snakeyaml\2.3\snakeyaml-2.3.jar;C:\Users\KAUSAL\.m2\repository\org\springframework\boot\spring-boot-starter-json\3.4.1\spring-boot-starter-json-3.4.1.jar;C:\Users\KAUSAL\.m2\repository\com\fasterxml\jackson\core\jackson-databind\2.18.2\jackson-databind-2.18.2.jar;C:\Users\KAUSAL\.m2\repository\com\fasterxml\jackson\datatype\jackson-datatype-jdk8\2.18.2\jackson-datatype-jdk8-2.18.2.jar;C:\Users\KAUSAL\.m2\repository\com\fasterxml\jackson\datatype\jackson-datatype-jsr310\2.18.2\jackson-datatype-jsr310-2.18.2.jar;C:\Users\KAUSAL\.m2\repository\com\fasterxml\jackson\module\jackson-module-parameter-names\2.18.2\jackson-module-parameter-names-2.18.2.jar;C:\Users\KAUSAL\.m2\repository\org\springframework\boot\spring-boot-starter-tomcat\3.4.1\spring-boot-starter-tomcat-3.4.1.jar;C:\Users\KAUSAL\.m2\repository\org\apache\tomcat\embed\tomcat-embed-core\10.1.34\tomcat-embed-core-10.1.34.jar;C:\Users\KAUSAL\.m2\repository\org\apache\to
Launcher Type: SUN_STANDARD

[Global flags]
     intx CICompilerCount                          = 3                                         {product} {ergonomic}
     uint ConcGCThreads                            = 1                                         {product} {ergonomic}
     uint G1ConcRefinementThreads                  = 4                                         {product} {ergonomic}
   size_t G1HeapRegionSize                         = 1048576                                   {product} {ergonomic}
    uintx GCDrainStackTargetSize                   = 64                                        {product} {ergonomic}
   size_t InitialHeapSize                          = 67108864                                  {product} {ergonomic}
     bool ManagementServer                         = true                                      {product} {command line}
   size_t MarkStackSize                            = 4194304                                   {product} {ergonomic}
   size_t MaxHeapSize                              = 1050673152                                {product} {ergonomic}
   size_t MaxNewSize                               = 630194176                                 {product} {ergonomic}
   size_t MinHeapDeltaBytes                        = 1048576                                   {product} {ergonomic}
   size_t MinHeapSize                              = 8388608                                   {product} {ergonomic}
    uintx NonProfiledCodeHeapSize                  = 0                                      {pd product} {ergonomic}
     bool ProfileInterpreter                       = false                                  {pd product} {command line}
    uintx ProfiledCodeHeapSize                     = 0                                      {pd product} {ergonomic}
     bool ShowCodeDetailsInExceptionMessages       = true                                   {manageable} {command line}
   size_t SoftMaxHeapSize                          = 1050673152                             {manageable} {ergonomic}
     intx TieredStopAtLevel                        = 1                                         {product} {command line}
     bool UseCompressedClassPointers               = true                           {product lp64_product} {ergonomic}
     bool UseCompressedOops                        = true                           {product lp64_product} {ergonomic}
     bool UseG1GC                                  = true                                      {product} {ergonomic}
     bool UseLargePagesIndividualAllocation        = false                                  {pd product} {ergonomic}

Logging:
Log output configuration:
 #0: stdout all=warning uptime,level,tags
 #1: stderr all=off uptime,level,tags

Environment Variables:
JAVA_HOME=C:\Program Files\Java\jdk-17
PATH=E:/Software/sts-4.19.1.RELEASE//plugins/org.eclipse.justj.openjdk.hotspot.jre.full.win32.x86_64_17.0.7.v20230425-1502/jre/bin/server;E:/Software/sts-4.19.1.RELEASE//plugins/org.eclipse.justj.openjdk.hotspot.jre.full.win32.x86_64_17.0.7.v20230425-1502/jre/bin;C:\Program Files\Common Files\Oracle\Java\javapath;C:\WINDOWS\system32;C:\WINDOWS;C:\WINDOWS\System32\Wbem;C:\WINDOWS\System32\WindowsPowerShell\v1.0\;C:\WINDOWS\System32\OpenSSH\;C:\Program Files\nodejs\;C:\Program Files\Git\cmd;C:\Program Files\MySQL\MySQL Server 8.0\bin;E:\apache-maven\bin;C:\Program Files\Eclipse Adoptium\jdk-17.0.19.10-hotspot\bin;C:\Users\KAUSAL\AppData\Local\Microsoft\WindowsApps;C:\Users\KAUSAL\AppData\Roaming\npm;C:\Users\KAUSAL\AppData\Local\Programs\Microsoft VS Code\bin;C:\Users\KAUSAL\AppData\Local\Programs\DockerDesktop\resources\bin;E:\Software\sts-4.19.1.RELEASE;
USERNAME=KAUSAL
OS=Windows_NT
PROCESSOR_IDENTIFIER=Intel64 Family 6 Model 78 Stepping 3, GenuineIntel
TMP=C:\Users\KAUSAL\AppData\Local\Temp
TEMP=C:\Users\KAUSAL\AppData\Local\Temp



---------------  S Y S T E M  ---------------

OS:
 Windows 10 , 64 bit Build 19041 (10.0.19041.7663)
OS uptime: 0 days 1:05 hours
Hyper-V role detected

CPU: total 4 (initial active 4) (2 cores per cpu, 2 threads per core) family 6 model 78 stepping 3 microcode 0xf0, cx8, cmov, fxsr, ht, mmx, 3dnowpref, sse, sse2, sse3, ssse3, sse4.1, sse4.2, popcnt, lzcnt, tsc, tscinvbit, avx, avx2, aes, erms, clmul, bmi1, bmi2, adx, fma, vzeroupper, clflush, clflushopt, hv

Memory: 4k page, system-wide physical 4002M (322M free)
TotalPageFile size 12194M (AvailPageFile size 5M)
current process WorkingSet (physical memory assigned to process): 239M, peak: 239M
current process commit charge ("private bytes"): 267M, peak: 283M

vm_info: OpenJDK 64-Bit Server VM (17.0.7+7) for windows-amd64 JRE (17.0.7+7), built on Apr 18 2023 22:10:42 by "temurin" with MS VC++ 16.7 (VS2019)

END.
