#
# There is insufficient memory for the Java Runtime Environment to continue.
# Native memory allocation (mmap) failed to map 75497472 bytes for G1 virtual space
# Possible reasons:
#   The system is out of physical RAM or swap space
#   The process is running with CompressedOops enabled, and the Java Heap may be blocking the growth of the native heap
# Possible solutions:
#   Reduce memory load on the system
#   Increase physical memory or swap space
#   Check if swap backing store is full
#   Decrease Java heap size (-Xmx/-Xms)
#   Decrease number of Java threads
#   Decrease Java thread stack sizes (-Xss)
#   Set larger code cache with -XX:ReservedCodeCacheSize=
#   JVM is running with Unscaled Compressed Oops mode in which the Java heap is
#     placed in the first 4GB address space. The Java Heap base address is the
#     maximum limit for the native heap growth. Please use -XX:HeapBaseMinAddress
#     to set the Java Heap base and to place the Java Heap above 4GB virtual address.
# This output file may be truncated or incomplete.
#
#  Out of Memory Error (os_windows.cpp:3559), pid=15796, tid=10516
#
# JRE version: OpenJDK Runtime Environment Temurin-17.0.7+7 (17.0.7+7) (build 17.0.7+7)
# Java VM: OpenJDK 64-Bit Server VM Temurin-17.0.7+7 (17.0.7+7, mixed mode, emulated-client, tiered, compressed oops, compressed class ptrs, g1 gc, windows-amd64)
# No core dump will be written. Minidumps are not enabled by default on client versions of Windows
#

---------------  S U M M A R Y ------------

Command Line: -Dcom.sun.management.jmxremote -Dcom.sun.management.jmxremote.port=59870 -Dcom.sun.management.jmxremote.authenticate=false -Dcom.sun.management.jmxremote.ssl=false -Djava.rmi.server.hostname=localhost -Dspring.jmx.enabled=true -Dmanagement.endpoints.jmx.exposure.include=* -Dspring.application.admin.enabled=true -XX:TieredStopAtLevel=1 -Dspring.boot.project.name=ProfileMs -Dfile.encoding=UTF-8 -XX:+ShowCodeDetailsInExceptionMessages com.hms.profile.ProfileMsApplication --spring.output.ansi.enabled=always

Host: Intel(R) Core(TM) i3-6006U CPU @ 2.00GHz, 4 cores, 3G,  Windows 10 , 64 bit Build 19041 (10.0.19041.7663)
Time: Wed Aug 26 22:13:34 2026 Pacific Daylight Time elapsed time: 585.597873 seconds (0d 0h 9m 45s)

---------------  T H R E A D  ---------------

Current thread (0x000001f3f9c50490):  VMThread "VM Thread" [stack: 0x00000095c7100000,0x00000095c7200000] [id=10516]

Stack: [0x00000095c7100000,0x00000095c7200000]
Native frames: (J=compiled Java code, j=interpreted, Vv=VM code, C=native code)
V  [jvm.dll+0x67754a]
V  [jvm.dll+0x834304]
V  [jvm.dll+0x835aae]
V  [jvm.dll+0x836113]
V  [jvm.dll+0x24696f]
V  [jvm.dll+0x6743f9]
V  [jvm.dll+0x668c8a]
V  [jvm.dll+0x3061bb]
V  [jvm.dll+0x30d6a6]
V  [jvm.dll+0x35cece]
V  [jvm.dll+0x35d0ff]
V  [jvm.dll+0x2dd048]
V  [jvm.dll+0x2db20c]
V  [jvm.dll+0x2da7dc]
V  [jvm.dll+0x31e6db]
V  [jvm.dll+0x83a5bb]
V  [jvm.dll+0x83b2f4]
V  [jvm.dll+0x83b80c]
V  [jvm.dll+0x83bbe4]
V  [jvm.dll+0x83bcb0]
V  [jvm.dll+0x7e4e7a]
V  [jvm.dll+0x676395]
C  [ucrtbase.dll+0x21bb2]
C  [KERNEL32.DLL+0x17374]
C  [ntdll.dll+0x4cc91]

VM_Operation (0x00000095c92fe140): G1CollectForAllocation, mode: safepoint, requested by thread 0x000001f3febb4d40


---------------  P R O C E S S  ---------------

Threads class SMR info:
_java_thread_list=0x000001f381ae79b0, length=43, elements={
0x000001f3f9c2b1b0, 0x000001f3f9c2c430, 0x000001f3fe008070, 0x000001f3fe00f960,
0x000001f3fe010220, 0x000001f3fe010ae0, 0x000001f3fe0113a0, 0x000001f3fe0159d0,
0x000001f3f9bdd050, 0x000001f3fe1af820, 0x000001f3fe97ca40, 0x000001f3fe987560,
0x000001f3fe9bf940, 0x000001f3fe9fb060, 0x000001f3fea18d00, 0x000001f3feb07460,
0x000001f3febb2b90, 0x000001f3febb43a0, 0x000001f3febb3530, 0x000001f3febb3ed0,
0x000001f3febb3a00, 0x000001f3febb4d40, 0x000001f3febb5bb0, 0x000001f3febb5210,
0x000001f381cb0740, 0x000001f381caf8d0, 0x000001f381cb0c10, 0x000001f381cb0270,
0x000001f381caf400, 0x000001f381caba40, 0x000001f381cadbf0, 0x000001f381cb10e0,
0x000001f381cb1f50, 0x000001f381cab0a0, 0x000001f381cad720, 0x000001f381cac8b0,
0x000001f381cabf10, 0x000001f381cae590, 0x000001f381cb2420, 0x000001f381cab570,
0x000001f381caea60, 0x000001f381caef30, 0x000001f381cb28f0
}

Java Threads: ( => current thread )
  0x000001f3f9c2b1b0 JavaThread "Reference Handler" daemon [_thread_blocked, id=7284, stack(0x00000095c7200000,0x00000095c7300000)]
  0x000001f3f9c2c430 JavaThread "Finalizer" daemon [_thread_blocked, id=9700, stack(0x00000095c7300000,0x00000095c7400000)]
  0x000001f3fe008070 JavaThread "Signal Dispatcher" daemon [_thread_blocked, id=1824, stack(0x00000095c7400000,0x00000095c7500000)]
  0x000001f3fe00f960 JavaThread "Attach Listener" daemon [_thread_blocked, id=17632, stack(0x00000095c7500000,0x00000095c7600000)]
  0x000001f3fe010220 JavaThread "Service Thread" daemon [_thread_blocked, id=6356, stack(0x00000095c7600000,0x00000095c7700000)]
  0x000001f3fe010ae0 JavaThread "Monitor Deflation Thread" daemon [_thread_blocked, id=15256, stack(0x00000095c7700000,0x00000095c7800000)]
  0x000001f3fe0113a0 JavaThread "C1 CompilerThread0" daemon [_thread_blocked, id=17036, stack(0x00000095c7800000,0x00000095c7900000)]
  0x000001f3fe0159d0 JavaThread "Sweeper thread" daemon [_thread_blocked, id=4560, stack(0x00000095c7900000,0x00000095c7a00000)]
  0x000001f3f9bdd050 JavaThread "Common-Cleaner" daemon [_thread_blocked, id=18020, stack(0x00000095c7a00000,0x00000095c7b00000)]
  0x000001f3fe1af820 JavaThread "Notification Thread" daemon [_thread_blocked, id=2932, stack(0x00000095c7c00000,0x00000095c7d00000)]
  0x000001f3fe97ca40 JavaThread "RMI TCP Accept-0" daemon [_thread_in_native, id=12096, stack(0x00000095c8000000,0x00000095c8100000)]
  0x000001f3fe987560 JavaThread "RMI TCP Accept-59870" daemon [_thread_in_native, id=8420, stack(0x00000095c8100000,0x00000095c8200000)]
  0x000001f3fe9bf940 JavaThread "RMI TCP Accept-0" daemon [_thread_in_native, id=6076, stack(0x00000095c8200000,0x00000095c8300000)]
  0x000001f3fe9fb060 JavaThread "RMI TCP Connection(idle)" daemon [_thread_blocked, id=12768, stack(0x00000095c8400000,0x00000095c8500000)]
  0x000001f3fea18d00 JavaThread "RMI Scheduler(0)" daemon [_thread_blocked, id=20168, stack(0x00000095c8500000,0x00000095c8600000)]
  0x000001f3feb07460 JavaThread "JMX server connection timeout 21" daemon [_thread_blocked, id=19512, stack(0x00000095c8700000,0x00000095c8800000)]
  0x000001f3febb2b90 JavaThread "Catalina-utility-1" [_thread_blocked, id=6768, stack(0x00000095c7b00000,0x00000095c7c00000)]
  0x000001f3febb43a0 JavaThread "Catalina-utility-2" [_thread_blocked, id=11004, stack(0x00000095c8c00000,0x00000095c8d00000)]
  0x000001f3febb3530 JavaThread "container-0" [_thread_blocked, id=14700, stack(0x00000095c8d00000,0x00000095c8e00000)]
  0x000001f3febb3ed0 JavaThread "mysql-cj-abandoned-connection-cleanup" daemon [_thread_blocked, id=13820, stack(0x00000095c8b00000,0x00000095c8c00000)]
  0x000001f3febb3a00 JavaThread "HikariPool-1 housekeeper" daemon [_thread_blocked, id=8336, stack(0x00000095c9100000,0x00000095c9200000)]
  0x000001f3febb4d40 JavaThread "File Watcher" daemon [_thread_blocked, id=13064, stack(0x00000095c9200000,0x00000095c9300000)]
  0x000001f3febb5bb0 JavaThread "spectator-gauge-polling-0" daemon [_thread_blocked, id=9012, stack(0x00000095c8a00000,0x00000095c8b00000)]
  0x000001f3febb5210 JavaThread "AsyncResolver-bootstrap-%d" daemon [_thread_blocked, id=3532, stack(0x00000095c9400000,0x00000095c9500000)]
  0x000001f381cb0740 JavaThread "DiscoveryClient-%d" daemon [_thread_blocked, id=16960, stack(0x00000095c9500000,0x00000095c9600000)]
  0x000001f381caf8d0 JavaThread "DiscoveryClient-%d" daemon [_thread_blocked, id=19660, stack(0x00000095c9600000,0x00000095c9700000)]
  0x000001f381cb0c10 JavaThread "DiscoveryClient-InstanceInfoReplicator-%d" daemon [_thread_blocked, id=18368, stack(0x00000095c9700000,0x00000095c9800000)]
  0x000001f381cb0270 JavaThread "http-nio-8081-exec-1" daemon [_thread_blocked, id=11088, stack(0x00000095c9800000,0x00000095c9900000)]
  0x000001f381caf400 JavaThread "http-nio-8081-exec-2" daemon [_thread_blocked, id=11040, stack(0x00000095c9900000,0x00000095c9a00000)]
  0x000001f381caba40 JavaThread "http-nio-8081-exec-3" daemon [_thread_blocked, id=3784, stack(0x00000095c9a00000,0x00000095c9b00000)]
  0x000001f381cadbf0 JavaThread "http-nio-8081-exec-4" daemon [_thread_blocked, id=8880, stack(0x00000095c9b00000,0x00000095c9c00000)]
  0x000001f381cb10e0 JavaThread "http-nio-8081-exec-5" daemon [_thread_blocked, id=9104, stack(0x00000095c9c00000,0x00000095c9d00000)]
  0x000001f381cb1f50 JavaThread "http-nio-8081-exec-6" daemon [_thread_blocked, id=9156, stack(0x00000095c9d00000,0x00000095c9e00000)]
  0x000001f381cab0a0 JavaThread "http-nio-8081-exec-7" daemon [_thread_blocked, id=10188, stack(0x00000095c9e00000,0x00000095c9f00000)]
  0x000001f381cad720 JavaThread "http-nio-8081-exec-8" daemon [_thread_blocked, id=10604, stack(0x00000095c9f00000,0x00000095ca000000)]
  0x000001f381cac8b0 JavaThread "http-nio-8081-exec-9" daemon [_thread_blocked, id=11096, stack(0x00000095ca000000,0x00000095ca100000)]
  0x000001f381cabf10 JavaThread "http-nio-8081-exec-10" daemon [_thread_blocked, id=3496, stack(0x00000095ca100000,0x00000095ca200000)]
  0x000001f381cae590 JavaThread "http-nio-8081-Poller" daemon [_thread_blocked, id=6828, stack(0x00000095ca200000,0x00000095ca300000)]
  0x000001f381cb2420 JavaThread "http-nio-8081-Acceptor" daemon [_thread_in_native, id=19104, stack(0x00000095ca300000,0x00000095ca400000)]
  0x000001f381cab570 JavaThread "DestroyJavaVM" [_thread_blocked, id=9008, stack(0x00000095c6b00000,0x00000095c6c00000)]
  0x000001f381caea60 JavaThread "DiscoveryClient-HeartbeatExecutor-%d" daemon [_thread_blocked, id=12540, stack(0x00000095c6800000,0x00000095c6900000)]
  0x000001f381caef30 JavaThread "DiscoveryClient-CacheRefreshExecutor-%d" daemon [_thread_blocked, id=2740, stack(0x00000095c6900000,0x00000095c6a00000)]
  0x000001f381cb28f0 JavaThread "AsyncResolver-bootstrap-executor-%d" daemon [_thread_blocked, id=9572, stack(0x00000095c8800000,0x00000095c8900000)]

Other Threads:
=>0x000001f3f9c50490 VMThread "VM Thread" [stack: 0x00000095c7100000,0x00000095c7200000] [id=10516]
  0x000001f3eed880d0 WatcherThread [stack: 0x00000095c8300000,0x00000095c8400000] [id=17884]
  0x000001f3eedc4460 GCTaskThread "GC Thread#0" [stack: 0x00000095c6c00000,0x00000095c6d00000] [id=4452]
  0x000001f3fe905d60 GCTaskThread "GC Thread#1" [stack: 0x00000095c7d00000,0x00000095c7e00000] [id=16368]
  0x000001f3fe96ca80 GCTaskThread "GC Thread#2" [stack: 0x00000095c7e00000,0x00000095c7f00000] [id=9244]
  0x000001f3fe90b890 GCTaskThread "GC Thread#3" [stack: 0x00000095c7f00000,0x00000095c8000000] [id=17440]
  0x000001f3eedccff0 ConcurrentGCThread "G1 Main Marker" [stack: 0x00000095c6d00000,0x00000095c6e00000] [id=9868]
  0x000001f3eedce0b0 ConcurrentGCThread "G1 Conc#0" [stack: 0x00000095c6e00000,0x00000095c6f00000] [id=14612]
  0x000001f3eee1af60 ConcurrentGCThread "G1 Refine#0" [stack: 0x00000095c6f00000,0x00000095c7000000] [id=8796]
  0x000001f3eee1c170 ConcurrentGCThread "G1 Service" [stack: 0x00000095c7000000,0x00000095c7100000] [id=15676]

Threads with active compile tasks:

VM state: at safepoint (normal execution)

VM Mutex/Monitor currently owned by a thread:  ([mutex/lock_event])
[0x000001f3eed703f0] Threads_lock - owner thread: 0x000001f3f9c50490
[0x000001f3eed70360] Heap_lock - owner thread: 0x000001f3febb4d40

Heap address: 0x00000000c1600000, size: 1002 MB, Compressed Oops mode: 32-bit

CDS archive(s) not mapped
Compressed class space mapped at: 0x0000000100000000-0x0000000140000000, reserved size: 1073741824
Narrow klass base: 0x0000000000000000, Narrow klass shift: 3, Narrow klass range: 0x140000000

GC Precious Log:
 CPUs: 4 total, 4 available
 Memory: 4002M
 Large Page Support: Disabled
 NUMA Support: Disabled
 Compressed Oops: Enabled (32-bit)
 Heap Region Size: 1M
 Heap Min Capacity: 8M
 Heap Initial Capacity: 64M
 Heap Max Capacity: 1002M
 Pre-touch: Disabled
 Parallel Workers: 4
 Concurrent Workers: 1
 Concurrent Refinement Workers: 4
 Periodic GC: Disabled

Heap:
 garbage-first heap   total 78848K, used 41580K [0x00000000c1600000, 0x0000000100000000)
  region size 1024K, 1 young (1024K), 1 survivors (1024K)
 Metaspace       used 84100K, committed 85184K, reserved 1179648K
  class space    used 11742K, committed 12160K, reserved 1048576K

Heap Regions: E=young(eden), S=young(survivor), O=old, HS=humongous(starts), HC=humongous(continues), CS=collection set, F=free, OA=open archive, CA=closed archive, TAMS=top-at-mark-start (previous, next)
|   0|0x00000000c1600000, 0x00000000c1700000, 0x00000000c1700000|100%|HS|  |TAMS 0x00000000c1700000, 0x00000000c1600000| Complete 
|   1|0x00000000c1700000, 0x00000000c1800000, 0x00000000c1800000|100%|HS|  |TAMS 0x00000000c1800000, 0x00000000c1700000| Complete 
|   2|0x00000000c1800000, 0x00000000c1900000, 0x00000000c1900000|100%|HS|  |TAMS 0x00000000c1900000, 0x00000000c1800000| Complete 
|   3|0x00000000c1900000, 0x00000000c1a00000, 0x00000000c1a00000|100%| O|  |TAMS 0x00000000c1a00000, 0x00000000c1900000| Untracked 
|   4|0x00000000c1a00000, 0x00000000c1b00000, 0x00000000c1b00000|100%| O|  |TAMS 0x00000000c1b00000, 0x00000000c1a00000| Untracked 
|   5|0x00000000c1b00000, 0x00000000c1c00000, 0x00000000c1c00000|100%| O|  |TAMS 0x00000000c1c00000, 0x00000000c1b00000| Untracked 
|   6|0x00000000c1c00000, 0x00000000c1d00000, 0x00000000c1d00000|100%| O|  |TAMS 0x00000000c1d00000, 0x00000000c1c00000| Untracked 
|   7|0x00000000c1d00000, 0x00000000c1e00000, 0x00000000c1e00000|100%| O|  |TAMS 0x00000000c1e00000, 0x00000000c1d00000| Untracked 
|   8|0x00000000c1e00000, 0x00000000c1f00000, 0x00000000c1f00000|100%| O|  |TAMS 0x00000000c1f00000, 0x00000000c1e00000| Untracked 
|   9|0x00000000c1f00000, 0x00000000c2000000, 0x00000000c2000000|100%| O|  |TAMS 0x00000000c2000000, 0x00000000c1f00000| Untracked 
|  10|0x00000000c2000000, 0x00000000c2100000, 0x00000000c2100000|100%| O|  |TAMS 0x00000000c2100000, 0x00000000c2000000| Untracked 
|  11|0x00000000c2100000, 0x00000000c2200000, 0x00000000c2200000|100%| O|  |TAMS 0x00000000c2200000, 0x00000000c2100000| Complete 
|  12|0x00000000c2200000, 0x00000000c2300000, 0x00000000c2300000|100%| O|  |TAMS 0x00000000c2200000, 0x00000000c2200000| Untracked 
|  13|0x00000000c2300000, 0x00000000c2400000, 0x00000000c2400000|100%| O|  |TAMS 0x00000000c2400000, 0x00000000c2300000| Untracked 
|  14|0x00000000c2400000, 0x00000000c2500000, 0x00000000c2500000|100%| O|  |TAMS 0x00000000c2500000, 0x00000000c2400000| Untracked 
|  15|0x00000000c2500000, 0x00000000c2600000, 0x00000000c2600000|100%| O|  |TAMS 0x00000000c2600000, 0x00000000c2500000| Untracked 
|  16|0x00000000c2600000, 0x00000000c2700000, 0x00000000c2700000|100%| O|  |TAMS 0x00000000c2700000, 0x00000000c2600000| Untracked 
|  17|0x00000000c2700000, 0x00000000c2800000, 0x00000000c2800000|100%| O|  |TAMS 0x00000000c2800000, 0x00000000c2700000| Untracked 
|  18|0x00000000c2800000, 0x00000000c2900000, 0x00000000c2900000|100%| O|  |TAMS 0x00000000c2900000, 0x00000000c2800000| Untracked 
|  19|0x00000000c2900000, 0x00000000c2a00000, 0x00000000c2a00000|100%| O|  |TAMS 0x00000000c2a00000, 0x00000000c2900000| Untracked 
|  20|0x00000000c2a00000, 0x00000000c2a73c00, 0x00000000c2b00000| 45%| O|  |TAMS 0x00000000c2a00000, 0x00000000c2a00000| Untracked 
|  21|0x00000000c2b00000, 0x00000000c2c00000, 0x00000000c2c00000|100%| O|  |TAMS 0x00000000c2c00000, 0x00000000c2b00000| Untracked 
|  22|0x00000000c2c00000, 0x00000000c2d00000, 0x00000000c2d00000|100%| O|  |TAMS 0x00000000c2d00000, 0x00000000c2c00000| Untracked 
|  23|0x00000000c2d00000, 0x00000000c2e00000, 0x00000000c2e00000|100%| O|  |TAMS 0x00000000c2e00000, 0x00000000c2d00000| Untracked 
|  24|0x00000000c2e00000, 0x00000000c2f00000, 0x00000000c2f00000|100%| O|  |TAMS 0x00000000c2f00000, 0x00000000c2e00000| Untracked 
|  25|0x00000000c2f00000, 0x00000000c3000000, 0x00000000c3000000|100%| O|  |TAMS 0x00000000c3000000, 0x00000000c2f00000| Untracked 
|  26|0x00000000c3000000, 0x00000000c3100000, 0x00000000c3100000|100%| O|  |TAMS 0x00000000c3100000, 0x00000000c3000000| Untracked 
|  27|0x00000000c3100000, 0x00000000c3200000, 0x00000000c3200000|100%| O|  |TAMS 0x00000000c3200000, 0x00000000c3100000| Untracked 
|  28|0x00000000c3200000, 0x00000000c3200000, 0x00000000c3300000|  0%| F|  |TAMS 0x00000000c3200000, 0x00000000c3200000| Untracked 
|  29|0x00000000c3300000, 0x00000000c3300000, 0x00000000c3400000|  0%| F|  |TAMS 0x00000000c3300000, 0x00000000c3300000| Untracked 
|  30|0x00000000c3400000, 0x00000000c3500000, 0x00000000c3500000|100%| O|  |TAMS 0x00000000c3500000, 0x00000000c3400000| Untracked 
|  31|0x00000000c3500000, 0x00000000c3600000, 0x00000000c3600000|100%| O|  |TAMS 0x00000000c3600000, 0x00000000c3500000| Complete 
|  32|0x00000000c3600000, 0x00000000c3700000, 0x00000000c3700000|100%| O|  |TAMS 0x00000000c3700000, 0x00000000c3600000| Untracked 
|  33|0x00000000c3700000, 0x00000000c3800000, 0x00000000c3800000|100%| O|  |TAMS 0x00000000c3800000, 0x00000000c3700000| Untracked 
|  34|0x00000000c3800000, 0x00000000c3900000, 0x00000000c3900000|100%| O|  |TAMS 0x00000000c3900000, 0x00000000c3800000| Untracked 
|  35|0x00000000c3900000, 0x00000000c3a00000, 0x00000000c3a00000|100%| O|  |TAMS 0x00000000c3a00000, 0x00000000c3900000| Untracked 
|  36|0x00000000c3a00000, 0x00000000c3b00000, 0x00000000c3b00000|100%| O|  |TAMS 0x00000000c3b00000, 0x00000000c3a00000| Complete 
|  37|0x00000000c3b00000, 0x00000000c3c00000, 0x00000000c3c00000|100%| O|  |TAMS 0x00000000c3c00000, 0x00000000c3b00000| Complete 
|  38|0x00000000c3c00000, 0x00000000c3d00000, 0x00000000c3d00000|100%| O|  |TAMS 0x00000000c3c00000, 0x00000000c3c00000| Untracked 
|  39|0x00000000c3d00000, 0x00000000c3d00000, 0x00000000c3e00000|  0%| F|  |TAMS 0x00000000c3d00000, 0x00000000c3d00000| Untracked 
|  40|0x00000000c3e00000, 0x00000000c3e00000, 0x00000000c3f00000|  0%| F|  |TAMS 0x00000000c3e00000, 0x00000000c3e00000| Untracked 
|  41|0x00000000c3f00000, 0x00000000c4000000, 0x00000000c4000000|100%| O|  |TAMS 0x00000000c4000000, 0x00000000c3f00000| Untracked 
|  42|0x00000000c4000000, 0x00000000c4100000, 0x00000000c4100000|100%| O|  |TAMS 0x00000000c4100000, 0x00000000c4000000| Untracked 
|  43|0x00000000c4100000, 0x00000000c4200000, 0x00000000c4200000|100%| O|  |TAMS 0x00000000c4200000, 0x00000000c4100000| Untracked 
|  44|0x00000000c4200000, 0x00000000c4300000, 0x00000000c4300000|100%| O|  |TAMS 0x00000000c4281a00, 0x00000000c4200000| Untracked 
|  45|0x00000000c4300000, 0x00000000c4300000, 0x00000000c4400000|  0%| F|  |TAMS 0x00000000c4300000, 0x00000000c4300000| Untracked 
|  46|0x00000000c4400000, 0x00000000c4400000, 0x00000000c4500000|  0%| F|  |TAMS 0x00000000c4400000, 0x00000000c4400000| Untracked 
|  47|0x00000000c4500000, 0x00000000c4500000, 0x00000000c4600000|  0%| F|  |TAMS 0x00000000c4500000, 0x00000000c4500000| Untracked 
|  48|0x00000000c4600000, 0x00000000c4600000, 0x00000000c4700000|  0%| F|  |TAMS 0x00000000c4600000, 0x00000000c4600000| Untracked 
|  49|0x00000000c4700000, 0x00000000c4700000, 0x00000000c4800000|  0%| F|  |TAMS 0x00000000c4700000, 0x00000000c4700000| Untracked 
|  50|0x00000000c4800000, 0x00000000c4800000, 0x00000000c4900000|  0%| F|  |TAMS 0x00000000c4800000, 0x00000000c4800000| Untracked 
|  51|0x00000000c4900000, 0x00000000c4900000, 0x00000000c4a00000|  0%| F|  |TAMS 0x00000000c4900000, 0x00000000c4900000| Untracked 
|  52|0x00000000c4a00000, 0x00000000c4a00000, 0x00000000c4b00000|  0%| F|  |TAMS 0x00000000c4a00000, 0x00000000c4a00000| Untracked 
|  53|0x00000000c4b00000, 0x00000000c4b00000, 0x00000000c4c00000|  0%| F|  |TAMS 0x00000000c4b00000, 0x00000000c4b00000| Untracked 
|  54|0x00000000c4c00000, 0x00000000c4c00000, 0x00000000c4d00000|  0%| F|  |TAMS 0x00000000c4c00000, 0x00000000c4c00000| Untracked 
|  55|0x00000000c4d00000, 0x00000000c4d00000, 0x00000000c4e00000|  0%| F|  |TAMS 0x00000000c4d00000, 0x00000000c4d00000| Untracked 
|  56|0x00000000c4e00000, 0x00000000c4e00000, 0x00000000c4f00000|  0%| F|  |TAMS 0x00000000c4e00000, 0x00000000c4e00000| Untracked 
|  57|0x00000000c4f00000, 0x00000000c4f00000, 0x00000000c5000000|  0%| F|  |TAMS 0x00000000c4f00000, 0x00000000c4f00000| Untracked 
|  58|0x00000000c5000000, 0x00000000c5000000, 0x00000000c5100000|  0%| F|  |TAMS 0x00000000c5000000, 0x00000000c5000000| Untracked 
|  59|0x00000000c5100000, 0x00000000c5100000, 0x00000000c5200000|  0%| F|  |TAMS 0x00000000c5100000, 0x00000000c5100000| Untracked 
|  60|0x00000000c5200000, 0x00000000c5200000, 0x00000000c5300000|  0%| F|  |TAMS 0x00000000c5200000, 0x00000000c5200000| Untracked 
|  61|0x00000000c5300000, 0x00000000c5300000, 0x00000000c5400000|  0%| F|  |TAMS 0x00000000c5300000, 0x00000000c5300000| Untracked 
|  62|0x00000000c5400000, 0x00000000c5400000, 0x00000000c5500000|  0%| F|  |TAMS 0x00000000c5400000, 0x00000000c5400000| Untracked 
|  63|0x00000000c5500000, 0x00000000c5500000, 0x00000000c5600000|  0%| F|  |TAMS 0x00000000c5500000, 0x00000000c5500000| Untracked 
|  64|0x00000000c5600000, 0x00000000c5600000, 0x00000000c5700000|  0%| F|  |TAMS 0x00000000c5600000, 0x00000000c5600000| Untracked 
|  65|0x00000000c5700000, 0x00000000c5700000, 0x00000000c5800000|  0%| F|  |TAMS 0x00000000c5700000, 0x00000000c5700000| Untracked 
|  66|0x00000000c5800000, 0x00000000c5800000, 0x00000000c5900000|  0%| F|  |TAMS 0x00000000c5800000, 0x00000000c5800000| Untracked 
|  67|0x00000000c5900000, 0x00000000c5900000, 0x00000000c5a00000|  0%| F|  |TAMS 0x00000000c5900000, 0x00000000c5900000| Untracked 
|  68|0x00000000c5a00000, 0x00000000c5a00000, 0x00000000c5b00000|  0%| F|  |TAMS 0x00000000c5a00000, 0x00000000c5a00000| Untracked 
|  69|0x00000000c5b00000, 0x00000000c5b00000, 0x00000000c5c00000|  0%| F|  |TAMS 0x00000000c5b00000, 0x00000000c5b00000| Untracked 
|  70|0x00000000c5c00000, 0x00000000c5c00000, 0x00000000c5d00000|  0%| F|  |TAMS 0x00000000c5c00000, 0x00000000c5c00000| Untracked 
|  71|0x00000000c5d00000, 0x00000000c5d00000, 0x00000000c5e00000|  0%| F|  |TAMS 0x00000000c5d00000, 0x00000000c5d00000| Untracked 
|  72|0x00000000c5e00000, 0x00000000c5e00000, 0x00000000c5f00000|  0%| F|  |TAMS 0x00000000c5e00000, 0x00000000c5e00000| Untracked 
|  73|0x00000000c5f00000, 0x00000000c5f00000, 0x00000000c6000000|  0%| F|  |TAMS 0x00000000c5f00000, 0x00000000c5f00000| Untracked 
|  74|0x00000000c6000000, 0x00000000c6027570, 0x00000000c6100000| 15%| S|CS|TAMS 0x00000000c6000000, 0x00000000c6000000| Complete 
|  75|0x00000000c6100000, 0x00000000c6100000, 0x00000000c6200000|  0%| F|  |TAMS 0x00000000c6100000, 0x00000000c6100000| Untracked 
|  76|0x00000000c6200000, 0x00000000c6200000, 0x00000000c6300000|  0%| F|  |TAMS 0x00000000c6200000, 0x00000000c6200000| Untracked 

Card table byte_map: [0x000001f3f5430000,0x000001f3f5630000] _byte_map_base: 0x000001f3f4e25000

Marking Bits (Prev, Next): (CMBitMap*) 0x000001f3eedc49c0, (CMBitMap*) 0x000001f3eedc4980
 Prev Bits: [0x000001f3f67e0000, 0x000001f3f7788000)
 Next Bits: [0x000001f3f5830000, 0x000001f3f67d8000)

Polling page: 0x000001f3ecb00000

Metaspace:

Usage:
  Non-class:     70.66 MB used.
      Class:     11.47 MB used.
       Both:     82.13 MB used.

Virtual space:
  Non-class space:      128.00 MB reserved,      71.31 MB ( 56%) committed,  2 nodes.
      Class space:        1.00 GB reserved,      11.88 MB (  1%) committed,  1 nodes.
             Both:        1.12 GB reserved,      83.19 MB (  7%) committed. 

Chunk freelists:
   Non-Class:  8.26 MB
       Class:  4.12 MB
        Both:  12.39 MB

MaxMetaspaceSize: unlimited
CompressedClassSpaceSize: 1.00 GB
Initial GC threshold: 21.00 MB
Current GC threshold: 138.69 MB
CDS: off
MetaspaceReclaimPolicy: balanced
 - commit_granule_bytes: 65536.
 - commit_granule_words: 8192.
 - virtual_space_node_default_size: 8388608.
 - enlarge_chunks_in_place: 1.
 - new_chunks_are_fully_committed: 0.
 - uncommit_free_chunks: 1.
 - use_allocation_guard: 0.
 - handle_deallocations: 1.


Internal statistics:

num_allocs_failed_limit: 6.
num_arena_births: 1016.
num_arena_deaths: 394.
num_vsnodes_births: 3.
num_vsnodes_deaths: 0.
num_space_committed: 1331.
num_space_uncommitted: 0.
num_chunks_returned_to_freelist: 465.
num_chunks_taken_from_freelist: 3847.
num_chunk_merges: 159.
num_chunk_splits: 2704.
num_chunks_enlarged: 2088.
num_inconsistent_stats: 0.

CodeCache: size=49152Kb used=12367Kb max_used=12577Kb free=36784Kb
 bounds [0x000001f3f2430000, 0x000001f3f30a0000, 0x000001f3f5430000]
 total_blobs=7830 nmethods=7153 adapters=604
 compilation: enabled
              stopped_count=0, restarted_count=0
 full_count=0

Compilation events (20 events):
Event: 544.505 Thread 0x000001f3fe0113a0 7190       1       java.util.HashSet::toArray (18 bytes)
Event: 544.518 Thread 0x000001f3fe0113a0 nmethod 7190 0x000001f3f3054690 code [0x000001f3f3054820, 0x000001f3f30549a8]
Event: 553.594 Thread 0x000001f3fe0113a0 7191       1       java.io.ObjectOutputStream$HandleTable::clear (27 bytes)
Event: 553.601 Thread 0x000001f3fe0113a0 nmethod 7191 0x000001f3f3054190 code [0x000001f3f3054340, 0x000001f3f3054508]
Event: 567.764 Thread 0x000001f3fe0113a0 7192       1       org.springframework.web.util.RfcUriParser$State$7::handleNext (92 bytes)
Event: 567.768 Thread 0x000001f3fe0113a0 nmethod 7192 0x000001f3f3053a90 code [0x000001f3f3053c80, 0x000001f3f3054018]
Event: 567.768 Thread 0x000001f3fe0113a0 7193       1       org.springframework.web.util.RfcUriParser$InternalParser::countDownPercentEncodingInPath (82 bytes)
Event: 567.769 Thread 0x000001f3fe0113a0 nmethod 7193 0x000001f3f3053690 code [0x000001f3f3053840, 0x000001f3f3053a08]
Event: 567.769 Thread 0x000001f3fe0113a0 7194       1       org.apache.hc.core5.http.message.BasicListHeaderIterator::<init> (37 bytes)
Event: 567.772 Thread 0x000001f3fe0113a0 nmethod 7194 0x000001f3f3053110 code [0x000001f3f30532c0, 0x000001f3f3053578]
Event: 574.770 Thread 0x000001f3fe0113a0 7195       1       java.nio.charset.CharsetDecoder::onMalformedInput (26 bytes)
Event: 574.988 Thread 0x000001f3fe0113a0 nmethod 7195 0x000001f3f3052d10 code [0x000001f3f3052ec0, 0x000001f3f3053088]
Event: 574.988 Thread 0x000001f3fe0113a0 7196       1       java.nio.charset.CharsetDecoder::implOnMalformedInput (1 bytes)
Event: 574.988 Thread 0x000001f3fe0113a0 nmethod 7196 0x000001f3f3052a10 code [0x000001f3f3052ba0, 0x000001f3f3052c58]
Event: 574.988 Thread 0x000001f3fe0113a0 7197       1       java.nio.charset.CharsetDecoder::onUnmappableCharacter (26 bytes)
Event: 574.989 Thread 0x000001f3fe0113a0 nmethod 7197 0x000001f3f3052610 code [0x000001f3f30527c0, 0x000001f3f3052988]
Event: 574.989 Thread 0x000001f3fe0113a0 7198       1       java.nio.charset.CharsetDecoder::implOnUnmappableCharacter (1 bytes)
Event: 574.989 Thread 0x000001f3fe0113a0 nmethod 7198 0x000001f3f3052310 code [0x000001f3f30524a0, 0x000001f3f3052558]
Event: 582.398 Thread 0x000001f3fe0113a0 7200       1       java.util.HashMap$Values::toArray (16 bytes)
Event: 582.400 Thread 0x000001f3fe0113a0 nmethod 7200 0x000001f3f3051f90 code [0x000001f3f3052140, 0x000001f3f3052258]

GC Heap History (20 events):
Event: 46.453 GC heap after
{Heap after GC invocations=32 (full 0):
 garbage-first heap   total 68608K, used 40030K [0x00000000c1600000, 0x0000000100000000)
  region size 1024K, 3 young (3072K), 3 survivors (3072K)
 Metaspace       used 75394K, committed 75968K, reserved 1114112K
  class space    used 10479K, committed 10752K, reserved 1048576K
}
Event: 47.915 GC heap before
{Heap before GC invocations=32 (full 0):
 garbage-first heap   total 68608K, used 55390K [0x00000000c1600000, 0x0000000100000000)
  region size 1024K, 19 young (19456K), 3 survivors (3072K)
 Metaspace       used 77364K, committed 78016K, reserved 1179648K
  class space    used 10785K, committed 11072K, reserved 1048576K
}
Event: 47.924 GC heap after
{Heap after GC invocations=33 (full 0):
 garbage-first heap   total 68608K, used 41555K [0x00000000c1600000, 0x0000000100000000)
  region size 1024K, 3 young (3072K), 3 survivors (3072K)
 Metaspace       used 77364K, committed 78016K, reserved 1179648K
  class space    used 10785K, committed 11072K, reserved 1048576K
}
Event: 51.511 GC heap before
{Heap before GC invocations=34 (full 0):
 garbage-first heap   total 73728K, used 55891K [0x00000000c1600000, 0x0000000100000000)
  region size 1024K, 17 young (17408K), 3 survivors (3072K)
 Metaspace       used 78179K, committed 78784K, reserved 1179648K
  class space    used 10921K, committed 11200K, reserved 1048576K
}
Event: 51.521 GC heap after
{Heap after GC invocations=35 (full 0):
 garbage-first heap   total 73728K, used 42826K [0x00000000c1600000, 0x0000000100000000)
  region size 1024K, 2 young (2048K), 2 survivors (2048K)
 Metaspace       used 78179K, committed 78784K, reserved 1179648K
  class space    used 10921K, committed 11200K, reserved 1048576K
}
Event: 53.027 GC heap before
{Heap before GC invocations=35 (full 0):
 garbage-first heap   total 73728K, used 59210K [0x00000000c1600000, 0x0000000100000000)
  region size 1024K, 18 young (18432K), 2 survivors (2048K)
 Metaspace       used 81226K, committed 81856K, reserved 1179648K
  class space    used 11366K, committed 11648K, reserved 1048576K
}
Event: 53.035 GC heap after
{Heap after GC invocations=36 (full 0):
 garbage-first heap   total 73728K, used 44481K [0x00000000c1600000, 0x0000000100000000)
  region size 1024K, 3 young (3072K), 3 survivors (3072K)
 Metaspace       used 81226K, committed 81856K, reserved 1179648K
  class space    used 11366K, committed 11648K, reserved 1048576K
}
Event: 57.292 GC heap before
{Heap before GC invocations=37 (full 0):
 garbage-first heap   total 76800K, used 59841K [0x00000000c1600000, 0x0000000100000000)
  region size 1024K, 18 young (18432K), 3 survivors (3072K)
 Metaspace       used 84336K, committed 84992K, reserved 1179648K
  class space    used 11801K, committed 12096K, reserved 1048576K
}
Event: 58.779 GC heap after
{Heap after GC invocations=38 (full 0):
 garbage-first heap   total 76800K, used 45612K [0x00000000c1600000, 0x0000000100000000)
  region size 1024K, 2 young (2048K), 2 survivors (2048K)
 Metaspace       used 84336K, committed 84992K, reserved 1179648K
  class space    used 11801K, committed 12096K, reserved 1048576K
}
Event: 61.863 GC heap before
{Heap before GC invocations=38 (full 0):
 garbage-first heap   total 76800K, used 46636K [0x00000000c1600000, 0x0000000100000000)
  region size 1024K, 3 young (3072K), 2 survivors (2048K)
 Metaspace       used 84350K, committed 84992K, reserved 1179648K
  class space    used 11803K, committed 12096K, reserved 1048576K
}
Event: 61.872 GC heap after
{Heap after GC invocations=39 (full 0):
 garbage-first heap   total 76800K, used 44928K [0x00000000c1600000, 0x0000000100000000)
  region size 1024K, 1 young (1024K), 1 survivors (1024K)
 Metaspace       used 84350K, committed 84992K, reserved 1179648K
  class space    used 11803K, committed 12096K, reserved 1048576K
}
Event: 273.759 GC heap before
{Heap before GC invocations=39 (full 0):
 garbage-first heap   total 76800K, used 52096K [0x00000000c1600000, 0x0000000100000000)
  region size 1024K, 9 young (9216K), 1 survivors (1024K)
 Metaspace       used 84442K, committed 85184K, reserved 1179648K
  class space    used 11818K, committed 12160K, reserved 1048576K
}
Event: 274.020 GC heap after
{Heap after GC invocations=40 (full 0):
 garbage-first heap   total 76800K, used 44774K [0x00000000c1600000, 0x0000000100000000)
  region size 1024K, 1 young (1024K), 1 survivors (1024K)
 Metaspace       used 84442K, committed 85184K, reserved 1179648K
  class space    used 11818K, committed 12160K, reserved 1048576K
}
Event: 413.334 GC heap before
{Heap before GC invocations=41 (full 0):
 garbage-first heap   total 78848K, used 49894K [0x00000000c1600000, 0x0000000100000000)
  region size 1024K, 6 young (6144K), 1 survivors (1024K)
 Metaspace       used 84092K, committed 85184K, reserved 1179648K
  class space    used 11741K, committed 12160K, reserved 1048576K
}
Event: 413.497 GC heap after
{Heap after GC invocations=42 (full 0):
 garbage-first heap   total 78848K, used 44779K [0x00000000c1600000, 0x0000000100000000)
  region size 1024K, 1 young (1024K), 1 survivors (1024K)
 Metaspace       used 84092K, committed 85184K, reserved 1179648K
  class space    used 11741K, committed 12160K, reserved 1048576K
}
Event: 469.718 GC heap before
{Heap before GC invocations=42 (full 0):
 garbage-first heap   total 78848K, used 46827K [0x00000000c1600000, 0x0000000100000000)
  region size 1024K, 3 young (3072K), 1 survivors (1024K)
 Metaspace       used 84092K, committed 85184K, reserved 1179648K
  class space    used 11741K, committed 12160K, reserved 1048576K
}
Event: 471.407 GC heap after
{Heap after GC invocations=43 (full 0):
 garbage-first heap   total 78848K, used 43438K [0x00000000c1600000, 0x0000000100000000)
  region size 1024K, 1 young (1024K), 1 survivors (1024K)
 Metaspace       used 84092K, committed 85184K, reserved 1179648K
  class space    used 11741K, committed 12160K, reserved 1048576K
}
Event: 527.124 GC heap before
{Heap before GC invocations=43 (full 0):
 garbage-first heap   total 78848K, used 45486K [0x00000000c1600000, 0x0000000100000000)
  region size 1024K, 3 young (3072K), 1 survivors (1024K)
 Metaspace       used 84100K, committed 85184K, reserved 1179648K
  class space    used 11742K, committed 12160K, reserved 1048576K
}
Event: 528.062 GC heap after
{Heap after GC invocations=44 (full 0):
 garbage-first heap   total 78848K, used 42384K [0x00000000c1600000, 0x0000000100000000)
  region size 1024K, 1 young (1024K), 1 survivors (1024K)
 Metaspace       used 84100K, committed 85184K, reserved 1179648K
  class space    used 11742K, committed 12160K, reserved 1048576K
}
Event: 585.151 GC heap before
{Heap before GC invocations=44 (full 0):
 garbage-first heap   total 78848K, used 44432K [0x00000000c1600000, 0x0000000100000000)
  region size 1024K, 3 young (3072K), 1 survivors (1024K)
 Metaspace       used 84100K, committed 85184K, reserved 1179648K
  class space    used 11742K, committed 12160K, reserved 1048576K
}

Dll operation events (9 events):
Event: 0.023 Loaded shared library E:\Software\sts-4.19.1.RELEASE\plugins\org.eclipse.justj.openjdk.hotspot.jre.full.win32.x86_64_17.0.7.v20230425-1502\jre\bin\java.dll
Event: 0.971 Loaded shared library E:\Software\sts-4.19.1.RELEASE\plugins\org.eclipse.justj.openjdk.hotspot.jre.full.win32.x86_64_17.0.7.v20230425-1502\jre\bin\jimage.dll
Event: 1.000 Loaded shared library E:\Software\sts-4.19.1.RELEASE\plugins\org.eclipse.justj.openjdk.hotspot.jre.full.win32.x86_64_17.0.7.v20230425-1502\jre\bin\net.dll
Event: 1.002 Loaded shared library E:\Software\sts-4.19.1.RELEASE\plugins\org.eclipse.justj.openjdk.hotspot.jre.full.win32.x86_64_17.0.7.v20230425-1502\jre\bin\nio.dll
Event: 1.011 Loaded shared library E:\Software\sts-4.19.1.RELEASE\plugins\org.eclipse.justj.openjdk.hotspot.jre.full.win32.x86_64_17.0.7.v20230425-1502\jre\bin\zip.dll
Event: 1.457 Loaded shared library E:\Software\sts-4.19.1.RELEASE\plugins\org.eclipse.justj.openjdk.hotspot.jre.full.win32.x86_64_17.0.7.v20230425-1502\jre\bin\management.dll
Event: 1.653 Loaded shared library E:\Software\sts-4.19.1.RELEASE\plugins\org.eclipse.justj.openjdk.hotspot.jre.full.win32.x86_64_17.0.7.v20230425-1502\jre\bin\management_ext.dll
Event: 19.313 Loaded shared library E:\Software\sts-4.19.1.RELEASE\plugins\org.eclipse.justj.openjdk.hotspot.jre.full.win32.x86_64_17.0.7.v20230425-1502\jre\bin\sunmscapi.dll
Event: 34.895 Loaded shared library E:\Software\sts-4.19.1.RELEASE\plugins\org.eclipse.justj.openjdk.hotspot.jre.full.win32.x86_64_17.0.7.v20230425-1502\jre\bin\verify.dll

Deoptimization events (12 events):
Event: 16.301 Thread 0x000001f3febb26c0 DEOPT PACKING pc=0x000001f3f2a04499 sp=0x00000095c89fcbf0
Event: 16.301 Thread 0x000001f3febb26c0 DEOPT UNPACKING pc=0x000001f3f2487143 sp=0x00000095c89fc0d0 mode 3
Event: 17.286 Thread 0x000001f3febb26c0 DEOPT PACKING pc=0x000001f3f2a493d5 sp=0x00000095c89fd240
Event: 17.286 Thread 0x000001f3febb26c0 DEOPT UNPACKING pc=0x000001f3f2487143 sp=0x00000095c89fc6e8 mode 3
Event: 28.166 Thread 0x000001f3febb26c0 DEOPT PACKING pc=0x000001f3f2c78f19 sp=0x00000095c89fd800
Event: 28.166 Thread 0x000001f3febb26c0 DEOPT UNPACKING pc=0x000001f3f2487143 sp=0x00000095c89fcce0 mode 3
Event: 30.401 Thread 0x000001f3febb26c0 DEOPT PACKING pc=0x000001f3f2ced27d sp=0x00000095c89fcd10
Event: 30.401 Thread 0x000001f3febb26c0 DEOPT UNPACKING pc=0x000001f3f2487143 sp=0x00000095c89fc278 mode 3
Event: 44.713 Thread 0x000001f3febb26c0 DEOPT PACKING pc=0x000001f3f2e7e7cc sp=0x00000095c89fa920
Event: 44.713 Thread 0x000001f3febb26c0 DEOPT UNPACKING pc=0x000001f3f2487143 sp=0x00000095c89f9db8 mode 3
Event: 55.203 Thread 0x000001f3febb26c0 DEOPT PACKING pc=0x000001f3f2900f14 sp=0x00000095c89fcdd0
Event: 55.203 Thread 0x000001f3febb26c0 DEOPT UNPACKING pc=0x000001f3f2487143 sp=0x00000095c89fc278 mode 0

Classes unloaded (20 events):
Event: 275.426 Thread 0x000001f3f9c50490 Unloading class 0x0000000100159000 'jdk/internal/reflect/GeneratedSerializationConstructorAccessor9'
Event: 275.426 Thread 0x000001f3f9c50490 Unloading class 0x0000000100156c00 'java/lang/invoke/LambdaForm$MH+0x0000000100156c00'
Event: 275.427 Thread 0x000001f3f9c50490 Unloading class 0x0000000100156800 'java/lang/invoke/LambdaForm$MH+0x0000000100156800'
Event: 275.427 Thread 0x000001f3f9c50490 Unloading class 0x0000000100155c00 'java/lang/invoke/LambdaForm$MH+0x0000000100155c00'
Event: 275.427 Thread 0x000001f3f9c50490 Unloading class 0x0000000100155800 'java/lang/invoke/LambdaForm$MH+0x0000000100155800'
Event: 275.427 Thread 0x000001f3f9c50490 Unloading class 0x0000000100155000 'java/lang/invoke/LambdaForm$MH+0x0000000100155000'
Event: 275.427 Thread 0x000001f3f9c50490 Unloading class 0x0000000100142800 'java/lang/invoke/LambdaForm$MH+0x0000000100142800'
Event: 275.428 Thread 0x000001f3f9c50490 Unloading class 0x00000001000c6000 'java/lang/invoke/LambdaForm$MH+0x00000001000c6000'
Event: 275.428 Thread 0x000001f3f9c50490 Unloading class 0x00000001000c5c00 'java/lang/invoke/LambdaForm$MH+0x00000001000c5c00'
Event: 275.428 Thread 0x000001f3f9c50490 Unloading class 0x00000001000c5800 'java/lang/invoke/LambdaForm$MH+0x00000001000c5800'
Event: 275.428 Thread 0x000001f3f9c50490 Unloading class 0x00000001000c5400 'java/lang/invoke/LambdaForm$MH+0x00000001000c5400'
Event: 275.428 Thread 0x000001f3f9c50490 Unloading class 0x00000001000c5000 'java/lang/invoke/LambdaForm$MH+0x00000001000c5000'
Event: 275.428 Thread 0x000001f3f9c50490 Unloading class 0x00000001000c4c00 'java/lang/invoke/LambdaForm$MH+0x00000001000c4c00'
Event: 275.428 Thread 0x000001f3f9c50490 Unloading class 0x00000001000c3c00 'java/lang/invoke/LambdaForm$MH+0x00000001000c3c00'
Event: 275.428 Thread 0x000001f3f9c50490 Unloading class 0x00000001000c3800 'java/lang/invoke/LambdaForm$MH+0x00000001000c3800'
Event: 275.428 Thread 0x000001f3f9c50490 Unloading class 0x00000001000c3000 'java/lang/invoke/LambdaForm$MH+0x00000001000c3000'
Event: 275.428 Thread 0x000001f3f9c50490 Unloading class 0x00000001000c2400 'java/lang/invoke/LambdaForm$MH+0x00000001000c2400'
Event: 275.428 Thread 0x000001f3f9c50490 Unloading class 0x00000001000c1c00 'java/lang/invoke/LambdaForm$MH+0x00000001000c1c00'
Event: 275.428 Thread 0x000001f3f9c50490 Unloading class 0x00000001000c1400 'java/lang/invoke/LambdaForm$MH+0x00000001000c1400'
Event: 275.428 Thread 0x000001f3f9c50490 Unloading class 0x00000001000c0c00 'java/lang/invoke/LambdaForm$MH+0x00000001000c0c00'

Classes redefined (0 events):
No events

Internal exceptions (20 events):
Event: 44.175 Thread 0x000001f3febb26c0 Exception <a 'java/lang/reflect/InvocationTargetException'{0x00000000c51e6f40}> (0x00000000c51e6f40) 
thrown [s\src\hotspot\share\runtime\reflection.cpp, line 1121]
Event: 45.905 Thread 0x000001f3febb26c0 Exception <a 'sun/nio/fs/WindowsException'{0x00000000c50caa68}> (0x00000000c50caa68) 
thrown [s\src\hotspot\share\prims\jni.cpp, line 516]
Event: 46.105 Thread 0x000001f3febb26c0 Exception <a 'java/lang/IncompatibleClassChangeError'{0x00000000c4da7700}: Found class java.lang.Object, but interface was expected> (0x00000000c4da7700) 
thrown [s\src\hotspot\share\interpreter\linkResolver.cpp, line 826]
Event: 46.642 Thread 0x000001f3febb26c0 Exception <a 'java/lang/NoSuchMethodError'{0x00000000c57c8e90}: 'java.lang.Object java.lang.invoke.DirectMethodHandle$Holder.invokeInterface(java.lang.Object, java.lang.Object, java.lang.Object, java.lang.Object)'> (0x00000000c57c8e90) 
thrown [s\src\hotspot\share\interpreter\linkResolver.cpp, line 759]
Event: 46.865 Thread 0x000001f3febb26c0 Exception <a 'java/lang/NoSuchMethodError'{0x00000000c55ef120}: 'void java.lang.invoke.DirectMethodHandle$Holder.invokeVirtual(java.lang.Object, java.lang.Object, long)'> (0x00000000c55ef120) 
thrown [s\src\hotspot\share\interpreter\linkResolver.cpp, line 759]
Event: 47.076 Thread 0x000001f3febb26c0 Exception <a 'java/lang/NoSuchMethodError'{0x00000000c52a2ae8}: 'int java.lang.invoke.DirectMethodHandle$Holder.invokeStaticInit(java.lang.Object, java.lang.Object, java.lang.Object, java.lang.Object)'> (0x00000000c52a2ae8) 
thrown [s\src\hotspot\share\interpreter\linkResolver.cpp, line 759]
Event: 47.162 Thread 0x000001f3febb26c0 Exception <a 'java/lang/NoSuchMethodError'{0x00000000c5016508}: 'java.lang.Object java.lang.invoke.Invokers$Holder.invoke_MT(java.lang.Object, java.lang.Object, java.lang.Object, java.lang.Object, java.lang.Object, java.lang.Object, java.lang.Object, java.lang.Object, java.lang.Object)'> (0x00000000c5016508) 
thrown [s\src\hotspot\share\interpreter\linkResolver.cpp, line 759]
Event: 47.459 Thread 0x000001f3febb26c0 Exception <a 'java/lang/IncompatibleClassChangeError'{0x00000000c4e56e20}: Found class java.lang.Object, but interface was expected> (0x00000000c4e56e20) 
thrown [s\src\hotspot\share\interpreter\linkResolver.cpp, line 826]
Event: 47.856 Thread 0x000001f3febb26c0 Exception <a 'java/lang/NoSuchMethodError'{0x00000000c4632b60}: 'java.lang.Object java.lang.invoke.DirectMethodHandle$Holder.invokeSpecial(java.lang.Object, java.lang.Object, java.lang.Object, java.lang.Object, java.lang.Object, java.lang.Object, java.lang.Object, java.lang.Object, java.lang.Object, java.lang.Object, java.lang.Object)'> (0x00000000c4632b60) 
thrown [s\src\hotspot\share\interpreter\linkResolver.cpp, line 759]
Event: 47.857 Thread 0x000001f3febb26c0 Exception <a 'java/lang/NoSuchMethodError'{0x00000000c4636f90}: 'java.lang.Object java.lang.invoke.Invokers$Holder.invoke_MT(java.lang.Object, java.lang.Object, java.lang.Object, java.lang.Object, java.lang.Object, java.lang.Object, java.lang.Object, java.lang.Object, java.lang.Object, java.lang.Object, java.lang.Object)'> (0x00000000c4636f90) 
thrown [s\src\hotspot\share\interpreter\linkResolver.cpp, line 759]
Event: 48.123 Thread 0x000001f3febb26c0 Exception <a 'java/net/BindException'{0x00000000c5d15b48}: Address already in use: bind> (0x00000000c5d15b48) 
thrown [s\src\hotspot\share\prims\jni.cpp, line 535]
Event: 48.123 Thread 0x000001f3febb26c0 Exception <a 'java/net/SocketException'{0x00000000c5d16128}: Socket is not connected: shutdown> (0x00000000c5d16128) 
thrown [s\src\hotspot\share\prims\jni.cpp, line 535]
Event: 51.085 Thread 0x000001f3febb26c0 Exception <a 'java/lang/IncompatibleClassChangeError'{0x00000000c5434e78}: Found class java.lang.Object, but interface was expected> (0x00000000c5434e78) 
thrown [s\src\hotspot\share\interpreter\linkResolver.cpp, line 826]
Event: 51.578 Thread 0x000001f3febb26c0 Exception <a 'java/lang/NoSuchMethodError'{0x00000000c5d34570}: 'java.lang.Object java.lang.invoke.DirectMethodHandle$Holder.newInvokeSpecial(java.lang.Object, java.lang.Object, int, java.lang.Object, java.lang.Object)'> (0x00000000c5d34570) 
thrown [s\src\hotspot\share\interpreter\linkResolver.cpp, line 759]
Event: 51.753 Thread 0x000001f3febb26c0 Exception <a 'java/lang/NoSuchMethodError'{0x00000000c5ccc1e0}: 'double java.lang.invoke.DirectMethodHandle$Holder.invokeVirtual(java.lang.Object, java.lang.Object)'> (0x00000000c5ccc1e0) 
thrown [s\src\hotspot\share\interpreter\linkResolver.cpp, line 759]
Event: 51.999 Thread 0x000001f3febb26c0 Exception <a 'sun/nio/fs/WindowsException'{0x00000000c5ac2190}> (0x00000000c5ac2190) 
thrown [s\src\hotspot\share\prims\jni.cpp, line 516]
Event: 52.529 Thread 0x000001f3febb26c0 Exception <a 'java/lang/NoSuchMethodError'{0x00000000c54fef58}: 'java.lang.Object java.lang.invoke.DirectMethodHandle$Holder.invokeStatic(java.lang.Object, java.lang.Object, java.lang.Object, java.lang.Object, int, java.lang.Object, java.lang.Object)'> (0x00000000c54fef58) 
thrown [s\src\hotspot\share\interpreter\linkResolver.cpp, line 759]
Event: 55.024 Thread 0x000001f3febb26c0 Exception <a 'java/lang/NoSuchMethodError'{0x00000000c58478c8}: 'java.lang.Object java.lang.invoke.DirectMethodHandle$Holder.invokeStatic(java.lang.Object, int, int)'> (0x00000000c58478c8) 
thrown [s\src\hotspot\share\interpreter\linkResolver.cpp, line 759]
Event: 57.231 Thread 0x000001f3fea53850 Exception <a 'java/lang/NoSuchMethodError'{0x00000000c52ac038}: static [B.<clinit>()V> (0x00000000c52ac038) 
thrown [s\src\hotspot\share\prims\jni.cpp, line 1107]
Event: 359.344 Thread 0x000001f3fe9fb060 Exception <a 'java/lang/NoSuchMethodError'{0x00000000c5f23470}: static [B.<clinit>()V> (0x00000000c5f23470) 
thrown [s\src\hotspot\share\prims\jni.cpp, line 1107]

VM Operations (20 events):
Event: 413.497 Executing VM operation: G1CollectForAllocation done
Event: 424.577 Executing VM operation: Cleanup
Event: 424.577 Executing VM operation: Cleanup done
Event: 448.641 Executing VM operation: Cleanup
Event: 448.642 Executing VM operation: Cleanup done
Event: 454.644 Executing VM operation: Cleanup
Event: 454.644 Executing VM operation: Cleanup done
Event: 469.699 Executing VM operation: G1CollectForAllocation
Event: 471.418 Executing VM operation: G1CollectForAllocation done
Event: 493.430 Executing VM operation: Cleanup
Event: 493.435 Executing VM operation: Cleanup done
Event: 527.094 Executing VM operation: G1CollectForAllocation
Event: 528.067 Executing VM operation: G1CollectForAllocation done
Event: 537.072 Executing VM operation: Cleanup
Event: 537.073 Executing VM operation: Cleanup done
Event: 553.086 Executing VM operation: Cleanup
Event: 553.086 Executing VM operation: Cleanup done
Event: 568.095 Executing VM operation: Cleanup
Event: 568.095 Executing VM operation: Cleanup done
Event: 585.054 Executing VM operation: G1CollectForAllocation

Events (20 events):
Event: 61.746 loading class sun/nio/cs/ISO_8859_1$Encoder
Event: 61.746 loading class sun/nio/cs/ISO_8859_1$Encoder done
Event: 61.827 loading class java/util/concurrent/ConcurrentLinkedQueue$Itr
Event: 61.828 loading class java/util/concurrent/ConcurrentLinkedQueue$Itr done
Event: 85.208 Thread 0x000001f381caea60 Thread added: 0x000001f381caea60
Event: 85.211 Thread 0x000001f381caef30 Thread added: 0x000001f381caef30
Event: 86.299 Thread 0x000001f381821060 Thread added: 0x000001f381821060
Event: 94.195 Thread 0x000001f381821060 Thread exited: 0x000001f381821060
Event: 113.987 Thread 0x000001f381821060 Thread added: 0x000001f381821060
Event: 116.622 Thread 0x000001f3febb4870 Thread exited: 0x000001f3febb4870
Event: 120.452 Thread 0x000001f381821060 Thread exited: 0x000001f381821060
Event: 144.479 Thread 0x000001f381cad250 Thread exited: 0x000001f381cad250
Event: 144.485 Thread 0x000001f381cb1a80 Thread exited: 0x000001f381cb1a80
Event: 144.486 Thread 0x000001f3fea53850 Thread exited: 0x000001f3fea53850
Event: 147.786 Thread 0x000001f381cb15b0 Thread exited: 0x000001f381cb15b0
Event: 147.862 Thread 0x000001f381cacd80 Thread exited: 0x000001f381cacd80
Event: 147.895 Thread 0x000001f381cac3e0 Thread exited: 0x000001f381cac3e0
Event: 150.669 Thread 0x000001f381821060 Thread added: 0x000001f381821060
Event: 154.080 Thread 0x000001f381821060 Thread exited: 0x000001f381821060
Event: 351.904 Thread 0x000001f381cb28f0 Thread added: 0x000001f381cb28f0


Dynamic libraries:
0x00007ff79bcd0000 - 0x00007ff79bcde000 	E:\Software\sts-4.19.1.RELEASE\plugins\org.eclipse.justj.openjdk.hotspot.jre.full.win32.x86_64_17.0.7.v20230425-1502\jre\bin\javaw.exe
0x00007fff44770000 - 0x00007fff44969000 	C:\WINDOWS\SYSTEM32\ntdll.dll
0x00007fff43770000 - 0x00007fff43832000 	C:\WINDOWS\System32\KERNEL32.DLL
0x00007fff41f40000 - 0x00007fff42237000 	C:\WINDOWS\System32\KERNELBASE.dll
0x00007fff42400000 - 0x00007fff42500000 	C:\WINDOWS\System32\ucrtbase.dll
0x00007fff380e0000 - 0x00007fff380f7000 	E:\Software\sts-4.19.1.RELEASE\plugins\org.eclipse.justj.openjdk.hotspot.jre.full.win32.x86_64_17.0.7.v20230425-1502\jre\bin\jli.dll
0x00007fff1b720000 - 0x00007fff1b739000 	E:\Software\sts-4.19.1.RELEASE\plugins\org.eclipse.justj.openjdk.hotspot.jre.full.win32.x86_64_17.0.7.v20230425-1502\jre\bin\VCRUNTIME140.dll
0x00007fff443e0000 - 0x00007fff4457d000 	C:\WINDOWS\System32\USER32.dll
0x00007fff42240000 - 0x00007fff42262000 	C:\WINDOWS\System32\win32u.dll
0x00007fff44100000 - 0x00007fff4412b000 	C:\WINDOWS\System32\GDI32.dll
0x00007fff425a0000 - 0x00007fff426ba000 	C:\WINDOWS\System32\gdi32full.dll
0x00007fff42500000 - 0x00007fff4259d000 	C:\WINDOWS\System32\msvcp_win.dll
0x00007fff28760000 - 0x00007fff289fb000 	C:\WINDOWS\WinSxS\amd64_microsoft.windows.common-controls_6595b64144ccf1df_6.0.19041.7663_none_60b9ed0b71f50c93\COMCTL32.dll
0x00007fff44210000 - 0x00007fff442ae000 	C:\WINDOWS\System32\msvcrt.dll
0x00007fff42e50000 - 0x00007fff42e7f000 	C:\WINDOWS\System32\IMM32.DLL
0x00007fff25b30000 - 0x00007fff25b3c000 	E:\Software\sts-4.19.1.RELEASE\plugins\org.eclipse.justj.openjdk.hotspot.jre.full.win32.x86_64_17.0.7.v20230425-1502\jre\bin\vcruntime140_1.dll
0x00007fff0bbf0000 - 0x00007fff0bc81000 	E:\Software\sts-4.19.1.RELEASE\plugins\org.eclipse.justj.openjdk.hotspot.jre.full.win32.x86_64_17.0.7.v20230425-1502\jre\bin\msvcp140.dll
0x00007fff021c0000 - 0x00007fff02e08000 	E:\Software\sts-4.19.1.RELEASE\plugins\org.eclipse.justj.openjdk.hotspot.jre.full.win32.x86_64_17.0.7.v20230425-1502\jre\bin\server\jvm.dll
0x00007fff42c80000 - 0x00007fff42d32000 	C:\WINDOWS\System32\ADVAPI32.dll
0x00007fff43fd0000 - 0x00007fff44070000 	C:\WINDOWS\System32\sechost.dll
0x00007fff434c0000 - 0x00007fff435e6000 	C:\WINDOWS\System32\RPCRT4.dll
0x00007fff423d0000 - 0x00007fff423f7000 	C:\WINDOWS\System32\bcrypt.dll
0x00007fff3be50000 - 0x00007fff3be59000 	C:\WINDOWS\SYSTEM32\WSOCK32.dll
0x00007fff43450000 - 0x00007fff434bb000 	C:\WINDOWS\System32\WS2_32.dll
0x00007fff39e60000 - 0x00007fff39e87000 	C:\WINDOWS\SYSTEM32\WINMM.dll
0x00007fff30130000 - 0x00007fff3013a000 	C:\WINDOWS\SYSTEM32\VERSION.dll
0x00007fff405b0000 - 0x00007fff405c2000 	C:\WINDOWS\SYSTEM32\kernel.appcore.dll
0x00007fff3b410000 - 0x00007fff3b41a000 	E:\Software\sts-4.19.1.RELEASE\plugins\org.eclipse.justj.openjdk.hotspot.jre.full.win32.x86_64_17.0.7.v20230425-1502\jre\bin\jimage.dll
0x00007fff3fad0000 - 0x00007fff3fcd1000 	C:\WINDOWS\SYSTEM32\DBGHELP.DLL
0x00007fff227d0000 - 0x00007fff22804000 	C:\WINDOWS\SYSTEM32\dbgcore.DLL
0x00007fff41de0000 - 0x00007fff41e62000 	C:\WINDOWS\System32\bcryptPrimitives.dll
0x00007fff30ff0000 - 0x00007fff31015000 	E:\Software\sts-4.19.1.RELEASE\plugins\org.eclipse.justj.openjdk.hotspot.jre.full.win32.x86_64_17.0.7.v20230425-1502\jre\bin\java.dll
0x00007fff31180000 - 0x00007fff31198000 	E:\Software\sts-4.19.1.RELEASE\plugins\org.eclipse.justj.openjdk.hotspot.jre.full.win32.x86_64_17.0.7.v20230425-1502\jre\bin\zip.dll
0x00007fff43840000 - 0x00007fff43fb1000 	C:\WINDOWS\System32\SHELL32.dll
0x00007fff3fdf0000 - 0x00007fff4059c000 	C:\WINDOWS\SYSTEM32\windows.storage.dll
0x00007fff42920000 - 0x00007fff42c73000 	C:\WINDOWS\System32\combase.dll
0x00007fff41650000 - 0x00007fff4167b000 	C:\WINDOWS\SYSTEM32\Wldp.dll
0x00007fff42e80000 - 0x00007fff42f56000 	C:\WINDOWS\System32\OLEAUT32.dll
0x00007fff44330000 - 0x00007fff443dd000 	C:\WINDOWS\System32\SHCORE.dll
0x00007fff442c0000 - 0x00007fff4431b000 	C:\WINDOWS\System32\shlwapi.dll
0x00007fff41d10000 - 0x00007fff41d35000 	C:\WINDOWS\SYSTEM32\profapi.dll
0x00007fff31110000 - 0x00007fff31129000 	E:\Software\sts-4.19.1.RELEASE\plugins\org.eclipse.justj.openjdk.hotspot.jre.full.win32.x86_64_17.0.7.v20230425-1502\jre\bin\net.dll
0x00007fff387c0000 - 0x00007fff388cd000 	C:\WINDOWS\SYSTEM32\WINHTTP.dll
0x00007fff41400000 - 0x00007fff4146a000 	C:\WINDOWS\system32\mswsock.dll
0x00007fff307d0000 - 0x00007fff307e5000 	E:\Software\sts-4.19.1.RELEASE\plugins\org.eclipse.justj.openjdk.hotspot.jre.full.win32.x86_64_17.0.7.v20230425-1502\jre\bin\nio.dll
0x00007fff306c0000 - 0x00007fff306c9000 	E:\Software\sts-4.19.1.RELEASE\plugins\org.eclipse.justj.openjdk.hotspot.jre.full.win32.x86_64_17.0.7.v20230425-1502\jre\bin\management.dll
0x00007fff306b0000 - 0x00007fff306bb000 	E:\Software\sts-4.19.1.RELEASE\plugins\org.eclipse.justj.openjdk.hotspot.jre.full.win32.x86_64_17.0.7.v20230425-1502\jre\bin\management_ext.dll
0x00007fff43fc0000 - 0x00007fff43fc8000 	C:\WINDOWS\System32\PSAPI.DLL
0x00007fff1fde0000 - 0x00007fff1fdf7000 	C:\WINDOWS\system32\napinsp.dll
0x00007fff1fdc0000 - 0x00007fff1fddb000 	C:\WINDOWS\system32\pnrpnsp.dll
0x00007fff3c700000 - 0x00007fff3c71d000 	C:\WINDOWS\system32\NLAapi.dll
0x00007fff41100000 - 0x00007fff4113b000 	C:\WINDOWS\SYSTEM32\IPHLPAPI.DLL
0x00007fff41140000 - 0x00007fff4120c000 	C:\WINDOWS\SYSTEM32\DNSAPI.dll
0x00007fff44320000 - 0x00007fff44328000 	C:\WINDOWS\System32\NSI.dll
0x00007fff1fda0000 - 0x00007fff1fdb2000 	C:\WINDOWS\System32\winrnr.dll
0x00007fff3dec0000 - 0x00007fff3dedd000 	C:\WINDOWS\system32\wshbth.dll
0x00007fff3a670000 - 0x00007fff3a67a000 	C:\Windows\System32\rasadhlp.dll
0x00007fff36580000 - 0x00007fff36600000 	C:\WINDOWS\System32\fwpuclnt.dll
0x00007fff41690000 - 0x00007fff416a8000 	C:\WINDOWS\SYSTEM32\CRYPTSP.dll
0x00007fff40d40000 - 0x00007fff40d78000 	C:\WINDOWS\system32\rsaenh.dll
0x00007fff41cc0000 - 0x00007fff41cee000 	C:\WINDOWS\SYSTEM32\USERENV.dll
0x00007fff415c0000 - 0x00007fff415cc000 	C:\WINDOWS\SYSTEM32\CRYPTBASE.dll
0x00007fff3a590000 - 0x00007fff3a5a7000 	C:\WINDOWS\SYSTEM32\dhcpcsvc6.DLL
0x00007fff38470000 - 0x00007fff3848e000 	C:\WINDOWS\SYSTEM32\dhcpcsvc.DLL
0x00007fff3a120000 - 0x00007fff3a12e000 	E:\Software\sts-4.19.1.RELEASE\plugins\org.eclipse.justj.openjdk.hotspot.jre.full.win32.x86_64_17.0.7.v20230425-1502\jre\bin\sunmscapi.dll
0x00007fff42270000 - 0x00007fff423cd000 	C:\WINDOWS\System32\CRYPT32.dll
0x00007fff417a0000 - 0x00007fff417c7000 	C:\WINDOWS\SYSTEM32\ncrypt.dll
0x00007fff41760000 - 0x00007fff4179b000 	C:\WINDOWS\SYSTEM32\NTASN1.dll
0x00007fff3a970000 - 0x00007fff3a980000 	E:\Software\sts-4.19.1.RELEASE\plugins\org.eclipse.justj.openjdk.hotspot.jre.full.win32.x86_64_17.0.7.v20230425-1502\jre\bin\verify.dll
0x00007fff30fa0000 - 0x00007fff30fa7000 	C:\WINDOWS\system32\wshunix.dll

dbghelp: loaded successfully - version: 4.0.5 - missing functions: none
symbol engine: initialized successfully - sym options: 0x614 - pdb path: .;E:\Software\sts-4.19.1.RELEASE\plugins\org.eclipse.justj.openjdk.hotspot.jre.full.win32.x86_64_17.0.7.v20230425-1502\jre\bin;C:\WINDOWS\SYSTEM32;C:\WINDOWS\WinSxS\amd64_microsoft.windows.common-controls_6595b64144ccf1df_6.0.19041.7663_none_60b9ed0b71f50c93;E:\Software\sts-4.19.1.RELEASE\plugins\org.eclipse.justj.openjdk.hotspot.jre.full.win32.x86_64_17.0.7.v20230425-1502\jre\bin\server

VM Arguments:
jvm_args: -Dcom.sun.management.jmxremote -Dcom.sun.management.jmxremote.port=59870 -Dcom.sun.management.jmxremote.authenticate=false -Dcom.sun.management.jmxremote.ssl=false -Djava.rmi.server.hostname=localhost -Dspring.jmx.enabled=true -Dmanagement.endpoints.jmx.exposure.include=* -Dspring.application.admin.enabled=true -XX:TieredStopAtLevel=1 -Dspring.boot.project.name=ProfileMs -Dfile.encoding=UTF-8 -XX:+ShowCodeDetailsInExceptionMessages 
java_command: com.hms.profile.ProfileMsApplication --spring.output.ansi.enabled=always
java_class_path (initial): E:\STS-Projects\hms-backend\ProfileMs\target\classes;C:\Users\KAUSAL\.m2\repository\org\springframework\boot\spring-boot-starter-web\3.4.1\spring-boot-starter-web-3.4.1.jar;C:\Users\KAUSAL\.m2\repository\org\springframework\boot\spring-boot-starter\3.4.1\spring-boot-starter-3.4.1.jar;C:\Users\KAUSAL\.m2\repository\org\springframework\boot\spring-boot-starter-logging\3.4.1\spring-boot-starter-logging-3.4.1.jar;C:\Users\KAUSAL\.m2\repository\ch\qos\logback\logback-classic\1.5.12\logback-classic-1.5.12.jar;C:\Users\KAUSAL\.m2\repository\ch\qos\logback\logback-core\1.5.12\logback-core-1.5.12.jar;C:\Users\KAUSAL\.m2\repository\org\apache\logging\log4j\log4j-to-slf4j\2.24.3\log4j-to-slf4j-2.24.3.jar;C:\Users\KAUSAL\.m2\repository\org\apache\logging\log4j\log4j-api\2.24.3\log4j-api-2.24.3.jar;C:\Users\KAUSAL\.m2\repository\org\slf4j\jul-to-slf4j\2.0.16\jul-to-slf4j-2.0.16.jar;C:\Users\KAUSAL\.m2\repository\jakarta\annotation\jakarta.annotation-api\2.1.1\jakarta.annotation-api-2.1.1.jar;C:\Users\KAUSAL\.m2\repository\org\yaml\snakeyaml\2.3\snakeyaml-2.3.jar;C:\Users\KAUSAL\.m2\repository\org\springframework\boot\spring-boot-starter-json\3.4.1\spring-boot-starter-json-3.4.1.jar;C:\Users\KAUSAL\.m2\repository\com\fasterxml\jackson\core\jackson-databind\2.18.2\jackson-databind-2.18.2.jar;C:\Users\KAUSAL\.m2\repository\com\fasterxml\jackson\datatype\jackson-datatype-jdk8\2.18.2\jackson-datatype-jdk8-2.18.2.jar;C:\Users\KAUSAL\.m2\repository\com\fasterxml\jackson\datatype\jackson-datatype-jsr310\2.18.2\jackson-datatype-jsr310-2.18.2.jar;C:\Users\KAUSAL\.m2\repository\com\fasterxml\jackson\module\jackson-module-parameter-names\2.18.2\jackson-module-parameter-names-2.18.2.jar;C:\Users\KAUSAL\.m2\repository\org\springframework\boot\spring-boot-starter-tomcat\3.4.1\spring-boot-starter-tomcat-3.4.1.jar;C:\Users\KAUSAL\.m2\repository\org\apache\tomcat\embed\tomcat-embed-core\10.1.34\tomcat-embed-core-10.1.34.jar;C:\Users\KAUSAL\.m2\repository\org\apache\to
Launcher Type: SUN_STANDARD

[Global flags]
     intx CICompilerCount                          = 3                                         {product} {ergonomic}
     uint ConcGCThreads                            = 1                                         {product} {ergonomic}
     uint G1ConcRefinementThreads                  = 4                                         {product} {ergonomic}
   size_t G1HeapRegionSize                         = 1048576                                   {product} {ergonomic}
    uintx GCDrainStackTargetSize                   = 64                                        {product} {ergonomic}
   size_t InitialHeapSize                          = 67108864                                  {product} {ergonomic}
     bool ManagementServer                         = true                                      {product} {command line}
   size_t MarkStackSize                            = 4194304                                   {product} {ergonomic}
   size_t MaxHeapSize                              = 1050673152                                {product} {ergonomic}
   size_t MaxNewSize                               = 630194176                                 {product} {ergonomic}
   size_t MinHeapDeltaBytes                        = 1048576                                   {product} {ergonomic}
   size_t MinHeapSize                              = 8388608                                   {product} {ergonomic}
    uintx NonProfiledCodeHeapSize                  = 0                                      {pd product} {ergonomic}
     bool ProfileInterpreter                       = false                                  {pd product} {command line}
    uintx ProfiledCodeHeapSize                     = 0                                      {pd product} {ergonomic}
     bool ShowCodeDetailsInExceptionMessages       = true                                   {manageable} {command line}
   size_t SoftMaxHeapSize                          = 1050673152                             {manageable} {ergonomic}
     intx TieredStopAtLevel                        = 1                                         {product} {command line}
     bool UseCompressedClassPointers               = true                           {product lp64_product} {ergonomic}
     bool UseCompressedOops                        = true                           {product lp64_product} {ergonomic}
     bool UseG1GC                                  = true                                      {product} {ergonomic}
     bool UseLargePagesIndividualAllocation        = false                                  {pd product} {ergonomic}

Logging:
Log output configuration:
 #0: stdout all=warning uptime,level,tags
 #1: stderr all=off uptime,level,tags

Environment Variables:
JAVA_HOME=C:\Program Files\Java\jdk-17
PATH=E:/Software/sts-4.19.1.RELEASE//plugins/org.eclipse.justj.openjdk.hotspot.jre.full.win32.x86_64_17.0.7.v20230425-1502/jre/bin/server;E:/Software/sts-4.19.1.RELEASE//plugins/org.eclipse.justj.openjdk.hotspot.jre.full.win32.x86_64_17.0.7.v20230425-1502/jre/bin;C:\Program Files\Common Files\Oracle\Java\javapath;C:\WINDOWS\system32;C:\WINDOWS;C:\WINDOWS\System32\Wbem;C:\WINDOWS\System32\WindowsPowerShell\v1.0\;C:\WINDOWS\System32\OpenSSH\;C:\Program Files\nodejs\;C:\Program Files\Git\cmd;C:\Program Files\MySQL\MySQL Server 8.0\bin;E:\apache-maven\bin;C:\Program Files\Eclipse Adoptium\jdk-17.0.19.10-hotspot\bin;C:\Users\KAUSAL\AppData\Local\Microsoft\WindowsApps;C:\Users\KAUSAL\AppData\Roaming\npm;C:\Users\KAUSAL\AppData\Local\Programs\Microsoft VS Code\bin;C:\Users\KAUSAL\AppData\Local\Programs\DockerDesktop\resources\bin;E:\Software\sts-4.19.1.RELEASE;
USERNAME=KAUSAL
OS=Windows_NT
PROCESSOR_IDENTIFIER=Intel64 Family 6 Model 78 Stepping 3, GenuineIntel
TMP=C:\Users\KAUSAL\AppData\Local\Temp
TEMP=C:\Users\KAUSAL\AppData\Local\Temp



---------------  S Y S T E M  ---------------

OS:
 Windows 10 , 64 bit Build 19041 (10.0.19041.7663)
OS uptime: 7 days 16:00 hours
Hyper-V role detected

CPU: total 4 (initial active 4) (2 cores per cpu, 2 threads per core) family 6 model 78 stepping 3 microcode 0xf0, cx8, cmov, fxsr, ht, mmx, 3dnowpref, sse, sse2, sse3, ssse3, sse4.1, sse4.2, popcnt, lzcnt, tsc, tscinvbit, avx, avx2, aes, erms, clmul, bmi1, bmi2, adx, fma, vzeroupper, clflush, clflushopt, hv

Memory: 4k page, system-wide physical 4002M (267M free)
TotalPageFile size 12194M (AvailPageFile size 10M)
current process WorkingSet (physical memory assigned to process): 43M, peak: 217M
current process commit charge ("private bytes"): 273M, peak: 345M

vm_info: OpenJDK 64-Bit Server VM (17.0.7+7) for windows-amd64 JRE (17.0.7+7), built on Apr 18 2023 22:10:42 by "temurin" with MS VC++ 16.7 (VS2019)

END.
