#
# There is insufficient memory for the Java Runtime Environment to continue.
# Native memory allocation (malloc) failed to allocate 947056 bytes for Chunk::new
# Possible reasons:
#   The system is out of physical RAM or swap space
#   The process is running with CompressedOops enabled, and the Java Heap may be blocking the growth of the native heap
# Possible solutions:
#   Reduce memory load on the system
#   Increase physical memory or swap space
#   Check if swap backing store is full
#   Decrease Java heap size (-Xmx/-Xms)
#   Decrease number of Java threads
#   Decrease Java thread stack sizes (-Xss)
#   Set larger code cache with -XX:ReservedCodeCacheSize=
#   JVM is running with Unscaled Compressed Oops mode in which the Java heap is
#     placed in the first 4GB address space. The Java Heap base address is the
#     maximum limit for the native heap growth. Please use -XX:HeapBaseMinAddress
#     to set the Java Heap base and to place the Java Heap above 4GB virtual address.
# This output file may be truncated or incomplete.
#
#  Out of Memory Error (arena.cpp:189), pid=11376, tid=2860
#
# JRE version: OpenJDK Runtime Environment Temurin-17.0.7+7 (17.0.7+7) (build 17.0.7+7)
# Java VM: OpenJDK 64-Bit Server VM Temurin-17.0.7+7 (17.0.7+7, mixed mode, tiered, compressed oops, compressed class ptrs, g1 gc, windows-amd64)
# No core dump will be written. Minidumps are not enabled by default on client versions of Windows
#

---------------  S U M M A R Y ------------

Command Line: C:\Users\KAUSAL\AppData\Local\Temp\surefire16460476348240449649\surefirebooter-20260820080744736_3.jar C:\Users\KAUSAL\AppData\Local\Temp\surefire16460476348240449649 2026-08-20T08-07-43_288-jvmRun1 surefire-20260820080744736_1tmp surefire_0-20260820080744736_2tmp

Host: Intel(R) Core(TM) i3-6006U CPU @ 2.00GHz, 4 cores, 3G,  Windows 10 , 64 bit Build 19041 (10.0.19041.7663)
Time: Thu Aug 20 08:08:11 2026 Pacific Daylight Time elapsed time: 24.660515 seconds (0d 0h 0m 24s)

---------------  T H R E A D  ---------------

Current thread (0x000002a17fe34a20):  JavaThread "C2 CompilerThread0" daemon [_thread_in_native, id=2860, stack(0x000000ee50200000,0x000000ee50300000)]


Current CompileTask:
C2:  24660 3745       4       org.springframework.beans.factory.support.AbstractBeanFactory::isTypeMatch (745 bytes)

Stack: [0x000000ee50200000,0x000000ee50300000]
Native frames: (J=compiled Java code, j=interpreted, Vv=VM code, C=native code)
V  [jvm.dll+0x67754a]
V  [jvm.dll+0x834304]
V  [jvm.dll+0x835aae]
V  [jvm.dll+0x836113]
V  [jvm.dll+0x24696f]
V  [jvm.dll+0xac0ac]
V  [jvm.dll+0xac67c]
V  [jvm.dll+0x2adbef]
V  [jvm.dll+0x580067]
V  [jvm.dll+0x221e72]
V  [jvm.dll+0x21b039]
V  [jvm.dll+0x21895b]
V  [jvm.dll+0x1a4d8d]
V  [jvm.dll+0x2284da]
V  [jvm.dll+0x226615]
V  [jvm.dll+0x7ea90b]
V  [jvm.dll+0x7e4e7a]
V  [jvm.dll+0x676395]
C  [ucrtbase.dll+0x21bb2]
C  [KERNEL32.DLL+0x17374]
C  [ntdll.dll+0x4cc91]


---------------  P R O C E S S  ---------------

Threads class SMR info:
_java_thread_list=0x000002a1189e6cd0, length=14, elements={
0x000002a178b6e090, 0x000002a17ad8e720, 0x000002a17fdd6a30, 0x000002a17fe2de20,
0x000002a17fe307f0, 0x000002a17fe310b0, 0x000002a17fe31970, 0x000002a17fe34a20,
0x000002a17fe363e0, 0x000002a17fe370d0, 0x000002a11624c3b0, 0x000002a1162561f0,
0x000002a11642c080, 0x000002a116718470
}

Java Threads: ( => current thread )
  0x000002a178b6e090 JavaThread "main" [_thread_in_Java, id=16080, stack(0x000000ee4f500000,0x000000ee4f600000)]
  0x000002a17ad8e720 JavaThread "Reference Handler" daemon [_thread_blocked, id=10200, stack(0x000000ee4fc00000,0x000000ee4fd00000)]
  0x000002a17fdd6a30 JavaThread "Finalizer" daemon [_thread_blocked, id=2824, stack(0x000000ee4fd00000,0x000000ee4fe00000)]
  0x000002a17fe2de20 JavaThread "Signal Dispatcher" daemon [_thread_blocked, id=9184, stack(0x000000ee4fe00000,0x000000ee4ff00000)]
  0x000002a17fe307f0 JavaThread "Attach Listener" daemon [_thread_blocked, id=12884, stack(0x000000ee4ff00000,0x000000ee50000000)]
  0x000002a17fe310b0 JavaThread "Service Thread" daemon [_thread_blocked, id=6540, stack(0x000000ee50000000,0x000000ee50100000)]
  0x000002a17fe31970 JavaThread "Monitor Deflation Thread" daemon [_thread_blocked, id=13364, stack(0x000000ee50100000,0x000000ee50200000)]
=>0x000002a17fe34a20 JavaThread "C2 CompilerThread0" daemon [_thread_in_native, id=2860, stack(0x000000ee50200000,0x000000ee50300000)]
  0x000002a17fe363e0 JavaThread "C1 CompilerThread0" daemon [_thread_blocked, id=17048, stack(0x000000ee50300000,0x000000ee50400000)]
  0x000002a17fe370d0 JavaThread "Sweeper thread" daemon [_thread_blocked, id=11916, stack(0x000000ee50400000,0x000000ee50500000)]
  0x000002a11624c3b0 JavaThread "Notification Thread" daemon [_thread_blocked, id=12324, stack(0x000000ee50500000,0x000000ee50600000)]
  0x000002a1162561f0 JavaThread "Common-Cleaner" daemon [_thread_blocked, id=6336, stack(0x000000ee50700000,0x000000ee50800000)]
  0x000002a11642c080 JavaThread "surefire-forkedjvm-stream-flusher" daemon [_thread_blocked, id=18168, stack(0x000000ee50a00000,0x000000ee50b00000)]
  0x000002a116718470 JavaThread "surefire-forkedjvm-command-thread" daemon [_thread_in_native, id=14500, stack(0x000000ee50b00000,0x000000ee50c00000)]

Other Threads:
  0x000002a17ad8de00 VMThread "VM Thread" [stack: 0x000000ee4fb00000,0x000000ee4fc00000] [id=18376]
  0x000002a17ad0f0e0 WatcherThread [stack: 0x000000ee50600000,0x000000ee50700000] [id=17964]
  0x000002a17acfd5d0 GCTaskThread "GC Thread#0" [stack: 0x000000ee4f600000,0x000000ee4f700000] [id=528]
  0x000002a116bf68e0 GCTaskThread "GC Thread#1" [stack: 0x000000ee50800000,0x000000ee50900000] [id=6752]
  0x000002a1164feaf0 GCTaskThread "GC Thread#2" [stack: 0x000000ee50900000,0x000000ee50a00000] [id=11960]
  0x000002a116cf8cb0 GCTaskThread "GC Thread#3" [stack: 0x000000ee50c00000,0x000000ee50d00000] [id=16796]
  0x000002a17ad07170 ConcurrentGCThread "G1 Main Marker" [stack: 0x000000ee4f700000,0x000000ee4f800000] [id=15780]
  0x000002a17ad07a90 ConcurrentGCThread "G1 Conc#0" [stack: 0x000000ee4f800000,0x000000ee4f900000] [id=6928]
  0x000002a17ad57ba0 ConcurrentGCThread "G1 Refine#0" [stack: 0x000000ee4f900000,0x000000ee4fa00000] [id=17128]
  0x000002a17ad584d0 ConcurrentGCThread "G1 Service" [stack: 0x000000ee4fa00000,0x000000ee4fb00000] [id=17576]

Threads with active compile tasks:
C2 CompilerThread0    24778 3745       4       org.springframework.beans.factory.support.AbstractBeanFactory::isTypeMatch (745 bytes)

VM state: not at safepoint (normal execution)

VM Mutex/Monitor currently owned by a thread: None

Heap address: 0x00000000c1600000, size: 1002 MB, Compressed Oops mode: 32-bit

CDS archive(s) not mapped
Compressed class space mapped at: 0x0000000100000000-0x0000000140000000, reserved size: 1073741824
Narrow klass base: 0x0000000000000000, Narrow klass shift: 3, Narrow klass range: 0x140000000

GC Precious Log:
 CPUs: 4 total, 4 available
 Memory: 4002M
 Large Page Support: Disabled
 NUMA Support: Disabled
 Compressed Oops: Enabled (32-bit)
 Heap Region Size: 1M
 Heap Min Capacity: 8M
 Heap Initial Capacity: 64M
 Heap Max Capacity: 1002M
 Pre-touch: Disabled
 Parallel Workers: 4
 Concurrent Workers: 1
 Concurrent Refinement Workers: 4
 Periodic GC: Disabled

Heap:
 garbage-first heap   total 65536K, used 46865K [0x00000000c1600000, 0x0000000100000000)
  region size 1024K, 24 young (24576K), 3 survivors (3072K)
 Metaspace       used 39226K, committed 39552K, reserved 1114112K
  class space    used 4702K, committed 4864K, reserved 1048576K

Heap Regions: E=young(eden), S=young(survivor), O=old, HS=humongous(starts), HC=humongous(continues), CS=collection set, F=free, OA=open archive, CA=closed archive, TAMS=top-at-mark-start (previous, next)
|   0|0x00000000c1600000, 0x00000000c1700000, 0x00000000c1700000|100%|HS|  |TAMS 0x00000000c1700000, 0x00000000c1600000| Complete 
|   1|0x00000000c1700000, 0x00000000c1800000, 0x00000000c1800000|100%|HS|  |TAMS 0x00000000c1800000, 0x00000000c1700000| Complete 
|   2|0x00000000c1800000, 0x00000000c1900000, 0x00000000c1900000|100%|HS|  |TAMS 0x00000000c1900000, 0x00000000c1800000| Complete 
|   3|0x00000000c1900000, 0x00000000c1a00000, 0x00000000c1a00000|100%| O|  |TAMS 0x00000000c1a00000, 0x00000000c1900000| Untracked 
|   4|0x00000000c1a00000, 0x00000000c1b00000, 0x00000000c1b00000|100%| O|  |TAMS 0x00000000c1b00000, 0x00000000c1a00000| Untracked 
|   5|0x00000000c1b00000, 0x00000000c1c00000, 0x00000000c1c00000|100%| O|  |TAMS 0x00000000c1c00000, 0x00000000c1b00000| Untracked 
|   6|0x00000000c1c00000, 0x00000000c1d00000, 0x00000000c1d00000|100%| O|  |TAMS 0x00000000c1d00000, 0x00000000c1c00000| Untracked 
|   7|0x00000000c1d00000, 0x00000000c1e00000, 0x00000000c1e00000|100%| O|  |TAMS 0x00000000c1e00000, 0x00000000c1d00000| Untracked 
|   8|0x00000000c1e00000, 0x00000000c1f00000, 0x00000000c1f00000|100%| O|  |TAMS 0x00000000c1f00000, 0x00000000c1e00000| Untracked 
|   9|0x00000000c1f00000, 0x00000000c2000000, 0x00000000c2000000|100%| O|  |TAMS 0x00000000c2000000, 0x00000000c1f00000| Untracked 
|  10|0x00000000c2000000, 0x00000000c2100000, 0x00000000c2100000|100%| O|  |TAMS 0x00000000c2100000, 0x00000000c2000000| Untracked 
|  11|0x00000000c2100000, 0x00000000c2200000, 0x00000000c2200000|100%| O|  |TAMS 0x00000000c2200000, 0x00000000c2100000| Untracked 
|  12|0x00000000c2200000, 0x00000000c2300000, 0x00000000c2300000|100%| O|  |TAMS 0x00000000c2300000, 0x00000000c2200000| Untracked 
|  13|0x00000000c2300000, 0x00000000c23a6400, 0x00000000c2400000| 64%| O|  |TAMS 0x00000000c2300000, 0x00000000c2300000| Untracked 
|  14|0x00000000c2400000, 0x00000000c2500000, 0x00000000c2500000|100%| O|  |TAMS 0x00000000c2500000, 0x00000000c2400000| Untracked 
|  15|0x00000000c2500000, 0x00000000c2500000, 0x00000000c2600000|  0%| F|  |TAMS 0x00000000c2500000, 0x00000000c2500000| Untracked 
|  16|0x00000000c2600000, 0x00000000c2600000, 0x00000000c2700000|  0%| F|  |TAMS 0x00000000c2600000, 0x00000000c2600000| Untracked 
|  17|0x00000000c2700000, 0x00000000c2800000, 0x00000000c2800000|100%| O|  |TAMS 0x00000000c2800000, 0x00000000c2700000| Untracked 
|  18|0x00000000c2800000, 0x00000000c2900000, 0x00000000c2900000|100%| O|  |TAMS 0x00000000c2900000, 0x00000000c2800000| Untracked 
|  19|0x00000000c2900000, 0x00000000c2a00000, 0x00000000c2a00000|100%| O|  |TAMS 0x00000000c2a00000, 0x00000000c2900000| Untracked 
|  20|0x00000000c2a00000, 0x00000000c2b00000, 0x00000000c2b00000|100%| O|  |TAMS 0x00000000c2b00000, 0x00000000c2a00000| Untracked 
|  21|0x00000000c2b00000, 0x00000000c2c00000, 0x00000000c2c00000|100%| O|  |TAMS 0x00000000c2c00000, 0x00000000c2b00000| Untracked 
|  22|0x00000000c2c00000, 0x00000000c2d00000, 0x00000000c2d00000|100%| O|  |TAMS 0x00000000c2d00000, 0x00000000c2c00000| Untracked 
|  23|0x00000000c2d00000, 0x00000000c2e00000, 0x00000000c2e00000|100%| O|  |TAMS 0x00000000c2e00000, 0x00000000c2d00000| Untracked 
|  24|0x00000000c2e00000, 0x00000000c2f00000, 0x00000000c2f00000|100%| O|  |TAMS 0x00000000c2e58e00, 0x00000000c2e00000| Untracked 
|  25|0x00000000c2f00000, 0x00000000c3000000, 0x00000000c3000000|100%| O|  |TAMS 0x00000000c2f00000, 0x00000000c2f00000| Untracked 
|  26|0x00000000c3000000, 0x00000000c3000000, 0x00000000c3100000|  0%| F|  |TAMS 0x00000000c3000000, 0x00000000c3000000| Untracked 
|  27|0x00000000c3100000, 0x00000000c3100000, 0x00000000c3200000|  0%| F|  |TAMS 0x00000000c3100000, 0x00000000c3100000| Untracked 
|  28|0x00000000c3200000, 0x00000000c3200000, 0x00000000c3300000|  0%| F|  |TAMS 0x00000000c3200000, 0x00000000c3200000| Untracked 
|  29|0x00000000c3300000, 0x00000000c3300000, 0x00000000c3400000|  0%| F|  |TAMS 0x00000000c3300000, 0x00000000c3300000| Untracked 
|  30|0x00000000c3400000, 0x00000000c3400000, 0x00000000c3500000|  0%| F|  |TAMS 0x00000000c3400000, 0x00000000c3400000| Untracked 
|  31|0x00000000c3500000, 0x00000000c3500000, 0x00000000c3600000|  0%| F|  |TAMS 0x00000000c3500000, 0x00000000c3500000| Untracked 
|  32|0x00000000c3600000, 0x00000000c3600000, 0x00000000c3700000|  0%| F|  |TAMS 0x00000000c3600000, 0x00000000c3600000| Untracked 
|  33|0x00000000c3700000, 0x00000000c3700000, 0x00000000c3800000|  0%| F|  |TAMS 0x00000000c3700000, 0x00000000c3700000| Untracked 
|  34|0x00000000c3800000, 0x00000000c3800000, 0x00000000c3900000|  0%| F|  |TAMS 0x00000000c3800000, 0x00000000c3800000| Untracked 
|  35|0x00000000c3900000, 0x00000000c3900000, 0x00000000c3a00000|  0%| F|  |TAMS 0x00000000c3900000, 0x00000000c3900000| Untracked 
|  36|0x00000000c3a00000, 0x00000000c3a00000, 0x00000000c3b00000|  0%| F|  |TAMS 0x00000000c3a00000, 0x00000000c3a00000| Untracked 
|  37|0x00000000c3b00000, 0x00000000c3b00000, 0x00000000c3c00000|  0%| F|  |TAMS 0x00000000c3b00000, 0x00000000c3b00000| Untracked 
|  38|0x00000000c3c00000, 0x00000000c3c00000, 0x00000000c3d00000|  0%| F|  |TAMS 0x00000000c3c00000, 0x00000000c3c00000| Untracked 
|  39|0x00000000c3d00000, 0x00000000c3d00000, 0x00000000c3e00000|  0%| F|  |TAMS 0x00000000c3d00000, 0x00000000c3d00000| Untracked 
|  40|0x00000000c3e00000, 0x00000000c3e1e198, 0x00000000c3f00000| 11%| S|CS|TAMS 0x00000000c3e00000, 0x00000000c3e00000| Complete 
|  41|0x00000000c3f00000, 0x00000000c4000000, 0x00000000c4000000|100%| S|CS|TAMS 0x00000000c3f00000, 0x00000000c3f00000| Complete 
|  42|0x00000000c4000000, 0x00000000c4100000, 0x00000000c4100000|100%| S|CS|TAMS 0x00000000c4000000, 0x00000000c4000000| Complete 
|  43|0x00000000c4100000, 0x00000000c41d2340, 0x00000000c4200000| 82%| E|  |TAMS 0x00000000c4100000, 0x00000000c4100000| Complete 
|  44|0x00000000c4200000, 0x00000000c4300000, 0x00000000c4300000|100%| E|CS|TAMS 0x00000000c4200000, 0x00000000c4200000| Complete 
|  45|0x00000000c4300000, 0x00000000c4400000, 0x00000000c4400000|100%| E|CS|TAMS 0x00000000c4300000, 0x00000000c4300000| Complete 
|  46|0x00000000c4400000, 0x00000000c4500000, 0x00000000c4500000|100%| E|CS|TAMS 0x00000000c4400000, 0x00000000c4400000| Complete 
|  47|0x00000000c4500000, 0x00000000c4600000, 0x00000000c4600000|100%| E|CS|TAMS 0x00000000c4500000, 0x00000000c4500000| Complete 
|  48|0x00000000c4600000, 0x00000000c4700000, 0x00000000c4700000|100%| E|CS|TAMS 0x00000000c4600000, 0x00000000c4600000| Complete 
|  49|0x00000000c4700000, 0x00000000c4800000, 0x00000000c4800000|100%| E|CS|TAMS 0x00000000c4700000, 0x00000000c4700000| Complete 
|  50|0x00000000c4800000, 0x00000000c4900000, 0x00000000c4900000|100%| E|CS|TAMS 0x00000000c4800000, 0x00000000c4800000| Complete 
|  51|0x00000000c4900000, 0x00000000c4a00000, 0x00000000c4a00000|100%| E|CS|TAMS 0x00000000c4900000, 0x00000000c4900000| Complete 
|  52|0x00000000c4a00000, 0x00000000c4b00000, 0x00000000c4b00000|100%| E|CS|TAMS 0x00000000c4a00000, 0x00000000c4a00000| Complete 
|  53|0x00000000c4b00000, 0x00000000c4c00000, 0x00000000c4c00000|100%| E|CS|TAMS 0x00000000c4b00000, 0x00000000c4b00000| Complete 
|  54|0x00000000c4c00000, 0x00000000c4d00000, 0x00000000c4d00000|100%| E|CS|TAMS 0x00000000c4c00000, 0x00000000c4c00000| Complete 
|  55|0x00000000c4d00000, 0x00000000c4e00000, 0x00000000c4e00000|100%| E|CS|TAMS 0x00000000c4d00000, 0x00000000c4d00000| Complete 
|  56|0x00000000c4e00000, 0x00000000c4f00000, 0x00000000c4f00000|100%| E|CS|TAMS 0x00000000c4e00000, 0x00000000c4e00000| Complete 
|  57|0x00000000c4f00000, 0x00000000c5000000, 0x00000000c5000000|100%| E|CS|TAMS 0x00000000c4f00000, 0x00000000c4f00000| Complete 
|  58|0x00000000c5000000, 0x00000000c5100000, 0x00000000c5100000|100%| E|CS|TAMS 0x00000000c5000000, 0x00000000c5000000| Complete 
|  59|0x00000000c5100000, 0x00000000c5200000, 0x00000000c5200000|100%| E|CS|TAMS 0x00000000c5100000, 0x00000000c5100000| Complete 
|  60|0x00000000c5200000, 0x00000000c5300000, 0x00000000c5300000|100%| E|CS|TAMS 0x00000000c5200000, 0x00000000c5200000| Complete 
|  61|0x00000000c5300000, 0x00000000c5400000, 0x00000000c5400000|100%| E|CS|TAMS 0x00000000c5300000, 0x00000000c5300000| Complete 
|  62|0x00000000c5400000, 0x00000000c5500000, 0x00000000c5500000|100%| E|CS|TAMS 0x00000000c5400000, 0x00000000c5400000| Complete 
|  63|0x00000000c5500000, 0x00000000c5600000, 0x00000000c5600000|100%| E|CS|TAMS 0x00000000c5500000, 0x00000000c5500000| Complete 

Card table byte_map: [0x000002a17e580000,0x000002a17e780000] _byte_map_base: 0x000002a17df75000

Marking Bits (Prev, Next): (CMBitMap*) 0x000002a17acfeb00, (CMBitMap*) 0x000002a17acfeb40
 Prev Bits: [0x000002a17e980000, 0x000002a17f928000)
 Next Bits: [0x000002a10f000000, 0x000002a10ffa8000)

Polling page: 0x000002a178c50000

Metaspace:

Usage:
  Non-class:     33.72 MB used.
      Class:      4.59 MB used.
       Both:     38.31 MB used.

Virtual space:
  Non-class space:       64.00 MB reserved,      33.88 MB ( 53%) committed,  1 nodes.
      Class space:        1.00 GB reserved,       4.75 MB ( <1%) committed,  1 nodes.
             Both:        1.06 GB reserved,      38.62 MB (  4%) committed. 

Chunk freelists:
   Non-Class:  13.41 MB
       Class:  11.25 MB
        Both:  24.66 MB

MaxMetaspaceSize: unlimited
CompressedClassSpaceSize: 1.00 GB
Initial GC threshold: 21.00 MB
Current GC threshold: 59.19 MB
CDS: off
MetaspaceReclaimPolicy: balanced
 - commit_granule_bytes: 65536.
 - commit_granule_words: 8192.
 - virtual_space_node_default_size: 8388608.
 - enlarge_chunks_in_place: 1.
 - new_chunks_are_fully_committed: 0.
 - uncommit_free_chunks: 1.
 - use_allocation_guard: 0.
 - handle_deallocations: 1.


Internal statistics:

num_allocs_failed_limit: 6.
num_arena_births: 344.
num_arena_deaths: 0.
num_vsnodes_births: 2.
num_vsnodes_deaths: 0.
num_space_committed: 618.
num_space_uncommitted: 0.
num_chunks_returned_to_freelist: 6.
num_chunks_taken_from_freelist: 1383.
num_chunk_merges: 3.
num_chunk_splits: 937.
num_chunks_enlarged: 732.
num_inconsistent_stats: 0.

CodeHeap 'non-profiled nmethods': size=120000Kb used=2021Kb max_used=2021Kb free=117978Kb
 bounds [0x000002a107ad0000, 0x000002a107d40000, 0x000002a10f000000]
CodeHeap 'profiled nmethods': size=120000Kb used=7911Kb max_used=7911Kb free=112088Kb
 bounds [0x000002a100000000, 0x000002a1007c0000, 0x000002a107530000]
CodeHeap 'non-nmethods': size=5760Kb used=1223Kb max_used=1280Kb free=4536Kb
 bounds [0x000002a107530000, 0x000002a1077a0000, 0x000002a107ad0000]
 total_blobs=4279 nmethods=3749 adapters=442
 compilation: enabled
              stopped_count=0, restarted_count=0
 full_count=0

Compilation events (20 events):
Event: 24.482 Thread 0x000002a17fe34a20 3745       4       org.springframework.beans.factory.support.AbstractBeanFactory::isTypeMatch (745 bytes)
Event: 24.482 Thread 0x000002a17fe363e0 nmethod 3742 0x000002a1007b2290 code [0x000002a1007b2460, 0x000002a1007b27f8]
Event: 24.482 Thread 0x000002a17fe363e0 3743       3       org.springframework.boot.autoconfigure.condition.ConditionOutcome::hashCode (19 bytes)
Event: 24.483 Thread 0x000002a17fe363e0 nmethod 3743 0x000002a1007b2990 code [0x000002a1007b2b40, 0x000002a1007b2d48]
Event: 24.483 Thread 0x000002a17fe363e0 3744       3       org.springframework.boot.autoconfigure.condition.ConditionMessage::hashCode (8 bytes)
Event: 24.483 Thread 0x000002a17fe363e0 nmethod 3744 0x000002a1007b2e10 code [0x000002a1007b2fa0, 0x000002a1007b30e8]
Event: 24.483 Thread 0x000002a17fe363e0 3747       3       org.springframework.core.ResolvableType::isAssignableFrom (37 bytes)
Event: 24.484 Thread 0x000002a17fe363e0 nmethod 3747 0x000002a1007b3190 code [0x000002a1007b3360, 0x000002a1007b3808]
Event: 24.484 Thread 0x000002a17fe363e0 3748       3       org.springframework.core.ResolvableType::isAssignableFrom (9 bytes)
Event: 24.484 Thread 0x000002a17fe363e0 nmethod 3748 0x000002a1007b3990 code [0x000002a1007b3b40, 0x000002a1007b3c88]
Event: 24.499 Thread 0x000002a17fe363e0 3749       3       java.lang.WeakPairMap$Pair::equals (34 bytes)
Event: 24.500 Thread 0x000002a17fe363e0 nmethod 3749 0x000002a1007b3d10 code [0x000002a1007b3ec0, 0x000002a1007b4238]
Event: 24.507 Thread 0x000002a17fe363e0 3750       3       org.springframework.core.annotation.AnnotationAwareOrderComparator::sort (20 bytes)
Event: 24.507 Thread 0x000002a17fe363e0 nmethod 3750 0x000002a1007b4310 code [0x000002a1007b44c0, 0x000002a1007b4778]
Event: 24.511 Thread 0x000002a17fe363e0 3751       3       org.springframework.boot.autoconfigure.condition.OnClassCondition::getCandidates (64 bytes)
Event: 24.513 Thread 0x000002a17fe363e0 nmethod 3751 0x000002a1007b4890 code [0x000002a1007b4b20, 0x000002a1007b5ad8]
Event: 24.627 Thread 0x000002a17fe363e0 3753       3       org.springframework.core.annotation.AnnotationAttributes::getBoolean (14 bytes)
Event: 24.628 Thread 0x000002a17fe363e0 nmethod 3753 0x000002a1007b5f90 code [0x000002a1007b6140, 0x000002a1007b6388]
Event: 24.646 Thread 0x000002a17fe363e0 3754       3       org.springframework.core.annotation.TypeMappedAnnotation::createIfPossible (15 bytes)
Event: 24.646 Thread 0x000002a17fe363e0 nmethod 3754 0x000002a1007b6490 code [0x000002a1007b6640, 0x000002a1007b68a8]

GC Heap History (20 events):
Event: 2.291 GC heap before
{Heap before GC invocations=1 (full 0):
 garbage-first heap   total 65536K, used 18740K [0x00000000c1600000, 0x0000000100000000)
  region size 1024K, 10 young (10240K), 2 survivors (2048K)
 Metaspace       used 11246K, committed 11328K, reserved 1114112K
  class space    used 1033K, committed 1088K, reserved 1048576K
}
Event: 2.301 GC heap after
{Heap after GC invocations=2 (full 0):
 garbage-first heap   total 65536K, used 12434K [0x00000000c1600000, 0x0000000100000000)
  region size 1024K, 2 young (2048K), 2 survivors (2048K)
 Metaspace       used 11246K, committed 11328K, reserved 1114112K
  class space    used 1033K, committed 1088K, reserved 1048576K
}
Event: 4.088 GC heap before
{Heap before GC invocations=2 (full 0):
 garbage-first heap   total 65536K, used 28818K [0x00000000c1600000, 0x0000000100000000)
  region size 1024K, 18 young (18432K), 2 survivors (2048K)
 Metaspace       used 16377K, committed 16576K, reserved 1114112K
  class space    used 1704K, committed 1792K, reserved 1048576K
}
Event: 4.099 GC heap after
{Heap after GC invocations=3 (full 0):
 garbage-first heap   total 65536K, used 13854K [0x00000000c1600000, 0x0000000100000000)
  region size 1024K, 2 young (2048K), 2 survivors (2048K)
 Metaspace       used 16377K, committed 16576K, reserved 1114112K
  class space    used 1704K, committed 1792K, reserved 1048576K
}
Event: 5.993 GC heap before
{Heap before GC invocations=3 (full 0):
 garbage-first heap   total 65536K, used 42526K [0x00000000c1600000, 0x0000000100000000)
  region size 1024K, 27 young (27648K), 2 survivors (2048K)
 Metaspace       used 20822K, committed 20992K, reserved 1114112K
  class space    used 2275K, committed 2368K, reserved 1048576K
}
Event: 6.012 GC heap after
{Heap after GC invocations=4 (full 0):
 garbage-first heap   total 65536K, used 20614K [0x00000000c1600000, 0x0000000100000000)
  region size 1024K, 4 young (4096K), 4 survivors (4096K)
 Metaspace       used 20822K, committed 20992K, reserved 1114112K
  class space    used 2275K, committed 2368K, reserved 1048576K
}
Event: 6.106 GC heap before
{Heap before GC invocations=4 (full 0):
 garbage-first heap   total 65536K, used 22662K [0x00000000c1600000, 0x0000000100000000)
  region size 1024K, 7 young (7168K), 4 survivors (4096K)
 Metaspace       used 21312K, committed 21504K, reserved 1114112K
  class space    used 2317K, committed 2432K, reserved 1048576K
}
Event: 6.122 GC heap after
{Heap after GC invocations=5 (full 0):
 garbage-first heap   total 65536K, used 22027K [0x00000000c1600000, 0x0000000100000000)
  region size 1024K, 2 young (2048K), 2 survivors (2048K)
 Metaspace       used 21312K, committed 21504K, reserved 1114112K
  class space    used 2317K, committed 2432K, reserved 1048576K
}
Event: 7.880 GC heap before
{Heap before GC invocations=6 (full 0):
 garbage-first heap   total 65536K, used 38411K [0x00000000c1600000, 0x0000000100000000)
  region size 1024K, 18 young (18432K), 2 survivors (2048K)
 Metaspace       used 24564K, committed 24832K, reserved 1114112K
  class space    used 2766K, committed 2880K, reserved 1048576K
}
Event: 7.892 GC heap after
{Heap after GC invocations=7 (full 0):
 garbage-first heap   total 65536K, used 24059K [0x00000000c1600000, 0x0000000100000000)
  region size 1024K, 3 young (3072K), 3 survivors (3072K)
 Metaspace       used 24564K, committed 24832K, reserved 1114112K
  class space    used 2766K, committed 2880K, reserved 1048576K
}
Event: 11.912 GC heap before
{Heap before GC invocations=7 (full 0):
 garbage-first heap   total 65536K, used 40443K [0x00000000c1600000, 0x0000000100000000)
  region size 1024K, 20 young (20480K), 3 survivors (3072K)
 Metaspace       used 28061K, committed 28352K, reserved 1114112K
  class space    used 3255K, committed 3392K, reserved 1048576K
}
Event: 11.919 GC heap after
{Heap after GC invocations=8 (full 0):
 garbage-first heap   total 65536K, used 25106K [0x00000000c1600000, 0x0000000100000000)
  region size 1024K, 1 young (1024K), 1 survivors (1024K)
 Metaspace       used 28061K, committed 28352K, reserved 1114112K
  class space    used 3255K, committed 3392K, reserved 1048576K
}
Event: 14.261 GC heap before
{Heap before GC invocations=8 (full 0):
 garbage-first heap   total 65536K, used 43538K [0x00000000c1600000, 0x0000000100000000)
  region size 1024K, 19 young (19456K), 1 survivors (1024K)
 Metaspace       used 31567K, committed 31872K, reserved 1114112K
  class space    used 3759K, committed 3904K, reserved 1048576K
}
Event: 14.266 GC heap after
{Heap after GC invocations=9 (full 0):
 garbage-first heap   total 65536K, used 26028K [0x00000000c1600000, 0x0000000100000000)
  region size 1024K, 2 young (2048K), 2 survivors (2048K)
 Metaspace       used 31567K, committed 31872K, reserved 1114112K
  class space    used 3759K, committed 3904K, reserved 1048576K
}
Event: 18.602 GC heap before
{Heap before GC invocations=9 (full 0):
 garbage-first heap   total 65536K, used 45484K [0x00000000c1600000, 0x0000000100000000)
  region size 1024K, 21 young (21504K), 2 survivors (2048K)
 Metaspace       used 35257K, committed 35648K, reserved 1114112K
  class space    used 4231K, committed 4416K, reserved 1048576K
}
Event: 18.611 GC heap after
{Heap after GC invocations=10 (full 0):
 garbage-first heap   total 65536K, used 27309K [0x00000000c1600000, 0x0000000100000000)
  region size 1024K, 3 young (3072K), 3 survivors (3072K)
 Metaspace       used 35257K, committed 35648K, reserved 1114112K
  class space    used 4231K, committed 4416K, reserved 1048576K
}
Event: 19.044 GC heap before
{Heap before GC invocations=10 (full 0):
 garbage-first heap   total 65536K, used 31405K [0x00000000c1600000, 0x0000000100000000)
  region size 1024K, 8 young (8192K), 3 survivors (3072K)
 Metaspace       used 35793K, committed 36160K, reserved 1114112K
  class space    used 4278K, committed 4480K, reserved 1048576K
}
Event: 19.051 GC heap after
{Heap after GC invocations=11 (full 0):
 garbage-first heap   total 65536K, used 27984K [0x00000000c1600000, 0x0000000100000000)
  region size 1024K, 2 young (2048K), 2 survivors (2048K)
 Metaspace       used 35793K, committed 36160K, reserved 1114112K
  class space    used 4278K, committed 4480K, reserved 1048576K
}
Event: 21.375 GC heap before
{Heap before GC invocations=12 (full 0):
 garbage-first heap   total 65536K, used 43344K [0x00000000c1600000, 0x0000000100000000)
  region size 1024K, 21 young (21504K), 2 survivors (2048K)
 Metaspace       used 37381K, committed 37760K, reserved 1114112K
  class space    used 4461K, committed 4672K, reserved 1048576K
}
Event: 21.383 GC heap after
{Heap after GC invocations=13 (full 0):
 garbage-first heap   total 65536K, used 26385K [0x00000000c1600000, 0x0000000100000000)
  region size 1024K, 3 young (3072K), 3 survivors (3072K)
 Metaspace       used 37381K, committed 37760K, reserved 1114112K
  class space    used 4461K, committed 4672K, reserved 1048576K
}

Dll operation events (8 events):
Event: 0.014 Loaded shared library E:\Software\sts-4.19.1.RELEASE\plugins\org.eclipse.justj.openjdk.hotspot.jre.full.win32.x86_64_17.0.7.v20230425-1502\jre\bin\java.dll
Event: 0.232 Loaded shared library E:\Software\sts-4.19.1.RELEASE\plugins\org.eclipse.justj.openjdk.hotspot.jre.full.win32.x86_64_17.0.7.v20230425-1502\jre\bin\net.dll
Event: 0.236 Loaded shared library E:\Software\sts-4.19.1.RELEASE\plugins\org.eclipse.justj.openjdk.hotspot.jre.full.win32.x86_64_17.0.7.v20230425-1502\jre\bin\nio.dll
Event: 0.253 Loaded shared library E:\Software\sts-4.19.1.RELEASE\plugins\org.eclipse.justj.openjdk.hotspot.jre.full.win32.x86_64_17.0.7.v20230425-1502\jre\bin\zip.dll
Event: 0.760 Loaded shared library E:\Software\sts-4.19.1.RELEASE\plugins\org.eclipse.justj.openjdk.hotspot.jre.full.win32.x86_64_17.0.7.v20230425-1502\jre\bin\management.dll
Event: 0.825 Loaded shared library E:\Software\sts-4.19.1.RELEASE\plugins\org.eclipse.justj.openjdk.hotspot.jre.full.win32.x86_64_17.0.7.v20230425-1502\jre\bin\management_ext.dll
Event: 0.913 Loaded shared library E:\Software\sts-4.19.1.RELEASE\plugins\org.eclipse.justj.openjdk.hotspot.jre.full.win32.x86_64_17.0.7.v20230425-1502\jre\bin\jimage.dll
Event: 16.886 Loaded shared library E:\Software\sts-4.19.1.RELEASE\plugins\org.eclipse.justj.openjdk.hotspot.jre.full.win32.x86_64_17.0.7.v20230425-1502\jre\bin\sunmscapi.dll

Deoptimization events (20 events):
Event: 23.629 Thread 0x000002a178b6e090 Uncommon trap: trap_request=0xffffff76 fr.pc=0x000002a107cb08b0 relative=0x00000000000003f0
Event: 23.629 Thread 0x000002a178b6e090 Uncommon trap: reason=predicate action=maybe_recompile pc=0x000002a107cb08b0 method=java.util.AbstractCollection.toArray([Ljava/lang/Object;)[Ljava/lang/Object; @ 43 c2
Event: 23.629 Thread 0x000002a178b6e090 DEOPT PACKING pc=0x000002a107cb08b0 sp=0x000000ee4f5fc110
Event: 23.629 Thread 0x000002a178b6e090 DEOPT UNPACKING pc=0x000002a1075869a3 sp=0x000000ee4f5fc0a8 mode 2
Event: 24.069 Thread 0x000002a178b6e090 Uncommon trap: trap_request=0xffffffd6 fr.pc=0x000002a107cb8fc8 relative=0x0000000000000388
Event: 24.069 Thread 0x000002a178b6e090 Uncommon trap: reason=array_check action=maybe_recompile pc=0x000002a107cb8fc8 method=java.util.AbstractCollection.toArray([Ljava/lang/Object;)[Ljava/lang/Object; @ 116 c2
Event: 24.069 Thread 0x000002a178b6e090 DEOPT PACKING pc=0x000002a107cb8fc8 sp=0x000000ee4f5fbab0
Event: 24.069 Thread 0x000002a178b6e090 DEOPT UNPACKING pc=0x000002a1075869a3 sp=0x000000ee4f5fba50 mode 2
Event: 24.070 Thread 0x000002a178b6e090 Uncommon trap: trap_request=0xffffffd6 fr.pc=0x000002a107cb8fc8 relative=0x0000000000000388
Event: 24.070 Thread 0x000002a178b6e090 Uncommon trap: reason=array_check action=maybe_recompile pc=0x000002a107cb8fc8 method=java.util.AbstractCollection.toArray([Ljava/lang/Object;)[Ljava/lang/Object; @ 116 c2
Event: 24.070 Thread 0x000002a178b6e090 DEOPT PACKING pc=0x000002a107cb8fc8 sp=0x000000ee4f5fb9c0
Event: 24.070 Thread 0x000002a178b6e090 DEOPT UNPACKING pc=0x000002a1075869a3 sp=0x000000ee4f5fb960 mode 2
Event: 24.084 Thread 0x000002a178b6e090 Uncommon trap: trap_request=0xffffffd6 fr.pc=0x000002a107cb8fc8 relative=0x0000000000000388
Event: 24.084 Thread 0x000002a178b6e090 Uncommon trap: reason=array_check action=maybe_recompile pc=0x000002a107cb8fc8 method=java.util.AbstractCollection.toArray([Ljava/lang/Object;)[Ljava/lang/Object; @ 116 c2
Event: 24.090 Thread 0x000002a178b6e090 DEOPT PACKING pc=0x000002a107cb8fc8 sp=0x000000ee4f5fc010
Event: 24.090 Thread 0x000002a178b6e090 DEOPT UNPACKING pc=0x000002a1075869a3 sp=0x000000ee4f5fbfb0 mode 2
Event: 24.093 Thread 0x000002a178b6e090 Uncommon trap: trap_request=0xffffffd6 fr.pc=0x000002a107cb8fc8 relative=0x0000000000000388
Event: 24.093 Thread 0x000002a178b6e090 Uncommon trap: reason=array_check action=maybe_recompile pc=0x000002a107cb8fc8 method=java.util.AbstractCollection.toArray([Ljava/lang/Object;)[Ljava/lang/Object; @ 116 c2
Event: 24.093 Thread 0x000002a178b6e090 DEOPT PACKING pc=0x000002a107cb8fc8 sp=0x000000ee4f5fc010
Event: 24.093 Thread 0x000002a178b6e090 DEOPT UNPACKING pc=0x000002a1075869a3 sp=0x000000ee4f5fbfb0 mode 2

Classes unloaded (0 events):
No events

Classes redefined (0 events):
No events

Internal exceptions (20 events):
Event: 7.466 Thread 0x000002a178b6e090 Exception <a 'java/lang/NoSuchMethodError'{0x00000000c47f6230}: 'java.lang.Object java.lang.invoke.DirectMethodHandle$Holder.newInvokeSpecial(java.lang.Object, java.lang.Object, java.lang.Object, java.lang.Object, java.lang.Object, java.lang.Object, int)'> (0x00000000c47f6230) 
thrown [s\src\hotspot\share\interpreter\linkResolver.cpp, line 759]
Event: 7.467 Thread 0x000002a178b6e090 Exception <a 'java/lang/NoSuchMethodError'{0x00000000c47fb7c0}: 'java.lang.Object java.lang.invoke.DirectMethodHandle$Holder.invokeSpecial(java.lang.Object, java.lang.Object, java.lang.Object, java.lang.Object, java.lang.Object, java.lang.Object, java.lang.Object, int)'> (0x00000000c47fb7c0) 
thrown [s\src\hotspot\share\interpreter\linkResolver.cpp, line 759]
Event: 7.627 Thread 0x000002a178b6e090 Exception <a 'java/lang/NoSuchMethodError'{0x00000000c4570a78}: 'void java.lang.invoke.DirectMethodHandle$Holder.invokeStatic(java.lang.Object, java.lang.Object, java.lang.Object, java.lang.Object, java.lang.Object, java.lang.Object)'> (0x00000000c4570a78) 
thrown [s\src\hotspot\share\interpreter\linkResolver.cpp, line 759]
Event: 7.834 Thread 0x000002a178b6e090 Exception <a 'java/lang/NoSuchMethodError'{0x00000000c447b7b0}: 'java.lang.Object java.lang.invoke.DirectMethodHandle$Holder.invokeSpecial(java.lang.Object, java.lang.Object, java.lang.Object, int, java.lang.Object)'> (0x00000000c447b7b0) 
thrown [s\src\hotspot\share\interpreter\linkResolver.cpp, line 759]
Event: 7.836 Thread 0x000002a178b6e090 Exception <a 'java/lang/NoSuchMethodError'{0x00000000c4489b20}: 'java.lang.Object java.lang.invoke.DirectMethodHandle$Holder.newInvokeSpecial(java.lang.Object, java.lang.Object, java.lang.Object, int, java.lang.Object)'> (0x00000000c4489b20) 
thrown [s\src\hotspot\share\interpreter\linkResolver.cpp, line 759]
Event: 7.841 Thread 0x000002a178b6e090 Exception <a 'java/lang/NoSuchMethodError'{0x00000000c44a1820}: 'java.lang.Object java.lang.invoke.DirectMethodHandle$Holder.newInvokeSpecial(java.lang.Object, int, java.lang.Object)'> (0x00000000c44a1820) 
thrown [s\src\hotspot\share\interpreter\linkResolver.cpp, line 759]
Event: 8.033 Thread 0x000002a178b6e090 Exception <a 'java/lang/NoSuchMethodError'{0x00000000c542a198}: 'void java.lang.invoke.DelegatingMethodHandle$Holder.delegate(java.lang.Object, java.lang.Object, int, java.lang.Object)'> (0x00000000c542a198) 
thrown [s\src\hotspot\share\interpreter\linkResolver.cpp, line 759]
Event: 9.982 Thread 0x000002a178b6e090 Exception <a 'java/lang/NoSuchMethodError'{0x00000000c52e94a0}: 'java.lang.Object java.lang.invoke.DirectMethodHandle$Holder.invokeSpecial(java.lang.Object, java.lang.Object, long, java.lang.Object, java.lang.Object, java.lang.Object, java.lang.Object, java.lang.Object, java.lang.Object)'> (0x00000000c52e94a0) 
thrown [s\src\hotspot\share\interpreter\linkResolver.cpp, line 759]
Event: 9.983 Thread 0x000002a178b6e090 Exception <a 'java/lang/NoSuchMethodError'{0x00000000c52ee518}: 'java.lang.Object java.lang.invoke.DelegatingMethodHandle$Holder.reinvoke_L(java.lang.Object, long, java.lang.Object, java.lang.Object, java.lang.Object, java.lang.Object, java.lang.Object, java.lang.Object)'> (0x00000000c52ee518) 
thrown [s\src\hotspot\share\interpreter\linkResolver.cpp, line 759]
Event: 10.127 Thread 0x000002a178b6e090 Exception <a 'java/lang/IncompatibleClassChangeError'{0x00000000c50cc740}: Found class java.lang.Object, but interface was expected> (0x00000000c50cc740) 
thrown [s\src\hotspot\share\interpreter\linkResolver.cpp, line 826]
Event: 10.959 Thread 0x000002a117138a80 Exception <a 'java/lang/NoSuchMethodError'{0x00000000c4c38d28}: 'java.lang.Object java.lang.invoke.Invokers$Holder.invoke_MT(java.lang.Object, java.lang.Object, java.lang.Object)'> (0x00000000c4c38d28) 
thrown [s\src\hotspot\share\interpreter\linkResolver.cpp, line 759]
Event: 11.925 Thread 0x000002a178b6e090 Implicit null exception at 0x000002a107bbfb0b to 0x000002a107bc6328
Event: 12.835 Thread 0x000002a178b6e090 Exception <a 'sun/nio/fs/WindowsException'{0x00000000c4ed94d8}> (0x00000000c4ed94d8) 
thrown [s\src\hotspot\share\prims\jni.cpp, line 516]
Event: 12.839 Thread 0x000002a178b6e090 Exception <a 'sun/nio/fs/WindowsException'{0x00000000c4ee4aa0}> (0x00000000c4ee4aa0) 
thrown [s\src\hotspot\share\prims\jni.cpp, line 516]
Event: 16.343 Thread 0x000002a117138a80 Exception <a 'java/lang/NoSuchMethodError'{0x00000000c4819858}: 'long java.lang.invoke.DirectMethodHandle$Holder.invokeSpecial(java.lang.Object, java.lang.Object)'> (0x00000000c4819858) 
thrown [s\src\hotspot\share\interpreter\linkResolver.cpp, line 759]
Event: 16.356 Thread 0x000002a117138a80 Exception <a 'java/lang/NoSuchMethodError'{0x00000000c4824480}: 'long java.lang.invoke.DirectMethodHandle$Holder.invokeStatic(java.lang.Object, java.lang.Object)'> (0x00000000c4824480) 
thrown [s\src\hotspot\share\interpreter\linkResolver.cpp, line 759]
Event: 16.358 Thread 0x000002a117138a80 Exception <a 'java/lang/NoSuchMethodError'{0x00000000c48277d8}: 'long java.lang.invoke.DirectMethodHandle$Holder.invokeStaticInit(java.lang.Object, java.lang.Object)'> (0x00000000c48277d8) 
thrown [s\src\hotspot\share\interpreter\linkResolver.cpp, line 759]
Event: 16.366 Thread 0x000002a117138a80 Exception <a 'java/lang/NoSuchMethodError'{0x00000000c4835318}: 'long java.lang.invoke.DirectMethodHandle$Holder.invokeInterface(java.lang.Object, java.lang.Object)'> (0x00000000c4835318) 
thrown [s\src\hotspot\share\interpreter\linkResolver.cpp, line 759]
Event: 16.366 Thread 0x000002a117138a80 Exception <a 'java/lang/IncompatibleClassChangeError'{0x00000000c4838600}: Found class java.lang.Object, but interface was expected> (0x00000000c4838600) 
thrown [s\src\hotspot\share\interpreter\linkResolver.cpp, line 826]
Event: 16.429 Thread 0x000002a117138a80 Exception <a 'java/lang/NoSuchMethodError'{0x00000000c4854050}: 'java.lang.Object java.lang.invoke.DirectMethodHandle$Holder.invokeVirtual(java.lang.Object, java.lang.Object, java.lang.Object, java.lang.Object)'> (0x00000000c4854050) 
thrown [s\src\hotspot\share\interpreter\linkResolver.cpp, line 759]

VM Operations (20 events):
Event: 19.044 Executing VM operation: CollectForMetadataAllocation
Event: 19.052 Executing VM operation: CollectForMetadataAllocation done
Event: 19.104 Executing VM operation: G1Concurrent
Event: 19.109 Executing VM operation: G1Concurrent done
Event: 19.136 Executing VM operation: G1Concurrent
Event: 19.154 Executing VM operation: G1Concurrent done
Event: 19.731 Executing VM operation: HandshakeAllThreads
Event: 19.731 Executing VM operation: HandshakeAllThreads done
Event: 20.746 Executing VM operation: Cleanup
Event: 20.747 Executing VM operation: Cleanup done
Event: 21.375 Executing VM operation: G1CollectForAllocation
Event: 21.383 Executing VM operation: G1CollectForAllocation done
Event: 22.384 Executing VM operation: Cleanup
Event: 22.384 Executing VM operation: Cleanup done
Event: 22.402 Executing VM operation: HandshakeAllThreads
Event: 22.403 Executing VM operation: HandshakeAllThreads done
Event: 22.745 Executing VM operation: HandshakeAllThreads
Event: 22.745 Executing VM operation: HandshakeAllThreads done
Event: 23.750 Executing VM operation: Cleanup
Event: 23.750 Executing VM operation: Cleanup done

Events (20 events):
Event: 16.911 loading class com/sun/security/sasl/Provider done
Event: 16.911 loading class com/sun/security/sasl/Provider$1
Event: 16.911 loading class com/sun/security/sasl/Provider$1 done
Event: 16.911 loading class com/sun/security/sasl/Provider$ProviderService
Event: 16.911 loading class com/sun/security/sasl/Provider$ProviderService done
Event: 16.914 loading class sun/security/provider/certpath/ldap/JdkLDAP
Event: 16.919 loading class sun/security/provider/certpath/ldap/JdkLDAP done
Event: 16.920 loading class sun/security/provider/certpath/ldap/JdkLDAP$ProviderService
Event: 16.921 loading class sun/security/provider/certpath/ldap/JdkLDAP$ProviderService done
Event: 16.925 loading class java/util/IdentityHashMap$KeyIterator
Event: 16.925 loading class java/util/IdentityHashMap$KeyIterator done
Event: 16.925 Thread 0x000002a117138a80 Thread exited: 0x000002a117138a80
Event: 18.787 Thread 0x000002a1172df060 Thread added: 0x000002a1172df060
Event: 19.168 loading class javax/naming/ldap/LdapContext
Event: 19.238 loading class javax/naming/directory/DirContext
Event: 19.249 loading class javax/naming/directory/DirContext done
Event: 19.249 loading class javax/naming/ldap/LdapContext done
Event: 19.281 Thread 0x000002a1172df060 Thread exited: 0x000002a1172df060
Event: 20.844 loading class java/beans/PropertyVetoException
Event: 20.845 loading class java/beans/PropertyVetoException done


Dynamic libraries:
0x00007ff736730000 - 0x00007ff73673e000 	E:\Software\sts-4.19.1.RELEASE\plugins\org.eclipse.justj.openjdk.hotspot.jre.full.win32.x86_64_17.0.7.v20230425-1502\jre\bin\java.exe
0x00007fff44770000 - 0x00007fff44969000 	C:\WINDOWS\SYSTEM32\ntdll.dll
0x00007fff43770000 - 0x00007fff43832000 	C:\WINDOWS\System32\KERNEL32.DLL
0x00007fff41f40000 - 0x00007fff42237000 	C:\WINDOWS\System32\KERNELBASE.dll
0x00007fff42400000 - 0x00007fff42500000 	C:\WINDOWS\System32\ucrtbase.dll
0x00007fff200f0000 - 0x00007fff20109000 	E:\Software\sts-4.19.1.RELEASE\plugins\org.eclipse.justj.openjdk.hotspot.jre.full.win32.x86_64_17.0.7.v20230425-1502\jre\bin\VCRUNTIME140.dll
0x00007fff3a500000 - 0x00007fff3a517000 	E:\Software\sts-4.19.1.RELEASE\plugins\org.eclipse.justj.openjdk.hotspot.jre.full.win32.x86_64_17.0.7.v20230425-1502\jre\bin\jli.dll
0x00007fff443e0000 - 0x00007fff4457d000 	C:\WINDOWS\System32\USER32.dll
0x00007fff42240000 - 0x00007fff42262000 	C:\WINDOWS\System32\win32u.dll
0x00007fff28760000 - 0x00007fff289fb000 	C:\WINDOWS\WinSxS\amd64_microsoft.windows.common-controls_6595b64144ccf1df_6.0.19041.7663_none_60b9ed0b71f50c93\COMCTL32.dll
0x00007fff44210000 - 0x00007fff442ae000 	C:\WINDOWS\System32\msvcrt.dll
0x00007fff44100000 - 0x00007fff4412b000 	C:\WINDOWS\System32\GDI32.dll
0x00007fff425a0000 - 0x00007fff426ba000 	C:\WINDOWS\System32\gdi32full.dll
0x00007fff42500000 - 0x00007fff4259d000 	C:\WINDOWS\System32\msvcp_win.dll
0x00007fff42e50000 - 0x00007fff42e7f000 	C:\WINDOWS\System32\IMM32.DLL
0x00007fff3c780000 - 0x00007fff3c78c000 	E:\Software\sts-4.19.1.RELEASE\plugins\org.eclipse.justj.openjdk.hotspot.jre.full.win32.x86_64_17.0.7.v20230425-1502\jre\bin\vcruntime140_1.dll
0x00007fff042b0000 - 0x00007fff04341000 	E:\Software\sts-4.19.1.RELEASE\plugins\org.eclipse.justj.openjdk.hotspot.jre.full.win32.x86_64_17.0.7.v20230425-1502\jre\bin\msvcp140.dll
0x00007ffeee8d0000 - 0x00007ffeef518000 	E:\Software\sts-4.19.1.RELEASE\plugins\org.eclipse.justj.openjdk.hotspot.jre.full.win32.x86_64_17.0.7.v20230425-1502\jre\bin\server\jvm.dll
0x00007fff42c80000 - 0x00007fff42d32000 	C:\WINDOWS\System32\ADVAPI32.dll
0x00007fff43fd0000 - 0x00007fff44070000 	C:\WINDOWS\System32\sechost.dll
0x00007fff434c0000 - 0x00007fff435e6000 	C:\WINDOWS\System32\RPCRT4.dll
0x00007fff423d0000 - 0x00007fff423f7000 	C:\WINDOWS\System32\bcrypt.dll
0x00007fff3be70000 - 0x00007fff3be79000 	C:\WINDOWS\SYSTEM32\WSOCK32.dll
0x00007fff30130000 - 0x00007fff3013a000 	C:\WINDOWS\SYSTEM32\VERSION.dll
0x00007fff23fc0000 - 0x00007fff23fe7000 	C:\WINDOWS\SYSTEM32\WINMM.dll
0x00007fff43450000 - 0x00007fff434bb000 	C:\WINDOWS\System32\WS2_32.dll
0x00007fff405b0000 - 0x00007fff405c2000 	C:\WINDOWS\SYSTEM32\kernel.appcore.dll
0x00007fff3c1a0000 - 0x00007fff3c1aa000 	E:\Software\sts-4.19.1.RELEASE\plugins\org.eclipse.justj.openjdk.hotspot.jre.full.win32.x86_64_17.0.7.v20230425-1502\jre\bin\jimage.dll
0x00007fff3fad0000 - 0x00007fff3fcd1000 	C:\WINDOWS\SYSTEM32\DBGHELP.DLL
0x00007fff227d0000 - 0x00007fff22804000 	C:\WINDOWS\SYSTEM32\dbgcore.DLL
0x00007fff41de0000 - 0x00007fff41e62000 	C:\WINDOWS\System32\bcryptPrimitives.dll
0x00007fff38110000 - 0x00007fff38135000 	E:\Software\sts-4.19.1.RELEASE\plugins\org.eclipse.justj.openjdk.hotspot.jre.full.win32.x86_64_17.0.7.v20230425-1502\jre\bin\java.dll
0x00007fff3a160000 - 0x00007fff3a178000 	E:\Software\sts-4.19.1.RELEASE\plugins\org.eclipse.justj.openjdk.hotspot.jre.full.win32.x86_64_17.0.7.v20230425-1502\jre\bin\zip.dll
0x00007fff43840000 - 0x00007fff43fb1000 	C:\WINDOWS\System32\SHELL32.dll
0x00007fff3fdf0000 - 0x00007fff4059c000 	C:\WINDOWS\SYSTEM32\windows.storage.dll
0x00007fff42920000 - 0x00007fff42c73000 	C:\WINDOWS\System32\combase.dll
0x00007fff41650000 - 0x00007fff4167b000 	C:\WINDOWS\SYSTEM32\Wldp.dll
0x00007fff42e80000 - 0x00007fff42f56000 	C:\WINDOWS\System32\OLEAUT32.dll
0x00007fff44330000 - 0x00007fff443dd000 	C:\WINDOWS\System32\SHCORE.dll
0x00007fff442c0000 - 0x00007fff4431b000 	C:\WINDOWS\System32\shlwapi.dll
0x00007fff41d10000 - 0x00007fff41d35000 	C:\WINDOWS\SYSTEM32\profapi.dll
0x00007fff39980000 - 0x00007fff39999000 	E:\Software\sts-4.19.1.RELEASE\plugins\org.eclipse.justj.openjdk.hotspot.jre.full.win32.x86_64_17.0.7.v20230425-1502\jre\bin\net.dll
0x00007fff387c0000 - 0x00007fff388cd000 	C:\WINDOWS\SYSTEM32\WINHTTP.dll
0x00007fff41400000 - 0x00007fff4146a000 	C:\WINDOWS\system32\mswsock.dll
0x00007fff31de0000 - 0x00007fff31df5000 	E:\Software\sts-4.19.1.RELEASE\plugins\org.eclipse.justj.openjdk.hotspot.jre.full.win32.x86_64_17.0.7.v20230425-1502\jre\bin\nio.dll
0x00007fff3a140000 - 0x00007fff3a149000 	E:\Software\sts-4.19.1.RELEASE\plugins\org.eclipse.justj.openjdk.hotspot.jre.full.win32.x86_64_17.0.7.v20230425-1502\jre\bin\management.dll
0x00007fff30f20000 - 0x00007fff30f2b000 	E:\Software\sts-4.19.1.RELEASE\plugins\org.eclipse.justj.openjdk.hotspot.jre.full.win32.x86_64_17.0.7.v20230425-1502\jre\bin\management_ext.dll
0x00007fff43fc0000 - 0x00007fff43fc8000 	C:\WINDOWS\System32\PSAPI.DLL
0x00007fff41100000 - 0x00007fff4113b000 	C:\WINDOWS\SYSTEM32\IPHLPAPI.DLL
0x00007fff44320000 - 0x00007fff44328000 	C:\WINDOWS\System32\NSI.dll
0x00007fff3a590000 - 0x00007fff3a5a7000 	C:\WINDOWS\SYSTEM32\dhcpcsvc6.DLL
0x00007fff38470000 - 0x00007fff3848e000 	C:\WINDOWS\SYSTEM32\dhcpcsvc.DLL
0x00007fff41140000 - 0x00007fff4120c000 	C:\WINDOWS\SYSTEM32\DNSAPI.dll
0x00007fff3a670000 - 0x00007fff3a67a000 	C:\Windows\System32\rasadhlp.dll
0x00007fff36580000 - 0x00007fff36600000 	C:\WINDOWS\System32\fwpuclnt.dll
0x00007fff3a1a0000 - 0x00007fff3a1ae000 	E:\Software\sts-4.19.1.RELEASE\plugins\org.eclipse.justj.openjdk.hotspot.jre.full.win32.x86_64_17.0.7.v20230425-1502\jre\bin\sunmscapi.dll
0x00007fff42270000 - 0x00007fff423cd000 	C:\WINDOWS\System32\CRYPT32.dll
0x00007fff417a0000 - 0x00007fff417c7000 	C:\WINDOWS\SYSTEM32\ncrypt.dll
0x00007fff41760000 - 0x00007fff4179b000 	C:\WINDOWS\SYSTEM32\NTASN1.dll

dbghelp: loaded successfully - version: 4.0.5 - missing functions: none
symbol engine: initialized successfully - sym options: 0x614 - pdb path: .;E:\Software\sts-4.19.1.RELEASE\plugins\org.eclipse.justj.openjdk.hotspot.jre.full.win32.x86_64_17.0.7.v20230425-1502\jre\bin;C:\WINDOWS\SYSTEM32;C:\WINDOWS\WinSxS\amd64_microsoft.windows.common-controls_6595b64144ccf1df_6.0.19041.7663_none_60b9ed0b71f50c93;E:\Software\sts-4.19.1.RELEASE\plugins\org.eclipse.justj.openjdk.hotspot.jre.full.win32.x86_64_17.0.7.v20230425-1502\jre\bin\server

VM Arguments:
java_command: C:\Users\KAUSAL\AppData\Local\Temp\surefire16460476348240449649\surefirebooter-20260820080744736_3.jar C:\Users\KAUSAL\AppData\Local\Temp\surefire16460476348240449649 2026-08-20T08-07-43_288-jvmRun1 surefire-20260820080744736_1tmp surefire_0-20260820080744736_2tmp
java_class_path (initial): C:\Users\KAUSAL\AppData\Local\Temp\surefire16460476348240449649\surefirebooter-20260820080744736_3.jar
Launcher Type: SUN_STANDARD

[Global flags]
     intx CICompilerCount                          = 3                                         {product} {ergonomic}
     uint ConcGCThreads                            = 1                                         {product} {ergonomic}
     uint G1ConcRefinementThreads                  = 4                                         {product} {ergonomic}
   size_t G1HeapRegionSize                         = 1048576                                   {product} {ergonomic}
    uintx GCDrainStackTargetSize                   = 64                                        {product} {ergonomic}
   size_t InitialHeapSize                          = 67108864                                  {product} {ergonomic}
   size_t MarkStackSize                            = 4194304                                   {product} {ergonomic}
   size_t MaxHeapSize                              = 1050673152                                {product} {ergonomic}
   size_t MaxNewSize                               = 630194176                                 {product} {ergonomic}
   size_t MinHeapDeltaBytes                        = 1048576                                   {product} {ergonomic}
   size_t MinHeapSize                              = 8388608                                   {product} {ergonomic}
    uintx NonNMethodCodeHeapSize                   = 5832780                                {pd product} {ergonomic}
    uintx NonProfiledCodeHeapSize                  = 122912730                              {pd product} {ergonomic}
    uintx ProfiledCodeHeapSize                     = 122912730                              {pd product} {ergonomic}
    uintx ReservedCodeCacheSize                    = 251658240                              {pd product} {ergonomic}
     bool SegmentedCodeCache                       = true                                      {product} {ergonomic}
   size_t SoftMaxHeapSize                          = 1050673152                             {manageable} {ergonomic}
     bool UseCompressedClassPointers               = true                           {product lp64_product} {ergonomic}
     bool UseCompressedOops                        = true                           {product lp64_product} {ergonomic}
     bool UseG1GC                                  = true                                      {product} {ergonomic}
     bool UseLargePagesIndividualAllocation        = false                                  {pd product} {ergonomic}

Logging:
Log output configuration:
 #0: stdout all=warning uptime,level,tags
 #1: stderr all=off uptime,level,tags

Environment Variables:
JAVA_HOME=C:\Program Files\Java\jdk-17
PATH=E:/Software/sts-4.19.1.RELEASE//plugins/org.eclipse.justj.openjdk.hotspot.jre.full.win32.x86_64_17.0.7.v20230425-1502/jre/bin/server;E:/Software/sts-4.19.1.RELEASE//plugins/org.eclipse.justj.openjdk.hotspot.jre.full.win32.x86_64_17.0.7.v20230425-1502/jre/bin;C:\Program Files\Common Files\Oracle\Java\javapath;C:\WINDOWS\system32;C:\WINDOWS;C:\WINDOWS\System32\Wbem;C:\WINDOWS\System32\WindowsPowerShell\v1.0\;C:\WINDOWS\System32\OpenSSH\;C:\Program Files\nodejs\;C:\Program Files\Git\cmd;C:\Program Files\MySQL\MySQL Server 8.0\bin;E:\apache-maven\bin;C:\Program Files\Eclipse Adoptium\jdk-17.0.19.10-hotspot\bin;C:\Users\KAUSAL\AppData\Local\Microsoft\WindowsApps;C:\Users\KAUSAL\AppData\Roaming\npm;C:\Users\KAUSAL\AppData\Local\Programs\Microsoft VS Code\bin;E:\Software\sts-4.19.1.RELEASE;
USERNAME=KAUSAL
OS=Windows_NT
PROCESSOR_IDENTIFIER=Intel64 Family 6 Model 78 Stepping 3, GenuineIntel
TMP=C:\Users\KAUSAL\AppData\Local\Temp
TEMP=C:\Users\KAUSAL\AppData\Local\Temp



---------------  S Y S T E M  ---------------

OS:
 Windows 10 , 64 bit Build 19041 (10.0.19041.7663)
OS uptime: 1 days 1:54 hours
Hyper-V role detected

CPU: total 4 (initial active 4) (2 cores per cpu, 2 threads per core) family 6 model 78 stepping 3 microcode 0xf0, cx8, cmov, fxsr, ht, mmx, 3dnowpref, sse, sse2, sse3, ssse3, sse4.1, sse4.2, popcnt, lzcnt, tsc, tscinvbit, avx, avx2, aes, erms, clmul, bmi1, bmi2, adx, fma, vzeroupper, clflush, clflushopt, hv

Memory: 4k page, system-wide physical 4002M (289M free)
TotalPageFile size 12194M (AvailPageFile size 186M)
current process WorkingSet (physical memory assigned to process): 173M, peak: 173M
current process commit charge ("private bytes"): 207M, peak: 208M

vm_info: OpenJDK 64-Bit Server VM (17.0.7+7) for windows-amd64 JRE (17.0.7+7), built on Apr 18 2023 22:10:42 by "temurin" with MS VC++ 16.7 (VS2019)

END.
