#
# There is insufficient memory for the Java Runtime Environment to continue.
# Native memory allocation (mmap) failed to map 65536 bytes for Failed to commit metaspace.
# Possible reasons:
#   The system is out of physical RAM or swap space
#   The process is running with CompressedOops enabled, and the Java Heap may be blocking the growth of the native heap
# Possible solutions:
#   Reduce memory load on the system
#   Increase physical memory or swap space
#   Check if swap backing store is full
#   Decrease Java heap size (-Xmx/-Xms)
#   Decrease number of Java threads
#   Decrease Java thread stack sizes (-Xss)
#   Set larger code cache with -XX:ReservedCodeCacheSize=
#   JVM is running with Unscaled Compressed Oops mode in which the Java heap is
#     placed in the first 4GB address space. The Java Heap base address is the
#     maximum limit for the native heap growth. Please use -XX:HeapBaseMinAddress
#     to set the Java Heap base and to place the Java Heap above 4GB virtual address.
# This output file may be truncated or incomplete.
#
#  Out of Memory Error (virtualSpaceNode.cpp:110), pid=5336, tid=9968
#
# JRE version: OpenJDK Runtime Environment Temurin-17.0.7+7 (17.0.7+7) (build 17.0.7+7)
# Java VM: OpenJDK 64-Bit Server VM Temurin-17.0.7+7 (17.0.7+7, mixed mode, tiered, compressed oops, compressed class ptrs, g1 gc, windows-amd64)
# No core dump will be written. Minidumps are not enabled by default on client versions of Windows
#

---------------  S U M M A R Y ------------

Command Line: C:\Users\KAUSAL\AppData\Local\Temp\surefire8197882526824971182\surefirebooter-20260903015027595_3.jar C:\Users\KAUSAL\AppData\Local\Temp\surefire8197882526824971182 2026-09-03T01-50-26_684-jvmRun1 surefire-20260903015027595_1tmp surefire_0-20260903015027595_2tmp

Host: Intel(R) Core(TM) i3-6006U CPU @ 2.00GHz, 4 cores, 3G,  Windows 10 , 64 bit Build 19041 (10.0.19041.7663)
Time: Thu Sep  3 01:50:30 2026 Pacific Daylight Time elapsed time: 0.849412 seconds (0d 0h 0m 0s)

---------------  T H R E A D  ---------------

Current thread (0x0000018fdb9421e0):  JavaThread "main" [_thread_in_vm, id=9968, stack(0x0000007e3a300000,0x0000007e3a400000)]

Stack: [0x0000007e3a300000,0x0000007e3a400000]
Native frames: (J=compiled Java code, j=interpreted, Vv=VM code, C=native code)
V  [jvm.dll+0x67754a]
V  [jvm.dll+0x834304]
V  [jvm.dll+0x835aae]
V  [jvm.dll+0x836113]
V  [jvm.dll+0x24696f]
V  [jvm.dll+0x83039b]
V  [jvm.dll+0x61c006]
V  [jvm.dll+0x61c06a]
V  [jvm.dll+0x61e89a]
V  [jvm.dll+0x61c9a6]
V  [jvm.dll+0x23c306]
V  [jvm.dll+0x1ebe5d]
V  [jvm.dll+0x1e1891]
V  [jvm.dll+0x53ea50]
V  [jvm.dll+0x1f2067]
V  [jvm.dll+0x7af05b]
V  [jvm.dll+0x7b0402]
V  [jvm.dll+0x7b0738]
V  [jvm.dll+0x23ec6e]
V  [jvm.dll+0x38283b]
C  0x0000018fe653f27a

Java frames: (J=compiled Java code, j=interpreted, Vv=VM code)
j  jdk.internal.access.SharedSecrets.getJavaNetUriAccess()Ljdk/internal/access/JavaNetUriAccess;+8 java.base
j  jdk.internal.module.SystemModuleFinders.<clinit>()V+0 java.base
v  ~StubRoutines::call_stub
j  jdk.internal.module.ModuleBootstrap.boot2()Ljava/lang/ModuleLayer;+194 java.base
j  jdk.internal.module.ModuleBootstrap.boot()Ljava/lang/ModuleLayer;+64 java.base
j  java.lang.System.initPhase2(ZZ)I+0 java.base
v  ~StubRoutines::call_stub

---------------  P R O C E S S  ---------------

Threads class SMR info:
_java_thread_list=0x0000018ff2a4fa70, length=10, elements={
0x0000018fdb9421e0, 0x0000018fdba03b10, 0x0000018ff2a238f0, 0x0000018ff2a53230,
0x0000018ff2a56c10, 0x0000018ff2a574d0, 0x0000018ff2a57d90, 0x0000018ff2a6dd50,
0x0000018ff2a6e650, 0x0000018ff2a78f70
}

Java Threads: ( => current thread )
=>0x0000018fdb9421e0 JavaThread "main" [_thread_in_vm, id=9968, stack(0x0000007e3a300000,0x0000007e3a400000)]
  0x0000018fdba03b10 JavaThread "Reference Handler" daemon [_thread_blocked, id=4180, stack(0x0000007e3aa00000,0x0000007e3ab00000)]
  0x0000018ff2a238f0 JavaThread "Finalizer" daemon [_thread_blocked, id=11468, stack(0x0000007e3ab00000,0x0000007e3ac00000)]
  0x0000018ff2a53230 JavaThread "Signal Dispatcher" daemon [_thread_blocked, id=12724, stack(0x0000007e3ac00000,0x0000007e3ad00000)]
  0x0000018ff2a56c10 JavaThread "Attach Listener" daemon [_thread_blocked, id=14564, stack(0x0000007e3ad00000,0x0000007e3ae00000)]
  0x0000018ff2a574d0 JavaThread "Service Thread" daemon [_thread_blocked, id=1204, stack(0x0000007e3ae00000,0x0000007e3af00000)]
  0x0000018ff2a57d90 JavaThread "Monitor Deflation Thread" daemon [_thread_blocked, id=11344, stack(0x0000007e3af00000,0x0000007e3b000000)]
  0x0000018ff2a6dd50 JavaThread "C2 CompilerThread0" daemon [_thread_blocked, id=3548, stack(0x0000007e3b000000,0x0000007e3b100000)]
  0x0000018ff2a6e650 JavaThread "C1 CompilerThread0" daemon [_thread_blocked, id=14132, stack(0x0000007e3b100000,0x0000007e3b200000)]
  0x0000018ff2a78f70 JavaThread "Sweeper thread" daemon [_thread_blocked, id=7756, stack(0x0000007e3b200000,0x0000007e3b300000)]

Other Threads:
  0x0000018fdba0ecf0 VMThread "VM Thread" [stack: 0x0000007e3a900000,0x0000007e3aa00000] [id=5808]
  0x0000018fdb97e9d0 GCTaskThread "GC Thread#0" [stack: 0x0000007e3a400000,0x0000007e3a500000] [id=10916]
  0x0000018fdb987d70 ConcurrentGCThread "G1 Main Marker" [stack: 0x0000007e3a500000,0x0000007e3a600000] [id=6444]
  0x0000018fdb989640 ConcurrentGCThread "G1 Conc#0" [stack: 0x0000007e3a600000,0x0000007e3a700000] [id=8616]
  0x0000018fdb9d7610 ConcurrentGCThread "G1 Refine#0" [stack: 0x0000007e3a700000,0x0000007e3a800000] [id=7528]
  0x0000018fdb9d7f40 ConcurrentGCThread "G1 Service" [stack: 0x0000007e3a800000,0x0000007e3a900000] [id=9916]

Threads with active compile tasks:

VM state: not at safepoint (normal execution)

VM Mutex/Monitor currently owned by a thread:  ([mutex/lock_event])
[0x0000018fdb93b5d0] Metaspace_lock - owner thread: 0x0000018fdb9421e0

Heap address: 0x00000000c1600000, size: 1002 MB, Compressed Oops mode: 32-bit

CDS archive(s) not mapped
Compressed class space mapped at: 0x0000000100000000-0x0000000140000000, reserved size: 1073741824
Narrow klass base: 0x0000000000000000, Narrow klass shift: 3, Narrow klass range: 0x140000000

GC Precious Log:
 CPUs: 4 total, 4 available
 Memory: 4002M
 Large Page Support: Disabled
 NUMA Support: Disabled
 Compressed Oops: Enabled (32-bit)
 Heap Region Size: 1M
 Heap Min Capacity: 8M
 Heap Initial Capacity: 64M
 Heap Max Capacity: 1002M
 Pre-touch: Disabled
 Parallel Workers: 4
 Concurrent Workers: 1
 Concurrent Refinement Workers: 4
 Periodic GC: Disabled

Heap:
 garbage-first heap   total 65536K, used 0K [0x00000000c1600000, 0x0000000100000000)
  region size 1024K, 1 young (1024K), 0 survivors (0K)
 Metaspace       used 2835K, committed 2880K, reserved 1114112K
  class space    used 212K, committed 256K, reserved 1048576K

Heap Regions: E=young(eden), S=young(survivor), O=old, HS=humongous(starts), HC=humongous(continues), CS=collection set, F=free, OA=open archive, CA=closed archive, TAMS=top-at-mark-start (previous, next)
|   0|0x00000000c1600000, 0x00000000c1600000, 0x00000000c1700000|  0%| F|  |TAMS 0x00000000c1600000, 0x00000000c1600000| Untracked 
|   1|0x00000000c1700000, 0x00000000c1700000, 0x00000000c1800000|  0%| F|  |TAMS 0x00000000c1700000, 0x00000000c1700000| Untracked 
|   2|0x00000000c1800000, 0x00000000c1800000, 0x00000000c1900000|  0%| F|  |TAMS 0x00000000c1800000, 0x00000000c1800000| Untracked 
|   3|0x00000000c1900000, 0x00000000c1900000, 0x00000000c1a00000|  0%| F|  |TAMS 0x00000000c1900000, 0x00000000c1900000| Untracked 
|   4|0x00000000c1a00000, 0x00000000c1a00000, 0x00000000c1b00000|  0%| F|  |TAMS 0x00000000c1a00000, 0x00000000c1a00000| Untracked 
|   5|0x00000000c1b00000, 0x00000000c1b00000, 0x00000000c1c00000|  0%| F|  |TAMS 0x00000000c1b00000, 0x00000000c1b00000| Untracked 
|   6|0x00000000c1c00000, 0x00000000c1c00000, 0x00000000c1d00000|  0%| F|  |TAMS 0x00000000c1c00000, 0x00000000c1c00000| Untracked 
|   7|0x00000000c1d00000, 0x00000000c1d00000, 0x00000000c1e00000|  0%| F|  |TAMS 0x00000000c1d00000, 0x00000000c1d00000| Untracked 
|   8|0x00000000c1e00000, 0x00000000c1e00000, 0x00000000c1f00000|  0%| F|  |TAMS 0x00000000c1e00000, 0x00000000c1e00000| Untracked 
|   9|0x00000000c1f00000, 0x00000000c1f00000, 0x00000000c2000000|  0%| F|  |TAMS 0x00000000c1f00000, 0x00000000c1f00000| Untracked 
|  10|0x00000000c2000000, 0x00000000c2000000, 0x00000000c2100000|  0%| F|  |TAMS 0x00000000c2000000, 0x00000000c2000000| Untracked 
|  11|0x00000000c2100000, 0x00000000c2100000, 0x00000000c2200000|  0%| F|  |TAMS 0x00000000c2100000, 0x00000000c2100000| Untracked 
|  12|0x00000000c2200000, 0x00000000c2200000, 0x00000000c2300000|  0%| F|  |TAMS 0x00000000c2200000, 0x00000000c2200000| Untracked 
|  13|0x00000000c2300000, 0x00000000c2300000, 0x00000000c2400000|  0%| F|  |TAMS 0x00000000c2300000, 0x00000000c2300000| Untracked 
|  14|0x00000000c2400000, 0x00000000c2400000, 0x00000000c2500000|  0%| F|  |TAMS 0x00000000c2400000, 0x00000000c2400000| Untracked 
|  15|0x00000000c2500000, 0x00000000c2500000, 0x00000000c2600000|  0%| F|  |TAMS 0x00000000c2500000, 0x00000000c2500000| Untracked 
|  16|0x00000000c2600000, 0x00000000c2600000, 0x00000000c2700000|  0%| F|  |TAMS 0x00000000c2600000, 0x00000000c2600000| Untracked 
|  17|0x00000000c2700000, 0x00000000c2700000, 0x00000000c2800000|  0%| F|  |TAMS 0x00000000c2700000, 0x00000000c2700000| Untracked 
|  18|0x00000000c2800000, 0x00000000c2800000, 0x00000000c2900000|  0%| F|  |TAMS 0x00000000c2800000, 0x00000000c2800000| Untracked 
|  19|0x00000000c2900000, 0x00000000c2900000, 0x00000000c2a00000|  0%| F|  |TAMS 0x00000000c2900000, 0x00000000c2900000| Untracked 
|  20|0x00000000c2a00000, 0x00000000c2a00000, 0x00000000c2b00000|  0%| F|  |TAMS 0x00000000c2a00000, 0x00000000c2a00000| Untracked 
|  21|0x00000000c2b00000, 0x00000000c2b00000, 0x00000000c2c00000|  0%| F|  |TAMS 0x00000000c2b00000, 0x00000000c2b00000| Untracked 
|  22|0x00000000c2c00000, 0x00000000c2c00000, 0x00000000c2d00000|  0%| F|  |TAMS 0x00000000c2c00000, 0x00000000c2c00000| Untracked 
|  23|0x00000000c2d00000, 0x00000000c2d00000, 0x00000000c2e00000|  0%| F|  |TAMS 0x00000000c2d00000, 0x00000000c2d00000| Untracked 
|  24|0x00000000c2e00000, 0x00000000c2e00000, 0x00000000c2f00000|  0%| F|  |TAMS 0x00000000c2e00000, 0x00000000c2e00000| Untracked 
|  25|0x00000000c2f00000, 0x00000000c2f00000, 0x00000000c3000000|  0%| F|  |TAMS 0x00000000c2f00000, 0x00000000c2f00000| Untracked 
|  26|0x00000000c3000000, 0x00000000c3000000, 0x00000000c3100000|  0%| F|  |TAMS 0x00000000c3000000, 0x00000000c3000000| Untracked 
|  27|0x00000000c3100000, 0x00000000c3100000, 0x00000000c3200000|  0%| F|  |TAMS 0x00000000c3100000, 0x00000000c3100000| Untracked 
|  28|0x00000000c3200000, 0x00000000c3200000, 0x00000000c3300000|  0%| F|  |TAMS 0x00000000c3200000, 0x00000000c3200000| Untracked 
|  29|0x00000000c3300000, 0x00000000c3300000, 0x00000000c3400000|  0%| F|  |TAMS 0x00000000c3300000, 0x00000000c3300000| Untracked 
|  30|0x00000000c3400000, 0x00000000c3400000, 0x00000000c3500000|  0%| F|  |TAMS 0x00000000c3400000, 0x00000000c3400000| Untracked 
|  31|0x00000000c3500000, 0x00000000c3500000, 0x00000000c3600000|  0%| F|  |TAMS 0x00000000c3500000, 0x00000000c3500000| Untracked 
|  32|0x00000000c3600000, 0x00000000c3600000, 0x00000000c3700000|  0%| F|  |TAMS 0x00000000c3600000, 0x00000000c3600000| Untracked 
|  33|0x00000000c3700000, 0x00000000c3700000, 0x00000000c3800000|  0%| F|  |TAMS 0x00000000c3700000, 0x00000000c3700000| Untracked 
|  34|0x00000000c3800000, 0x00000000c3800000, 0x00000000c3900000|  0%| F|  |TAMS 0x00000000c3800000, 0x00000000c3800000| Untracked 
|  35|0x00000000c3900000, 0x00000000c3900000, 0x00000000c3a00000|  0%| F|  |TAMS 0x00000000c3900000, 0x00000000c3900000| Untracked 
|  36|0x00000000c3a00000, 0x00000000c3a00000, 0x00000000c3b00000|  0%| F|  |TAMS 0x00000000c3a00000, 0x00000000c3a00000| Untracked 
|  37|0x00000000c3b00000, 0x00000000c3b00000, 0x00000000c3c00000|  0%| F|  |TAMS 0x00000000c3b00000, 0x00000000c3b00000| Untracked 
|  38|0x00000000c3c00000, 0x00000000c3c00000, 0x00000000c3d00000|  0%| F|  |TAMS 0x00000000c3c00000, 0x00000000c3c00000| Untracked 
|  39|0x00000000c3d00000, 0x00000000c3d00000, 0x00000000c3e00000|  0%| F|  |TAMS 0x00000000c3d00000, 0x00000000c3d00000| Untracked 
|  40|0x00000000c3e00000, 0x00000000c3e00000, 0x00000000c3f00000|  0%| F|  |TAMS 0x00000000c3e00000, 0x00000000c3e00000| Untracked 
|  41|0x00000000c3f00000, 0x00000000c3f00000, 0x00000000c4000000|  0%| F|  |TAMS 0x00000000c3f00000, 0x00000000c3f00000| Untracked 
|  42|0x00000000c4000000, 0x00000000c4000000, 0x00000000c4100000|  0%| F|  |TAMS 0x00000000c4000000, 0x00000000c4000000| Untracked 
|  43|0x00000000c4100000, 0x00000000c4100000, 0x00000000c4200000|  0%| F|  |TAMS 0x00000000c4100000, 0x00000000c4100000| Untracked 
|  44|0x00000000c4200000, 0x00000000c4200000, 0x00000000c4300000|  0%| F|  |TAMS 0x00000000c4200000, 0x00000000c4200000| Untracked 
|  45|0x00000000c4300000, 0x00000000c4300000, 0x00000000c4400000|  0%| F|  |TAMS 0x00000000c4300000, 0x00000000c4300000| Untracked 
|  46|0x00000000c4400000, 0x00000000c4400000, 0x00000000c4500000|  0%| F|  |TAMS 0x00000000c4400000, 0x00000000c4400000| Untracked 
|  47|0x00000000c4500000, 0x00000000c4500000, 0x00000000c4600000|  0%| F|  |TAMS 0x00000000c4500000, 0x00000000c4500000| Untracked 
|  48|0x00000000c4600000, 0x00000000c4600000, 0x00000000c4700000|  0%| F|  |TAMS 0x00000000c4600000, 0x00000000c4600000| Untracked 
|  49|0x00000000c4700000, 0x00000000c4700000, 0x00000000c4800000|  0%| F|  |TAMS 0x00000000c4700000, 0x00000000c4700000| Untracked 
|  50|0x00000000c4800000, 0x00000000c4800000, 0x00000000c4900000|  0%| F|  |TAMS 0x00000000c4800000, 0x00000000c4800000| Untracked 
|  51|0x00000000c4900000, 0x00000000c4900000, 0x00000000c4a00000|  0%| F|  |TAMS 0x00000000c4900000, 0x00000000c4900000| Untracked 
|  52|0x00000000c4a00000, 0x00000000c4a00000, 0x00000000c4b00000|  0%| F|  |TAMS 0x00000000c4a00000, 0x00000000c4a00000| Untracked 
|  53|0x00000000c4b00000, 0x00000000c4b00000, 0x00000000c4c00000|  0%| F|  |TAMS 0x00000000c4b00000, 0x00000000c4b00000| Untracked 
|  54|0x00000000c4c00000, 0x00000000c4c00000, 0x00000000c4d00000|  0%| F|  |TAMS 0x00000000c4c00000, 0x00000000c4c00000| Untracked 
|  55|0x00000000c4d00000, 0x00000000c4d00000, 0x00000000c4e00000|  0%| F|  |TAMS 0x00000000c4d00000, 0x00000000c4d00000| Untracked 
|  56|0x00000000c4e00000, 0x00000000c4e00000, 0x00000000c4f00000|  0%| F|  |TAMS 0x00000000c4e00000, 0x00000000c4e00000| Untracked 
|  57|0x00000000c4f00000, 0x00000000c4f00000, 0x00000000c5000000|  0%| F|  |TAMS 0x00000000c4f00000, 0x00000000c4f00000| Untracked 
|  58|0x00000000c5000000, 0x00000000c5000000, 0x00000000c5100000|  0%| F|  |TAMS 0x00000000c5000000, 0x00000000c5000000| Untracked 
|  59|0x00000000c5100000, 0x00000000c5100000, 0x00000000c5200000|  0%| F|  |TAMS 0x00000000c5100000, 0x00000000c5100000| Untracked 
|  60|0x00000000c5200000, 0x00000000c5200000, 0x00000000c5300000|  0%| F|  |TAMS 0x00000000c5200000, 0x00000000c5200000| Untracked 
|  61|0x00000000c5300000, 0x00000000c5300000, 0x00000000c5400000|  0%| F|  |TAMS 0x00000000c5300000, 0x00000000c5300000| Untracked 
|  62|0x00000000c5400000, 0x00000000c5400000, 0x00000000c5500000|  0%| F|  |TAMS 0x00000000c5400000, 0x00000000c5400000| Untracked 
|  63|0x00000000c5500000, 0x00000000c5585318, 0x00000000c5600000| 52%| E|  |TAMS 0x00000000c5500000, 0x00000000c5500000| Complete 

Card table byte_map: [0x0000018fee200000,0x0000018fee400000] _byte_map_base: 0x0000018fedbf5000

Marking Bits (Prev, Next): (CMBitMap*) 0x0000018fdb97eef0, (CMBitMap*) 0x0000018fdb97ef30
 Prev Bits: [0x0000018fee600000, 0x0000018fef5a8000)
 Next Bits: [0x0000018fef5b0000, 0x0000018ff0558000)

Polling page: 0x0000018fdb110000

Metaspace:

Usage:
  Non-class:      2.56 MB used.
      Class:    212.08 KB used.
       Both:      2.77 MB used.

Virtual space:
  Non-class space:       64.00 MB reserved,       2.56 MB (  4%) committed,  1 nodes.
      Class space:        1.00 GB reserved,     256.00 KB ( <1%) committed,  1 nodes.
             Both:        1.06 GB reserved,       2.81 MB ( <1%) committed. 

Chunk freelists:
   Non-Class:  12.00 MB
       Class:  15.75 MB
        Both:  27.75 MB

MaxMetaspaceSize: unlimited
CompressedClassSpaceSize: 1.00 GB
Initial GC threshold: 21.00 MB
Current GC threshold: 21.00 MB
CDS: off
MetaspaceReclaimPolicy: balanced
 - commit_granule_bytes: 65536.
 - commit_granule_words: 8192.
 - virtual_space_node_default_size: 8388608.
 - enlarge_chunks_in_place: 1.
 - new_chunks_are_fully_committed: 0.
 - uncommit_free_chunks: 1.
 - use_allocation_guard: 0.
 - handle_deallocations: 1.


Internal statistics:

num_allocs_failed_limit: 0.
num_arena_births: 2.
num_arena_deaths: 0.
num_vsnodes_births: 2.
num_vsnodes_deaths: 0.
num_space_committed: 45.
num_space_uncommitted: 0.
num_chunks_returned_to_freelist: 0.
num_chunks_taken_from_freelist: 3.
num_chunk_merges: 0.
num_chunk_splits: 2.
num_chunks_enlarged: 0.
num_inconsistent_stats: 0.

CodeHeap 'non-profiled nmethods': size=120000Kb used=0Kb max_used=0Kb free=120000Kb
 bounds [0x0000018fe6ad0000, 0x0000018fe6d40000, 0x0000018fee000000]
CodeHeap 'profiled nmethods': size=120000Kb used=0Kb max_used=0Kb free=120000Kb
 bounds [0x0000018fdf000000, 0x0000018fdf270000, 0x0000018fe6530000]
CodeHeap 'non-nmethods': size=5760Kb used=1017Kb max_used=1030Kb free=4742Kb
 bounds [0x0000018fe6530000, 0x0000018fe67a0000, 0x0000018fe6ad0000]
 total_blobs=270 nmethods=0 adapters=184
 compilation: enabled
              stopped_count=0, restarted_count=0
 full_count=0

Compilation events (0 events):
No events

GC Heap History (0 events):
No events

Dll operation events (1 events):
Event: 0.215 Loaded shared library E:\Software\sts-4.19.1.RELEASE\plugins\org.eclipse.justj.openjdk.hotspot.jre.full.win32.x86_64_17.0.7.v20230425-1502\jre\bin\java.dll

Deoptimization events (0 events):
No events

Classes unloaded (0 events):
No events

Classes redefined (0 events):
No events

Internal exceptions (0 events):
No events

VM Operations (0 events):
No events

Events (20 events):
Event: 0.764 loading class java/lang/module/ModuleDescriptor$1 done
Event: 0.764 loading class java/io/File
Event: 0.765 loading class java/io/File done
Event: 0.765 loading class java/io/DefaultFileSystem
Event: 0.765 loading class java/io/DefaultFileSystem done
Event: 0.765 loading class java/io/WinNTFileSystem
Event: 0.765 loading class java/io/FileSystem
Event: 0.766 loading class java/io/FileSystem done
Event: 0.766 loading class java/io/WinNTFileSystem done
Event: 0.766 loading class jdk/internal/module/ModulePatcher
Event: 0.767 loading class jdk/internal/module/ModulePatcher done
Event: 0.767 loading class jdk/internal/module/ModuleBootstrap$Counters
Event: 0.767 loading class jdk/internal/module/ModuleBootstrap$Counters done
Event: 0.767 loading class jdk/internal/module/ArchivedBootLayer
Event: 0.767 loading class jdk/internal/module/ArchivedBootLayer done
Event: 0.767 loading class jdk/internal/module/ArchivedModuleGraph
Event: 0.767 loading class jdk/internal/module/ArchivedModuleGraph done
Event: 0.767 loading class jdk/internal/module/SystemModuleFinders
Event: 0.768 loading class jdk/internal/module/SystemModuleFinders done
Event: 0.768 loading class java/net/URI


Dynamic libraries:
0x00007ff7dd740000 - 0x00007ff7dd74e000 	E:\Software\sts-4.19.1.RELEASE\plugins\org.eclipse.justj.openjdk.hotspot.jre.full.win32.x86_64_17.0.7.v20230425-1502\jre\bin\java.exe
0x00007fffd5810000 - 0x00007fffd5a09000 	C:\WINDOWS\SYSTEM32\ntdll.dll
0x00007fffd5480000 - 0x00007fffd5542000 	C:\WINDOWS\System32\KERNEL32.DLL
0x00007fffd2e80000 - 0x00007fffd3177000 	C:\WINDOWS\System32\KERNELBASE.dll
0x00007fffd3310000 - 0x00007fffd3410000 	C:\WINDOWS\System32\ucrtbase.dll
0x00007fffcd7f0000 - 0x00007fffcd809000 	E:\Software\sts-4.19.1.RELEASE\plugins\org.eclipse.justj.openjdk.hotspot.jre.full.win32.x86_64_17.0.7.v20230425-1502\jre\bin\VCRUNTIME140.dll
0x00007fffccd70000 - 0x00007fffccd87000 	E:\Software\sts-4.19.1.RELEASE\plugins\org.eclipse.justj.openjdk.hotspot.jre.full.win32.x86_64_17.0.7.v20230425-1502\jre\bin\jli.dll
0x00007fffd52e0000 - 0x00007fffd547d000 	C:\WINDOWS\System32\USER32.dll
0x00007fffd3180000 - 0x00007fffd31a2000 	C:\WINDOWS\System32\win32u.dll
0x00007fffbbca0000 - 0x00007fffbbf3b000 	C:\WINDOWS\WinSxS\amd64_microsoft.windows.common-controls_6595b64144ccf1df_6.0.19041.7663_none_60b9ed0b71f50c93\COMCTL32.dll
0x00007fffd5550000 - 0x00007fffd557b000 	C:\WINDOWS\System32\GDI32.dll
0x00007fffd4ac0000 - 0x00007fffd4b5e000 	C:\WINDOWS\System32\msvcrt.dll
0x00007fffd3660000 - 0x00007fffd377a000 	C:\WINDOWS\System32\gdi32full.dll
0x00007fffd3410000 - 0x00007fffd34ad000 	C:\WINDOWS\System32\msvcp_win.dll
0x00007fffd4c90000 - 0x00007fffd4cbf000 	C:\WINDOWS\System32\IMM32.DLL
0x00007fffcd7e0000 - 0x00007fffcd7ec000 	E:\Software\sts-4.19.1.RELEASE\plugins\org.eclipse.justj.openjdk.hotspot.jre.full.win32.x86_64_17.0.7.v20230425-1502\jre\bin\vcruntime140_1.dll
0x00007fffc0170000 - 0x00007fffc0201000 	E:\Software\sts-4.19.1.RELEASE\plugins\org.eclipse.justj.openjdk.hotspot.jre.full.win32.x86_64_17.0.7.v20230425-1502\jre\bin\msvcp140.dll
0x00007fff93e10000 - 0x00007fff94a58000 	E:\Software\sts-4.19.1.RELEASE\plugins\org.eclipse.justj.openjdk.hotspot.jre.full.win32.x86_64_17.0.7.v20230425-1502\jre\bin\server\jvm.dll
0x00007fffd4a00000 - 0x00007fffd4ab2000 	C:\WINDOWS\System32\ADVAPI32.dll
0x00007fffd39f0000 - 0x00007fffd3a90000 	C:\WINDOWS\System32\sechost.dll
0x00007fffd4d90000 - 0x00007fffd4eb6000 	C:\WINDOWS\System32\RPCRT4.dll
0x00007fffd34b0000 - 0x00007fffd34d7000 	C:\WINDOWS\System32\bcrypt.dll
0x00007fffcd520000 - 0x00007fffcd529000 	C:\WINDOWS\SYSTEM32\WSOCK32.dll
0x00007fffbf4b0000 - 0x00007fffbf4d7000 	C:\WINDOWS\SYSTEM32\WINMM.dll
0x00007fffc0dc0000 - 0x00007fffc0dca000 	C:\WINDOWS\SYSTEM32\VERSION.dll
0x00007fffd5760000 - 0x00007fffd57cb000 	C:\WINDOWS\System32\WS2_32.dll
0x00007fffd1650000 - 0x00007fffd1662000 	C:\WINDOWS\SYSTEM32\kernel.appcore.dll
0x00007fffcd160000 - 0x00007fffcd16a000 	E:\Software\sts-4.19.1.RELEASE\plugins\org.eclipse.justj.openjdk.hotspot.jre.full.win32.x86_64_17.0.7.v20230425-1502\jre\bin\jimage.dll
0x00007fffd0b70000 - 0x00007fffd0d71000 	C:\WINDOWS\SYSTEM32\DBGHELP.DLL
0x00007fffb18c0000 - 0x00007fffb18f4000 	C:\WINDOWS\SYSTEM32\dbgcore.DLL
0x00007fffd3780000 - 0x00007fffd3802000 	C:\WINDOWS\System32\bcryptPrimitives.dll
0x00007fffcced0000 - 0x00007fffccef5000 	E:\Software\sts-4.19.1.RELEASE\plugins\org.eclipse.justj.openjdk.hotspot.jre.full.win32.x86_64_17.0.7.v20230425-1502\jre\bin\java.dll
0x00007fffcb380000 - 0x00007fffcb398000 	E:\Software\sts-4.19.1.RELEASE\plugins\org.eclipse.justj.openjdk.hotspot.jre.full.win32.x86_64_17.0.7.v20230425-1502\jre\bin\zip.dll
0x00007fffd41f0000 - 0x00007fffd4961000 	C:\WINDOWS\System32\SHELL32.dll
0x00007fffd0e90000 - 0x00007fffd163c000 	C:\WINDOWS\SYSTEM32\windows.storage.dll
0x00007fffd4f20000 - 0x00007fffd5273000 	C:\WINDOWS\System32\combase.dll
0x00007fffd26f0000 - 0x00007fffd271b000 	C:\WINDOWS\SYSTEM32\Wldp.dll
0x00007fffd3f00000 - 0x00007fffd3fd6000 	C:\WINDOWS\System32\OLEAUT32.dll
0x00007fffd3810000 - 0x00007fffd38bd000 	C:\WINDOWS\System32\SHCORE.dll
0x00007fffd5620000 - 0x00007fffd567b000 	C:\WINDOWS\System32\shlwapi.dll
0x00007fffd2db0000 - 0x00007fffd2dd5000 	C:\WINDOWS\SYSTEM32\profapi.dll

dbghelp: loaded successfully - version: 4.0.5 - missing functions: none
symbol engine: initialized successfully - sym options: 0x614 - pdb path: .;E:\Software\sts-4.19.1.RELEASE\plugins\org.eclipse.justj.openjdk.hotspot.jre.full.win32.x86_64_17.0.7.v20230425-1502\jre\bin;C:\WINDOWS\SYSTEM32;C:\WINDOWS\WinSxS\amd64_microsoft.windows.common-controls_6595b64144ccf1df_6.0.19041.7663_none_60b9ed0b71f50c93;E:\Software\sts-4.19.1.RELEASE\plugins\org.eclipse.justj.openjdk.hotspot.jre.full.win32.x86_64_17.0.7.v20230425-1502\jre\bin\server

VM Arguments:
java_command: C:\Users\KAUSAL\AppData\Local\Temp\surefire8197882526824971182\surefirebooter-20260903015027595_3.jar C:\Users\KAUSAL\AppData\Local\Temp\surefire8197882526824971182 2026-09-03T01-50-26_684-jvmRun1 surefire-20260903015027595_1tmp surefire_0-20260903015027595_2tmp
java_class_path (initial): C:\Users\KAUSAL\AppData\Local\Temp\surefire8197882526824971182\surefirebooter-20260903015027595_3.jar
Launcher Type: SUN_STANDARD

[Global flags]
     intx CICompilerCount                          = 3                                         {product} {ergonomic}
     uint ConcGCThreads                            = 1                                         {product} {ergonomic}
     uint G1ConcRefinementThreads                  = 4                                         {product} {ergonomic}
   size_t G1HeapRegionSize                         = 1048576                                   {product} {ergonomic}
    uintx GCDrainStackTargetSize                   = 64                                        {product} {ergonomic}
   size_t InitialHeapSize                          = 67108864                                  {product} {ergonomic}
   size_t MarkStackSize                            = 4194304                                   {product} {ergonomic}
   size_t MaxHeapSize                              = 1050673152                                {product} {ergonomic}
   size_t MaxNewSize                               = 630194176                                 {product} {ergonomic}
   size_t MinHeapDeltaBytes                        = 1048576                                   {product} {ergonomic}
   size_t MinHeapSize                              = 8388608                                   {product} {ergonomic}
    uintx NonNMethodCodeHeapSize                   = 5832780                                {pd product} {ergonomic}
    uintx NonProfiledCodeHeapSize                  = 122912730                              {pd product} {ergonomic}
    uintx ProfiledCodeHeapSize                     = 122912730                              {pd product} {ergonomic}
    uintx ReservedCodeCacheSize                    = 251658240                              {pd product} {ergonomic}
     bool SegmentedCodeCache                       = true                                      {product} {ergonomic}
   size_t SoftMaxHeapSize                          = 1050673152                             {manageable} {ergonomic}
     bool UseCompressedClassPointers               = true                           {product lp64_product} {ergonomic}
     bool UseCompressedOops                        = true                           {product lp64_product} {ergonomic}
     bool UseG1GC                                  = true                                      {product} {ergonomic}
     bool UseLargePagesIndividualAllocation        = false                                  {pd product} {ergonomic}

Logging:
Log output configuration:
 #0: stdout all=warning uptime,level,tags
 #1: stderr all=off uptime,level,tags

Environment Variables:
JAVA_HOME=C:\Program Files\Java\jdk-17
PATH=E:/Software/sts-4.19.1.RELEASE//plugins/org.eclipse.justj.openjdk.hotspot.jre.full.win32.x86_64_17.0.7.v20230425-1502/jre/bin/server;E:/Software/sts-4.19.1.RELEASE//plugins/org.eclipse.justj.openjdk.hotspot.jre.full.win32.x86_64_17.0.7.v20230425-1502/jre/bin;C:\Program Files\Common Files\Oracle\Java\javapath;C:\WINDOWS\system32;C:\WINDOWS;C:\WINDOWS\System32\Wbem;C:\WINDOWS\System32\WindowsPowerShell\v1.0\;C:\WINDOWS\System32\OpenSSH\;C:\Program Files\nodejs\;C:\Program Files\Git\cmd;C:\Program Files\MySQL\MySQL Server 8.0\bin;E:\apache-maven\bin;C:\Program Files\Eclipse Adoptium\jdk-17.0.19.10-hotspot\bin;C:\Program Files\MySQL\MySQL Shell 8.0\bin\;C:\Users\KAUSAL\AppData\Local\Microsoft\WindowsApps;C:\Users\KAUSAL\AppData\Roaming\npm;C:\Users\KAUSAL\AppData\Local\Programs\Microsoft VS Code\bin;C:\Users\KAUSAL\AppData\Local\Programs\DockerDesktop\resources\bin;E:\Software\sts-4.19.1.RELEASE;
USERNAME=KAUSAL
OS=Windows_NT
PROCESSOR_IDENTIFIER=Intel64 Family 6 Model 78 Stepping 3, GenuineIntel
TMP=C:\Users\KAUSAL\AppData\Local\Temp
TEMP=C:\Users\KAUSAL\AppData\Local\Temp



---------------  S Y S T E M  ---------------

OS:
 Windows 10 , 64 bit Build 19041 (10.0.19041.7663)
OS uptime: 0 days 19:21 hours
Hyper-V role detected

CPU: total 4 (initial active 4) (2 cores per cpu, 2 threads per core) family 6 model 78 stepping 3 microcode 0xf0, cx8, cmov, fxsr, ht, mmx, 3dnowpref, sse, sse2, sse3, ssse3, sse4.1, sse4.2, popcnt, lzcnt, tsc, tscinvbit, avx, avx2, aes, erms, clmul, bmi1, bmi2, adx, fma, vzeroupper, clflush, clflushopt, hv

Memory: 4k page, system-wide physical 4002M (228M free)
TotalPageFile size 12194M (AvailPageFile size 0M)
current process WorkingSet (physical memory assigned to process): 23M, peak: 23M
current process commit charge ("private bytes"): 124M, peak: 124M

vm_info: OpenJDK 64-Bit Server VM (17.0.7+7) for windows-amd64 JRE (17.0.7+7), built on Apr 18 2023 22:10:42 by "temurin" with MS VC++ 16.7 (VS2019)

END.
